<html>
<body>
<pre>
<h1>µVision Build Log</h1>
<h2>Tool Versions:</h2>
IDE-Version: µVision V5.35.0.0
Copyright (C) 2021 ARM Ltd and ARM Germany GmbH. All rights reserved.
License Information: Gian Franco Lasala, Universidad Nacional de La Plata, LIC=----
 
Tool Versions:
Toolchain:       MDK-Lite  Version: 5.35.0.2
Toolchain Path:  C:\Keil_v5\ARM\ARMCLANG\Bin
C Compiler:      ArmClang.exe V6.16
Assembler:       Armasm.exe V6.16
Linker/Locator:  ArmLink.exe V6.16
Library Manager: ArmAr.exe V6.16
Hex Converter:   FromElf.exe V6.16
CPU DLL:         SARMCM3.DLL V5.35.0.2
Dialog DLL:      DARMSTM.DLL V1.68.0.0
Target DLL:      UL2CM3.DLL V1.164.0.0
Dialog DLL:      TCM.DLL V1.53.0.0
 
<h2>Project:</h2>
C:\Users\gianf\Desktop\TPI_TP03\keil\TP03_LCR-Meter.uvprojx
Project File Date:  10/29/2021

<h2>Output:</h2>
*** Using Compiler 'V6.16', folder: 'C:\Keil_v5\ARM\ARMCLANG\Bin'
Rebuild target 'Target 1'
compiling data_manager.c...
../bin/lrc_meter.c(4): warning: no previous extern declaration for non-static variable 'result' [-Wmissing-variable-declarations]
volatile uint32_t result;
                  ^
../bin/lrc_meter.c(4): note: declare 'static' if the variable is not intended to be used outside of this translation unit
volatile uint32_t result;
         ^
1 warning generated.
compiling lrc_meter.c...
../bin/lcd.c(15): warning: implicit conversion changes signedness: 'int' to 'unsigned int' [-Wsign-conversion]
        LCDPORT->ODR &= ~(1<<LCD_D0 | 1<<LCD_D1 | 1<<LCD_D2 | 1<<LCD_D3 | 1<<LCD_D4 | 1<<LCD_D5 | 1<<LCD_D6 | 1<<LCD_D7 | 1<<LCD_RW | 1<<LCD_RS | 1<<LCD_E);
                     ~~ ^~~~~~~~~~~~~~~~~~~~~~~~~~~~~~~~~~~~~~~~~~~~~~~~~~~~~~~~~~~~~~~~~~~~~~~~~~~~~~~~~~~~~~~~~~~~~~~~~~~~~~~~~~~~~~~~~~~~~~~~~~~~~~~~~~~
../bin/lcd.c(17): warning: signed shift result (0xC0000000) sets the sign bit of the shift expression's type ('int') and becomes negative [-Wshift-sign-overflow]
        LCDPORT->CRH &= ~(12<<(LCD_D0-8)*4 | 12<<(LCD_D1-8)*4 | 12<<(LCD_D2-8)*4 | 12<<(LCD_D3-8)*4 | 12<<(LCD_D4-8)*4 | 12<<(LCD_D5-8)*4 | 12<<(LCD_D6-8)*4 | 12<<(LCD_D7-8)*4);
                                                                                                                                                               ~~^ ~~~~~~~~~~~~
../bin/lcd.c(19): warning: signed shift result (0xC0000000) sets the sign bit of the shift expression's type ('int') and becomes negative [-Wshift-sign-overflow]
        LCDPORT->CRL &= ~(12<<LCD_RW*4 | 12<<LCD_RS*4 | 12<<LCD_E*4);
                                         ~~^ ~~~~~~~~
../bin/lcd.c(30): warning: implicit conversion changes signedness: 'int' to 'unsigned int' [-Wsign-conversion]
        LCDPORT->ODR &= ~(1<<LCD_RS);
                     ~~ ^~~~~~~~~~~~
../bin/lcd.c(31): warning: implicit conversion changes signedness: 'int' to 'unsigned int' [-Wsign-conversion]
        LCDPORT->ODR |= cmd<<8;
                     ~~ ~~~^~~
../bin/lcd.c(35): warning: implicit conversion changes signedness: 'int' to 'unsigned int' [-Wsign-conversion]
        LCDPORT->ODR &= ~(1<<LCD_E);
                     ~~ ^~~~~~~~~~~
../bin/lcd.c(44): warning: implicit conversion changes signedness: 'int' to 'unsigned int' [-Wsign-conversion]
        LCDPORT->ODR |= c<<8;
                     ~~ ~^~~
../bin/lcd.c(48): warning: implicit conversion changes signedness: 'int' to 'unsigned int' [-Wsign-conversion]
        LCDPORT->ODR &= ~(1<<LCD_E);
                     ~~ ^~~~~~~~~~~
../bin/lcd.c(50): warning: implicit conversion changes signedness: 'int' to 'unsigned int' [-Wsign-conversion]
        LCDPORT->ODR &= ~(1<<LCD_RS);
                     ~~ ^~~~~~~~~~~~
9 warnings generated.
compiling lcd.c...
../bin/main.c(1): warning: In file included from...
../bin/main.h(5): warning: In file included from...
../bin/flags.h(7): warning: no previous extern declaration for non-static variable 'Flag_LRC' [-Wmissing-variable-declarations]
uint8_t Flag_LRC;
        ^
../bin/flags.h(7): note: declare 'static' if the variable is not intended to be used outside of this translation unit
uint8_t Flag_LRC;
^
../bin/flags.h(8): warning: no previous extern declaration for non-static variable 'Flag_RC' [-Wmissing-variable-declarations]
uint8_t Flag_RC;
        ^
../bin/flags.h(8): note: declare 'static' if the variable is not intended to be used outside of this translation unit
uint8_t Flag_RC;
^
../bin/flags.h(9): warning: no previous extern declaration for non-static variable 'Flag_write' [-Wmissing-variable-declarations]
uint8_t Flag_write;
        ^
../bin/flags.h(9): note: declare 'static' if the variable is not intended to be used outside of this translation unit
uint8_t Flag_write;
^
3 warnings generated.
compiling main.c...
../bin/rc_meter.c(3): warning: no previous extern declaration for non-static variable 'adc_result' [-Wmissing-variable-declarations]
volatile uint32_t adc_result;
                  ^
../bin/rc_meter.c(3): note: declare 'static' if the variable is not intended to be used outside of this translation unit
volatile uint32_t adc_result;
         ^
1 warning generated.
compiling rc_meter.c...
../bin/seos.c(12): warning: no previous prototype for function 'SysTick_Handler' [-Wmissing-prototypes]
void SysTick_Handler(void) {
     ^
../bin/seos.c(12): note: declare 'static' if the function is not intended to be used outside of this translation unit
void SysTick_Handler(void) {
^
static 
1 warning generated.
compiling seos.c...
compiling timer.c...
compiling retarget_io.c...
assembling startup_stm32f10x_ld.s...
RTE/Device/STM32F103C6/system_stm32f10x.c(167): warning: no previous extern declaration for non-static variable 'AHBPrescTable' [-Wmissing-variable-declarations]
__I uint8_t AHBPrescTable[16] = {0, 0, 0, 0, 0, 0, 0, 0, 1, 2, 3, 4, 6, 7, 8, 9};
            ^
RTE/Device/STM32F103C6/system_stm32f10x.c(167): note: declare 'static' if the variable is not intended to be used outside of this translation unit
__I uint8_t AHBPrescTable[16] = {0, 0, 0, 0, 0, 0, 0, 0, 1, 2, 3, 4, 6, 7, 8, 9};
    ^
1 warning generated.
compiling system_stm32f10x.c...
linking...
Program Size: Code=4462 RO-data=294 RW-data=16 ZI-data=1904  
FromELF: creating hex file...
".\Objects\TP03_LCR-Meter.axf" - 0 Error(s), 16 Warning(s).

<h2>Software Packages used:</h2>

Package Vendor: ARM
                http://www.keil.com/pack/ARM.CMSIS.5.8.0.pack
                ARM.CMSIS.5.8.0
                CMSIS (Common Microcontroller Software Interface Standard)
   * Component: CORE Version: 5.5.0

Package Vendor: Keil
                http://www.keil.com/pack/Keil.ARM_Compiler.1.6.3.pack
                Keil.ARM_Compiler.1.6.3
                Keil ARM Compiler extensions for ARM Compiler 5 and ARM Compiler 6
   * Component: STDERR Variant: ITM Version: 1.2.0
   * Component: STDIN Variant: ITM Version: 1.2.0
   * Component: STDOUT Variant: ITM Version: 1.2.0

Package Vendor: Keil
                http://www.keil.com/pack/Keil.STM32F1xx_DFP.2.3.0.pack
                Keil.STM32F1xx_DFP.2.3.0
                STMicroelectronics STM32F1 Series Device Support, Drivers and Examples
   * Component: Startup Version: 1.0.0

<h2>Collection of Component include folders:</h2>
  .\RTE\Device\STM32F103C6
  .\RTE\_Target_1
  C:\Users\gianf\AppData\Local\Arm\Packs\ARM\CMSIS\5.8.0\CMSIS\Core\Include
  C:\Users\gianf\AppData\Local\Arm\Packs\Keil\STM32F1xx_DFP\2.3.0\Device\Include

<h2>Collection of Component Files used:</h2>

   * Component: ARM::CMSIS:CORE:5.5.0

   * Component: Keil.ARM Compiler::Compiler:I/O:STDERR:ITM:1.2.0
      Source file:   Source\retarget_io.c

   * Component: Keil.ARM Compiler::Compiler:I/O:STDIN:ITM:1.2.0
      Source file:   Source\retarget_io.c

   * Component: Keil.ARM Compiler::Compiler:I/O:STDOUT:ITM:1.2.0
      Source file:   Source\retarget_io.c

   * Component: Keil::Device:Startup:1.0.0
      Source file:   Device\Source\ARM\startup_stm32f10x_ld.s
      Include file:  RTE_Driver\Config\RTE_Device.h
      Source file:   Device\Source\ARM\STM32F1xx_OPT.s
      Source file:   Device\Source\system_stm32f10x.c
Build Time Elapsed:  00:00:01
</pre>
</body>
</html>
