<html>
<body>
<pre>
<h1>µVision Build Log</h1>
<h2>Tool Versions:</h2>
IDE-Version: µVision V5.35.0.0
Copyright (C) 2021 ARM Ltd and ARM Germany GmbH. All rights reserved.
License Information: Gian Franco Lasala, Universidad Nacional de La Plata, LIC=----
 
Tool Versions:
Toolchain:       MDK-Lite  Version: 5.35.0.2
Toolchain Path:  C:\Keil_v5\ARM\ARMCLANG\Bin
C Compiler:      ArmClang.exe V6.16
Assembler:       Armasm.exe V6.16
Linker/Locator:  ArmLink.exe V6.16
Library Manager: ArmAr.exe V6.16
Hex Converter:   FromElf.exe V6.16
CPU DLL:         SARMCM3.DLL V5.35.0.2
Dialog DLL:      DARMSTM.DLL V1.68.0.0
Target DLL:      UL2CM3.DLL V1.164.0.0
Dialog DLL:      TCM.DLL V1.53.0.0
 
<h2>Project:</h2>
E:\My Drive\4_TPI\workspace\pruebaRC_LRC\prueba_crlrc.uvprojx
Project File Date:  11/04/2021

<h2>Output:</h2>
*** Using Compiler 'V6.16', folder: 'C:\Keil_v5\ARM\ARMCLANG\Bin'
Rebuild target 'Target 1'
usart.c(1): warning: ISO C requires a translation unit to contain at least one declaration [-Wempty-translation-unit]
1 warning generated.
compiling usart.c...
compiling retarget_io.c...
compiling main.c...
assembling startup_stm32f10x_ld.s...
RTE/Device/STM32F103C6/system_stm32f10x.c(167): warning: no previous extern declaration for non-static variable 'AHBPrescTable' [-Wmissing-variable-declarations]
__I uint8_t AHBPrescTable[16] = {0, 0, 0, 0, 0, 0, 0, 0, 1, 2, 3, 4, 6, 7, 8, 9};
            ^
RTE/Device/STM32F103C6/system_stm32f10x.c(167): note: declare 'static' if the variable is not intended to be used outside of this translation unit
__I uint8_t AHBPrescTable[16] = {0, 0, 0, 0, 0, 0, 0, 0, 1, 2, 3, 4, 6, 7, 8, 9};
    ^
1 warning generated.
compiling system_stm32f10x.c...
linking...
Program Size: Code=1628 RO-data=252 RW-data=0 ZI-data=1640  
FromELF: creating hex file...
".\Objects\prueba_crlrc.axf" - 0 Error(s), 2 Warning(s).

<h2>Software Packages used:</h2>

Package Vendor: ARM
                http://www.keil.com/pack/ARM.CMSIS.5.8.0.pack
                ARM.CMSIS.5.8.0
                CMSIS (Common Microcontroller Software Interface Standard)
   * Component: CORE Version: 5.5.0

Package Vendor: Keil
                http://www.keil.com/pack/Keil.ARM_Compiler.1.6.3.pack
                Keil.ARM_Compiler.1.6.3
                Keil ARM Compiler extensions for ARM Compiler 5 and ARM Compiler 6
   * Component: STDERR Variant: ITM Version: 1.2.0
   * Component: STDIN Variant: ITM Version: 1.2.0
   * Component: STDOUT Variant: ITM Version: 1.2.0

Package Vendor: Keil
                http://www.keil.com/pack/Keil.STM32F1xx_DFP.2.3.0.pack
                Keil.STM32F1xx_DFP.2.3.0
                STMicroelectronics STM32F1 Series Device Support, Drivers and Examples
   * Component: Startup Version: 1.0.0

<h2>Collection of Component include folders:</h2>
  .\RTE\Device\STM32F103C6
  .\RTE\_Target_1
  C:\Users\gianf\AppData\Local\Arm\Packs\ARM\CMSIS\5.8.0\CMSIS\Core\Include
  C:\Users\gianf\AppData\Local\Arm\Packs\Keil\STM32F1xx_DFP\2.3.0\Device\Include

<h2>Collection of Component Files used:</h2>

   * Component: ARM::CMSIS:CORE:5.5.0

   * Component: Keil.ARM Compiler::Compiler:I/O:STDERR:ITM:1.2.0
      Source file:   Source\retarget_io.c

   * Component: Keil.ARM Compiler::Compiler:I/O:STDIN:ITM:1.2.0
      Source file:   Source\retarget_io.c

   * Component: Keil.ARM Compiler::Compiler:I/O:STDOUT:ITM:1.2.0
      Source file:   Source\retarget_io.c

   * Component: Keil::Device:Startup:1.0.0
      Include file:  RTE_Driver\Config\RTE_Device.h
      Source file:   Device\Source\ARM\STM32F1xx_OPT.s
      Source file:   Device\Source\ARM\startup_stm32f10x_ld.s
      Source file:   Device\Source\system_stm32f10x.c
Build Time Elapsed:  00:00:02
</pre>
</body>
</html>
