Component: ARM Compiler 6.16 Tool: armlink [5dfeaa00]

==============================================================================

Section Cross References

    main.o(.text) refers (Special) to _printf_d.o(.ARM.Collect$$_printf_percent$$00000009) for _printf_d
    main.o(.text) refers (Special) to _printf_dec.o(.text) for _printf_int_dec
    main.o(.text) refers (Special) to _printf_percent.o(.ARM.Collect$$_printf_percent$$00000000) for _printf_percent
    main.o(.text.main) refers (Special) to _printf_d.o(.ARM.Collect$$_printf_percent$$00000009) for _printf_d
    main.o(.text.main) refers (Special) to _printf_dec.o(.text) for _printf_int_dec
    main.o(.text.main) refers (Special) to _printf_percent.o(.ARM.Collect$$_printf_percent$$00000000) for _printf_percent
    main.o(.text.main) refers to main.o(.text.RCC_Init) for RCC_Init
    main.o(.text.main) refers to main.o(.text.GPIO_Init) for GPIO_Init
    main.o(.text.main) refers to main.o(.text.USART_Init) for USART_Init
    main.o(.text.main) refers to main.o(.text.TIM2_Init) for TIM2_Init
    main.o(.text.main) refers to main.o(.text.TIM3_Init) for TIM3_Init
    main.o(.text.main) refers to main.o(.text.ADC1_Init) for ADC1_Init
    main.o(.text.main) refers to main.o(.text.ADC1_StartConversion) for ADC1_StartConversion
    main.o(.text.main) refers to main.o(.text.TIM2_StartCountingUp) for TIM2_StartCountingUp
    main.o(.text.main) refers to main.o(.bss.adcResult) for adcResult
    main.o(.text.main) refers to main.o(.text.TIM3_Delay_ms) for TIM3_Delay_ms
    main.o(.text.main) refers to main.o(.text.USART_SendStr) for USART_SendStr
    main.o(.text.main) refers to main.o(.text.USART_SendInt) for USART_SendInt
    main.o(.ARM.exidx.text.main) refers (Special) to _printf_d.o(.ARM.Collect$$_printf_percent$$00000009) for _printf_d
    main.o(.ARM.exidx.text.main) refers (Special) to _printf_dec.o(.text) for _printf_int_dec
    main.o(.ARM.exidx.text.main) refers (Special) to _printf_percent.o(.ARM.Collect$$_printf_percent$$00000000) for _printf_percent
    main.o(.ARM.exidx.text.main) refers to main.o(.text.main) for [Anonymous Symbol]
    main.o(.text.RCC_Init) refers (Special) to _printf_d.o(.ARM.Collect$$_printf_percent$$00000009) for _printf_d
    main.o(.text.RCC_Init) refers (Special) to _printf_dec.o(.text) for _printf_int_dec
    main.o(.text.RCC_Init) refers (Special) to _printf_percent.o(.ARM.Collect$$_printf_percent$$00000000) for _printf_percent
    main.o(.ARM.exidx.text.RCC_Init) refers (Special) to _printf_d.o(.ARM.Collect$$_printf_percent$$00000009) for _printf_d
    main.o(.ARM.exidx.text.RCC_Init) refers (Special) to _printf_dec.o(.text) for _printf_int_dec
    main.o(.ARM.exidx.text.RCC_Init) refers (Special) to _printf_percent.o(.ARM.Collect$$_printf_percent$$00000000) for _printf_percent
    main.o(.ARM.exidx.text.RCC_Init) refers to main.o(.text.RCC_Init) for [Anonymous Symbol]
    main.o(.text.GPIO_Init) refers (Special) to _printf_d.o(.ARM.Collect$$_printf_percent$$00000009) for _printf_d
    main.o(.text.GPIO_Init) refers (Special) to _printf_dec.o(.text) for _printf_int_dec
    main.o(.text.GPIO_Init) refers (Special) to _printf_percent.o(.ARM.Collect$$_printf_percent$$00000000) for _printf_percent
    main.o(.ARM.exidx.text.GPIO_Init) refers (Special) to _printf_d.o(.ARM.Collect$$_printf_percent$$00000009) for _printf_d
    main.o(.ARM.exidx.text.GPIO_Init) refers (Special) to _printf_dec.o(.text) for _printf_int_dec
    main.o(.ARM.exidx.text.GPIO_Init) refers (Special) to _printf_percent.o(.ARM.Collect$$_printf_percent$$00000000) for _printf_percent
    main.o(.ARM.exidx.text.GPIO_Init) refers to main.o(.text.GPIO_Init) for [Anonymous Symbol]
    main.o(.text.USART_Init) refers (Special) to _printf_d.o(.ARM.Collect$$_printf_percent$$00000009) for _printf_d
    main.o(.text.USART_Init) refers (Special) to _printf_dec.o(.text) for _printf_int_dec
    main.o(.text.USART_Init) refers (Special) to _printf_percent.o(.ARM.Collect$$_printf_percent$$00000000) for _printf_percent
    main.o(.ARM.exidx.text.USART_Init) refers (Special) to _printf_d.o(.ARM.Collect$$_printf_percent$$00000009) for _printf_d
    main.o(.ARM.exidx.text.USART_Init) refers (Special) to _printf_dec.o(.text) for _printf_int_dec
    main.o(.ARM.exidx.text.USART_Init) refers (Special) to _printf_percent.o(.ARM.Collect$$_printf_percent$$00000000) for _printf_percent
    main.o(.ARM.exidx.text.USART_Init) refers to main.o(.text.USART_Init) for [Anonymous Symbol]
    main.o(.text.TIM2_Init) refers (Special) to _printf_d.o(.ARM.Collect$$_printf_percent$$00000009) for _printf_d
    main.o(.text.TIM2_Init) refers (Special) to _printf_dec.o(.text) for _printf_int_dec
    main.o(.text.TIM2_Init) refers (Special) to _printf_percent.o(.ARM.Collect$$_printf_percent$$00000000) for _printf_percent
    main.o(.ARM.exidx.text.TIM2_Init) refers (Special) to _printf_d.o(.ARM.Collect$$_printf_percent$$00000009) for _printf_d
    main.o(.ARM.exidx.text.TIM2_Init) refers (Special) to _printf_dec.o(.text) for _printf_int_dec
    main.o(.ARM.exidx.text.TIM2_Init) refers (Special) to _printf_percent.o(.ARM.Collect$$_printf_percent$$00000000) for _printf_percent
    main.o(.ARM.exidx.text.TIM2_Init) refers to main.o(.text.TIM2_Init) for [Anonymous Symbol]
    main.o(.text.TIM3_Init) refers (Special) to _printf_d.o(.ARM.Collect$$_printf_percent$$00000009) for _printf_d
    main.o(.text.TIM3_Init) refers (Special) to _printf_dec.o(.text) for _printf_int_dec
    main.o(.text.TIM3_Init) refers (Special) to _printf_percent.o(.ARM.Collect$$_printf_percent$$00000000) for _printf_percent
    main.o(.ARM.exidx.text.TIM3_Init) refers (Special) to _printf_d.o(.ARM.Collect$$_printf_percent$$00000009) for _printf_d
    main.o(.ARM.exidx.text.TIM3_Init) refers (Special) to _printf_dec.o(.text) for _printf_int_dec
    main.o(.ARM.exidx.text.TIM3_Init) refers (Special) to _printf_percent.o(.ARM.Collect$$_printf_percent$$00000000) for _printf_percent
    main.o(.ARM.exidx.text.TIM3_Init) refers to main.o(.text.TIM3_Init) for [Anonymous Symbol]
    main.o(.text.ADC1_Init) refers (Special) to _printf_d.o(.ARM.Collect$$_printf_percent$$00000009) for _printf_d
    main.o(.text.ADC1_Init) refers (Special) to _printf_dec.o(.text) for _printf_int_dec
    main.o(.text.ADC1_Init) refers (Special) to _printf_percent.o(.ARM.Collect$$_printf_percent$$00000000) for _printf_percent
    main.o(.text.ADC1_Init) refers to main.o(.text.TIM3_Delay_us) for TIM3_Delay_us
    main.o(.ARM.exidx.text.ADC1_Init) refers (Special) to _printf_d.o(.ARM.Collect$$_printf_percent$$00000009) for _printf_d
    main.o(.ARM.exidx.text.ADC1_Init) refers (Special) to _printf_dec.o(.text) for _printf_int_dec
    main.o(.ARM.exidx.text.ADC1_Init) refers (Special) to _printf_percent.o(.ARM.Collect$$_printf_percent$$00000000) for _printf_percent
    main.o(.ARM.exidx.text.ADC1_Init) refers to main.o(.text.ADC1_Init) for [Anonymous Symbol]
    main.o(.text.ADC1_StartConversion) refers (Special) to _printf_d.o(.ARM.Collect$$_printf_percent$$00000009) for _printf_d
    main.o(.text.ADC1_StartConversion) refers (Special) to _printf_dec.o(.text) for _printf_int_dec
    main.o(.text.ADC1_StartConversion) refers (Special) to _printf_percent.o(.ARM.Collect$$_printf_percent$$00000000) for _printf_percent
    main.o(.text.ADC1_StartConversion) refers to main.o(.text.__NVIC_EnableIRQ) for __NVIC_EnableIRQ
    main.o(.ARM.exidx.text.ADC1_StartConversion) refers (Special) to _printf_d.o(.ARM.Collect$$_printf_percent$$00000009) for _printf_d
    main.o(.ARM.exidx.text.ADC1_StartConversion) refers (Special) to _printf_dec.o(.text) for _printf_int_dec
    main.o(.ARM.exidx.text.ADC1_StartConversion) refers (Special) to _printf_percent.o(.ARM.Collect$$_printf_percent$$00000000) for _printf_percent
    main.o(.ARM.exidx.text.ADC1_StartConversion) refers to main.o(.text.ADC1_StartConversion) for [Anonymous Symbol]
    main.o(.text.TIM2_StartCountingUp) refers (Special) to _printf_d.o(.ARM.Collect$$_printf_percent$$00000009) for _printf_d
    main.o(.text.TIM2_StartCountingUp) refers (Special) to _printf_dec.o(.text) for _printf_int_dec
    main.o(.text.TIM2_StartCountingUp) refers (Special) to _printf_percent.o(.ARM.Collect$$_printf_percent$$00000000) for _printf_percent
    main.o(.ARM.exidx.text.TIM2_StartCountingUp) refers (Special) to _printf_d.o(.ARM.Collect$$_printf_percent$$00000009) for _printf_d
    main.o(.ARM.exidx.text.TIM2_StartCountingUp) refers (Special) to _printf_dec.o(.text) for _printf_int_dec
    main.o(.ARM.exidx.text.TIM2_StartCountingUp) refers (Special) to _printf_percent.o(.ARM.Collect$$_printf_percent$$00000000) for _printf_percent
    main.o(.ARM.exidx.text.TIM2_StartCountingUp) refers to main.o(.text.TIM2_StartCountingUp) for [Anonymous Symbol]
    main.o(.text.TIM3_Delay_ms) refers (Special) to _printf_d.o(.ARM.Collect$$_printf_percent$$00000009) for _printf_d
    main.o(.text.TIM3_Delay_ms) refers (Special) to _printf_dec.o(.text) for _printf_int_dec
    main.o(.text.TIM3_Delay_ms) refers (Special) to _printf_percent.o(.ARM.Collect$$_printf_percent$$00000000) for _printf_percent
    main.o(.text.TIM3_Delay_ms) refers to main.o(.text.TIM3_Delay_us) for TIM3_Delay_us
    main.o(.ARM.exidx.text.TIM3_Delay_ms) refers (Special) to _printf_d.o(.ARM.Collect$$_printf_percent$$00000009) for _printf_d
    main.o(.ARM.exidx.text.TIM3_Delay_ms) refers (Special) to _printf_dec.o(.text) for _printf_int_dec
    main.o(.ARM.exidx.text.TIM3_Delay_ms) refers (Special) to _printf_percent.o(.ARM.Collect$$_printf_percent$$00000000) for _printf_percent
    main.o(.ARM.exidx.text.TIM3_Delay_ms) refers to main.o(.text.TIM3_Delay_ms) for [Anonymous Symbol]
    main.o(.text.USART_SendStr) refers (Special) to _printf_d.o(.ARM.Collect$$_printf_percent$$00000009) for _printf_d
    main.o(.text.USART_SendStr) refers (Special) to _printf_dec.o(.text) for _printf_int_dec
    main.o(.text.USART_SendStr) refers (Special) to _printf_percent.o(.ARM.Collect$$_printf_percent$$00000000) for _printf_percent
    main.o(.text.USART_SendStr) refers to main.o(.text.USART_SendByte) for USART_SendByte
    main.o(.ARM.exidx.text.USART_SendStr) refers (Special) to _printf_d.o(.ARM.Collect$$_printf_percent$$00000009) for _printf_d
    main.o(.ARM.exidx.text.USART_SendStr) refers (Special) to _printf_dec.o(.text) for _printf_int_dec
    main.o(.ARM.exidx.text.USART_SendStr) refers (Special) to _printf_percent.o(.ARM.Collect$$_printf_percent$$00000000) for _printf_percent
    main.o(.ARM.exidx.text.USART_SendStr) refers to main.o(.text.USART_SendStr) for [Anonymous Symbol]
    main.o(.text.USART_SendInt) refers (Special) to _printf_d.o(.ARM.Collect$$_printf_percent$$00000009) for _printf_d
    main.o(.text.USART_SendInt) refers (Special) to _printf_dec.o(.text) for _printf_int_dec
    main.o(.text.USART_SendInt) refers (Special) to _printf_percent.o(.ARM.Collect$$_printf_percent$$00000000) for _printf_percent
    main.o(.text.USART_SendInt) refers to noretval__2sprintf.o(.text) for __2sprintf
    main.o(.text.USART_SendInt) refers to main.o(.text.USART_SendStr) for USART_SendStr
    main.o(.ARM.exidx.text.USART_SendInt) refers (Special) to _printf_d.o(.ARM.Collect$$_printf_percent$$00000009) for _printf_d
    main.o(.ARM.exidx.text.USART_SendInt) refers (Special) to _printf_dec.o(.text) for _printf_int_dec
    main.o(.ARM.exidx.text.USART_SendInt) refers (Special) to _printf_percent.o(.ARM.Collect$$_printf_percent$$00000000) for _printf_percent
    main.o(.ARM.exidx.text.USART_SendInt) refers to main.o(.text.USART_SendInt) for [Anonymous Symbol]
    main.o(.text.TIM2_PeriodToRCC_ms) refers (Special) to _printf_d.o(.ARM.Collect$$_printf_percent$$00000009) for _printf_d
    main.o(.text.TIM2_PeriodToRCC_ms) refers (Special) to _printf_dec.o(.text) for _printf_int_dec
    main.o(.text.TIM2_PeriodToRCC_ms) refers (Special) to _printf_percent.o(.ARM.Collect$$_printf_percent$$00000000) for _printf_percent
    main.o(.ARM.exidx.text.TIM2_PeriodToRCC_ms) refers (Special) to _printf_d.o(.ARM.Collect$$_printf_percent$$00000009) for _printf_d
    main.o(.ARM.exidx.text.TIM2_PeriodToRCC_ms) refers (Special) to _printf_dec.o(.text) for _printf_int_dec
    main.o(.ARM.exidx.text.TIM2_PeriodToRCC_ms) refers (Special) to _printf_percent.o(.ARM.Collect$$_printf_percent$$00000000) for _printf_percent
    main.o(.ARM.exidx.text.TIM2_PeriodToRCC_ms) refers to main.o(.text.TIM2_PeriodToRCC_ms) for [Anonymous Symbol]
    main.o(.text.TIM2_ReadFreq) refers (Special) to _printf_d.o(.ARM.Collect$$_printf_percent$$00000009) for _printf_d
    main.o(.text.TIM2_ReadFreq) refers (Special) to _printf_dec.o(.text) for _printf_int_dec
    main.o(.text.TIM2_ReadFreq) refers (Special) to _printf_percent.o(.ARM.Collect$$_printf_percent$$00000000) for _printf_percent
    main.o(.ARM.exidx.text.TIM2_ReadFreq) refers (Special) to _printf_d.o(.ARM.Collect$$_printf_percent$$00000009) for _printf_d
    main.o(.ARM.exidx.text.TIM2_ReadFreq) refers (Special) to _printf_dec.o(.text) for _printf_int_dec
    main.o(.ARM.exidx.text.TIM2_ReadFreq) refers (Special) to _printf_percent.o(.ARM.Collect$$_printf_percent$$00000000) for _printf_percent
    main.o(.ARM.exidx.text.TIM2_ReadFreq) refers to main.o(.text.TIM2_ReadFreq) for [Anonymous Symbol]
    main.o(.text.TIM3_Delay_us) refers (Special) to _printf_d.o(.ARM.Collect$$_printf_percent$$00000009) for _printf_d
    main.o(.text.TIM3_Delay_us) refers (Special) to _printf_dec.o(.text) for _printf_int_dec
    main.o(.text.TIM3_Delay_us) refers (Special) to _printf_percent.o(.ARM.Collect$$_printf_percent$$00000000) for _printf_percent
    main.o(.ARM.exidx.text.TIM3_Delay_us) refers (Special) to _printf_d.o(.ARM.Collect$$_printf_percent$$00000009) for _printf_d
    main.o(.ARM.exidx.text.TIM3_Delay_us) refers (Special) to _printf_dec.o(.text) for _printf_int_dec
    main.o(.ARM.exidx.text.TIM3_Delay_us) refers (Special) to _printf_percent.o(.ARM.Collect$$_printf_percent$$00000000) for _printf_percent
    main.o(.ARM.exidx.text.TIM3_Delay_us) refers to main.o(.text.TIM3_Delay_us) for [Anonymous Symbol]
    main.o(.text.__NVIC_EnableIRQ) refers (Special) to _printf_d.o(.ARM.Collect$$_printf_percent$$00000009) for _printf_d
    main.o(.text.__NVIC_EnableIRQ) refers (Special) to _printf_dec.o(.text) for _printf_int_dec
    main.o(.text.__NVIC_EnableIRQ) refers (Special) to _printf_percent.o(.ARM.Collect$$_printf_percent$$00000000) for _printf_percent
    main.o(.ARM.exidx.text.__NVIC_EnableIRQ) refers (Special) to _printf_d.o(.ARM.Collect$$_printf_percent$$00000009) for _printf_d
    main.o(.ARM.exidx.text.__NVIC_EnableIRQ) refers (Special) to _printf_dec.o(.text) for _printf_int_dec
    main.o(.ARM.exidx.text.__NVIC_EnableIRQ) refers (Special) to _printf_percent.o(.ARM.Collect$$_printf_percent$$00000000) for _printf_percent
    main.o(.ARM.exidx.text.__NVIC_EnableIRQ) refers to main.o(.text.__NVIC_EnableIRQ) for [Anonymous Symbol]
    main.o(.text.ADC1_2_IRQHandler) refers (Special) to _printf_d.o(.ARM.Collect$$_printf_percent$$00000009) for _printf_d
    main.o(.text.ADC1_2_IRQHandler) refers (Special) to _printf_dec.o(.text) for _printf_int_dec
    main.o(.text.ADC1_2_IRQHandler) refers (Special) to _printf_percent.o(.ARM.Collect$$_printf_percent$$00000000) for _printf_percent
    main.o(.text.ADC1_2_IRQHandler) refers to main.o(.bss.adcResult) for adcResult
    main.o(.ARM.exidx.text.ADC1_2_IRQHandler) refers (Special) to _printf_d.o(.ARM.Collect$$_printf_percent$$00000009) for _printf_d
    main.o(.ARM.exidx.text.ADC1_2_IRQHandler) refers (Special) to _printf_dec.o(.text) for _printf_int_dec
    main.o(.ARM.exidx.text.ADC1_2_IRQHandler) refers (Special) to _printf_percent.o(.ARM.Collect$$_printf_percent$$00000000) for _printf_percent
    main.o(.ARM.exidx.text.ADC1_2_IRQHandler) refers to main.o(.text.ADC1_2_IRQHandler) for [Anonymous Symbol]
    main.o(.text.USART_SendByte) refers (Special) to _printf_d.o(.ARM.Collect$$_printf_percent$$00000009) for _printf_d
    main.o(.text.USART_SendByte) refers (Special) to _printf_dec.o(.text) for _printf_int_dec
    main.o(.text.USART_SendByte) refers (Special) to _printf_percent.o(.ARM.Collect$$_printf_percent$$00000000) for _printf_percent
    main.o(.ARM.exidx.text.USART_SendByte) refers (Special) to _printf_d.o(.ARM.Collect$$_printf_percent$$00000009) for _printf_d
    main.o(.ARM.exidx.text.USART_SendByte) refers (Special) to _printf_dec.o(.text) for _printf_int_dec
    main.o(.ARM.exidx.text.USART_SendByte) refers (Special) to _printf_percent.o(.ARM.Collect$$_printf_percent$$00000000) for _printf_percent
    main.o(.ARM.exidx.text.USART_SendByte) refers to main.o(.text.USART_SendByte) for [Anonymous Symbol]
    main.o(.bss.adcResult) refers (Special) to _printf_d.o(.ARM.Collect$$_printf_percent$$00000009) for _printf_d
    main.o(.bss.adcResult) refers (Special) to _printf_dec.o(.text) for _printf_int_dec
    main.o(.bss.adcResult) refers (Special) to _printf_percent.o(.ARM.Collect$$_printf_percent$$00000000) for _printf_percent
    main.o(.ARM.use_no_argv) refers (Special) to _printf_d.o(.ARM.Collect$$_printf_percent$$00000009) for _printf_d
    main.o(.ARM.use_no_argv) refers (Special) to _printf_dec.o(.text) for _printf_int_dec
    main.o(.ARM.use_no_argv) refers (Special) to _printf_percent.o(.ARM.Collect$$_printf_percent$$00000000) for _printf_percent
    retarget_io.o(.ARM.exidx.text.ITM_SendChar) refers to retarget_io.o(.text.ITM_SendChar) for [Anonymous Symbol]
    retarget_io.o(.text.ITM_ReceiveChar) refers to retarget_io.o(.data.ITM_RxBuffer) for ITM_RxBuffer
    retarget_io.o(.ARM.exidx.text.ITM_ReceiveChar) refers to retarget_io.o(.text.ITM_ReceiveChar) for [Anonymous Symbol]
    retarget_io.o(.text._sys_open) refers to strcmpv7m.o(.text) for strcmp
    retarget_io.o(.ARM.exidx.text._sys_open) refers to retarget_io.o(.text._sys_open) for [Anonymous Symbol]
    retarget_io.o(.ARM.exidx.text._sys_close) refers to retarget_io.o(.text._sys_close) for [Anonymous Symbol]
    retarget_io.o(.text._sys_write) refers to retarget_io.o(.text.stdout_putchar) for stdout_putchar
    retarget_io.o(.text._sys_write) refers to retarget_io.o(.text.stderr_putchar) for stderr_putchar
    retarget_io.o(.ARM.exidx.text._sys_write) refers to retarget_io.o(.text._sys_write) for [Anonymous Symbol]
    retarget_io.o(.text.stdout_putchar) refers to retarget_io.o(.text.ITM_SendChar) for ITM_SendChar
    retarget_io.o(.ARM.exidx.text.stdout_putchar) refers to retarget_io.o(.text.stdout_putchar) for [Anonymous Symbol]
    retarget_io.o(.text.stderr_putchar) refers to retarget_io.o(.text.ITM_SendChar) for ITM_SendChar
    retarget_io.o(.ARM.exidx.text.stderr_putchar) refers to retarget_io.o(.text.stderr_putchar) for [Anonymous Symbol]
    retarget_io.o(.text._sys_read) refers to retarget_io.o(.text.stdin_getchar) for stdin_getchar
    retarget_io.o(.ARM.exidx.text._sys_read) refers to retarget_io.o(.text._sys_read) for [Anonymous Symbol]
    retarget_io.o(.text.stdin_getchar) refers to retarget_io.o(.text.ITM_ReceiveChar) for ITM_ReceiveChar
    retarget_io.o(.ARM.exidx.text.stdin_getchar) refers to retarget_io.o(.text.stdin_getchar) for [Anonymous Symbol]
    retarget_io.o(.ARM.exidx.text._sys_istty) refers to retarget_io.o(.text._sys_istty) for [Anonymous Symbol]
    retarget_io.o(.ARM.exidx.text._sys_seek) refers to retarget_io.o(.text._sys_seek) for [Anonymous Symbol]
    retarget_io.o(.ARM.exidx.text._sys_flen) refers to retarget_io.o(.text._sys_flen) for [Anonymous Symbol]
    startup_stm32f10x_ld.o(STACK) refers (Special) to heapauxi.o(.text) for __use_two_region_memory
    startup_stm32f10x_ld.o(HEAP) refers (Special) to heapauxi.o(.text) for __use_two_region_memory
    startup_stm32f10x_ld.o(RESET) refers (Special) to heapauxi.o(.text) for __use_two_region_memory
    startup_stm32f10x_ld.o(RESET) refers to startup_stm32f10x_ld.o(STACK) for __initial_sp
    startup_stm32f10x_ld.o(RESET) refers to startup_stm32f10x_ld.o(.text) for Reset_Handler
    startup_stm32f10x_ld.o(RESET) refers to main.o(.text.ADC1_2_IRQHandler) for ADC1_2_IRQHandler
    startup_stm32f10x_ld.o(.text) refers (Special) to heapauxi.o(.text) for __use_two_region_memory
    startup_stm32f10x_ld.o(.text) refers to system_stm32f10x.o(.text.SystemInit) for SystemInit
    startup_stm32f10x_ld.o(.text) refers to __main.o(!!!main) for __main
    startup_stm32f10x_ld.o(.text) refers to startup_stm32f10x_ld.o(HEAP) for Heap_Mem
    startup_stm32f10x_ld.o(.text) refers to startup_stm32f10x_ld.o(STACK) for Stack_Mem
    system_stm32f10x.o(.text.SystemInit) refers to system_stm32f10x.o(.text.SetSysClock) for SetSysClock
    system_stm32f10x.o(.ARM.exidx.text.SystemInit) refers to system_stm32f10x.o(.text.SystemInit) for [Anonymous Symbol]
    system_stm32f10x.o(.text.SetSysClock) refers to system_stm32f10x.o(.text.SetSysClockTo72) for SetSysClockTo72
    system_stm32f10x.o(.ARM.exidx.text.SetSysClock) refers to system_stm32f10x.o(.text.SetSysClock) for [Anonymous Symbol]
    system_stm32f10x.o(.text.SystemCoreClockUpdate) refers to system_stm32f10x.o(.data.SystemCoreClock) for SystemCoreClock
    system_stm32f10x.o(.text.SystemCoreClockUpdate) refers to system_stm32f10x.o(.rodata.AHBPrescTable) for AHBPrescTable
    system_stm32f10x.o(.ARM.exidx.text.SystemCoreClockUpdate) refers to system_stm32f10x.o(.text.SystemCoreClockUpdate) for [Anonymous Symbol]
    system_stm32f10x.o(.ARM.exidx.text.SetSysClockTo72) refers to system_stm32f10x.o(.text.SetSysClockTo72) for [Anonymous Symbol]
    __2sprintf.o(.text) refers to _printf_char_common.o(.text) for _printf_char_common
    __2sprintf.o(.text) refers to _sputc.o(.text) for _sputc
    noretval__2sprintf.o(.text) refers to _printf_char_common.o(.text) for _printf_char_common
    noretval__2sprintf.o(.text) refers to _sputc.o(.text) for _sputc
    __printf.o(.text) refers to _printf_percent.o(.ARM.Collect$$_printf_percent$$00000000) for _printf_percent
    _printf_dec.o(.text) refers to _printf_intcommon.o(.text) for _printf_int_common
    __printf_flags.o(.text) refers to _printf_percent.o(.ARM.Collect$$_printf_percent$$00000000) for _printf_percent
    __printf_flags.o(.text) refers to __printf_flags.o(.constdata) for .constdata
    __printf_ss.o(.text) refers to _printf_percent.o(.ARM.Collect$$_printf_percent$$00000000) for _printf_percent
    __printf_flags_ss.o(.text) refers to _printf_percent.o(.ARM.Collect$$_printf_percent$$00000000) for _printf_percent
    __printf_flags_ss.o(.text) refers to __printf_flags_ss.o(.constdata) for .constdata
    __printf_wp.o(.text) refers to __printf_wp.o(i._is_digit) for _is_digit
    __printf_wp.o(.text) refers to _printf_percent.o(.ARM.Collect$$_printf_percent$$00000000) for _printf_percent
    __printf_flags_wp.o(.text) refers to __printf_wp.o(i._is_digit) for _is_digit
    __printf_flags_wp.o(.text) refers to _printf_percent.o(.ARM.Collect$$_printf_percent$$00000000) for _printf_percent
    __printf_flags_wp.o(.text) refers to __printf_flags_wp.o(.constdata) for .constdata
    __printf_ss_wp.o(.text) refers to __printf_wp.o(i._is_digit) for _is_digit
    __printf_ss_wp.o(.text) refers to _printf_percent.o(.ARM.Collect$$_printf_percent$$00000000) for _printf_percent
    __printf_flags_ss_wp.o(.text) refers to __printf_wp.o(i._is_digit) for _is_digit
    __printf_flags_ss_wp.o(.text) refers to _printf_percent.o(.ARM.Collect$$_printf_percent$$00000000) for _printf_percent
    __printf_flags_ss_wp.o(.text) refers to __printf_flags_ss_wp.o(.constdata) for .constdata
    _printf_d.o(.ARM.Collect$$_printf_percent$$00000009) refers (Weak) to _printf_dec.o(.text) for _printf_int_dec
    _printf_percent.o(.ARM.Collect$$_printf_percent$$00000000) refers (Special) to _printf_percent_end.o(.ARM.Collect$$_printf_percent$$00000017) for _printf_percent_end
    __main.o(!!!main) refers to __rtentry.o(.ARM.Collect$$rtentry$$00000000) for __rt_entry
    __rtentry.o(.ARM.Collect$$rtentry$$00000000) refers (Special) to __rtentry2.o(.ARM.Collect$$rtentry$$0000000A) for __rt_entry_li
    __rtentry.o(.ARM.Collect$$rtentry$$00000000) refers (Special) to __rtentry2.o(.ARM.Collect$$rtentry$$0000000D) for __rt_entry_main
    __rtentry.o(.ARM.Collect$$rtentry$$00000000) refers (Special) to __rtentry2.o(.ARM.Collect$$rtentry$$0000000C) for __rt_entry_postli_1
    __rtentry.o(.ARM.Collect$$rtentry$$00000000) refers (Special) to __rtentry2.o(.ARM.Collect$$rtentry$$00000009) for __rt_entry_postsh_1
    __rtentry.o(.ARM.Collect$$rtentry$$00000000) refers (Special) to __rtentry2.o(.ARM.Collect$$rtentry$$00000002) for __rt_entry_presh_1
    __rtentry.o(.ARM.Collect$$rtentry$$00000000) refers (Special) to __rtentry4.o(.ARM.Collect$$rtentry$$00000004) for __rt_entry_sh
    _printf_char_common.o(.text) refers to __printf.o(.text) for __printf
    __rtentry2.o(.ARM.Collect$$rtentry$$00000008) refers to boardinit2.o(.text) for _platform_post_stackheap_init
    __rtentry2.o(.ARM.Collect$$rtentry$$0000000A) refers to libinit.o(.ARM.Collect$$libinit$$00000000) for __rt_lib_init
    __rtentry2.o(.ARM.Collect$$rtentry$$0000000B) refers to boardinit3.o(.text) for _platform_post_lib_init
    __rtentry2.o(.ARM.Collect$$rtentry$$0000000D) refers to main.o(.text.main) for main
    __rtentry2.o(.ARM.Collect$$rtentry$$0000000D) refers to exit.o(.text) for exit
    __rtentry2.o(.ARM.exidx) refers to __rtentry2.o(.ARM.Collect$$rtentry$$00000001) for .ARM.Collect$$rtentry$$00000001
    __rtentry2.o(.ARM.exidx) refers to __rtentry2.o(.ARM.Collect$$rtentry$$00000008) for .ARM.Collect$$rtentry$$00000008
    __rtentry2.o(.ARM.exidx) refers to __rtentry2.o(.ARM.Collect$$rtentry$$0000000A) for .ARM.Collect$$rtentry$$0000000A
    __rtentry2.o(.ARM.exidx) refers to __rtentry2.o(.ARM.Collect$$rtentry$$0000000B) for .ARM.Collect$$rtentry$$0000000B
    __rtentry2.o(.ARM.exidx) refers to __rtentry2.o(.ARM.Collect$$rtentry$$0000000D) for .ARM.Collect$$rtentry$$0000000D
    __rtentry4.o(.ARM.Collect$$rtentry$$00000004) refers to sys_stackheap_outer.o(.text) for __user_setup_stackheap
    __rtentry4.o(.ARM.exidx) refers to __rtentry4.o(.ARM.Collect$$rtentry$$00000004) for .ARM.Collect$$rtentry$$00000004
    sys_stackheap_outer.o(.text) refers to libspace.o(.text) for __user_perproc_libspace
    sys_stackheap_outer.o(.text) refers to startup_stm32f10x_ld.o(.text) for __user_initial_stackheap
    exit.o(.text) refers to rtexit.o(.ARM.Collect$$rtexit$$00000000) for __rt_exit
    libinit.o(.ARM.Collect$$libinit$$00000000) refers (Special) to libinit2.o(.ARM.Collect$$libinit$$0000002E) for __rt_lib_init_alloca_1
    libinit.o(.ARM.Collect$$libinit$$00000000) refers (Special) to libinit2.o(.ARM.Collect$$libinit$$0000002C) for __rt_lib_init_argv_1
    libinit.o(.ARM.Collect$$libinit$$00000000) refers (Special) to libinit2.o(.ARM.Collect$$libinit$$0000001B) for __rt_lib_init_atexit_1
    libinit.o(.ARM.Collect$$libinit$$00000000) refers (Special) to libinit2.o(.ARM.Collect$$libinit$$00000021) for __rt_lib_init_clock_1
    libinit.o(.ARM.Collect$$libinit$$00000000) refers (Special) to libinit2.o(.ARM.Collect$$libinit$$00000032) for __rt_lib_init_cpp_1
    libinit.o(.ARM.Collect$$libinit$$00000000) refers (Special) to libinit2.o(.ARM.Collect$$libinit$$00000030) for __rt_lib_init_exceptions_1
    libinit.o(.ARM.Collect$$libinit$$00000000) refers (Special) to libinit2.o(.ARM.Collect$$libinit$$00000002) for __rt_lib_init_fp_1
    libinit.o(.ARM.Collect$$libinit$$00000000) refers (Special) to libinit2.o(.ARM.Collect$$libinit$$0000001F) for __rt_lib_init_fp_trap_1
    libinit.o(.ARM.Collect$$libinit$$00000000) refers (Special) to libinit2.o(.ARM.Collect$$libinit$$00000023) for __rt_lib_init_getenv_1
    libinit.o(.ARM.Collect$$libinit$$00000000) refers (Special) to libinit2.o(.ARM.Collect$$libinit$$0000000A) for __rt_lib_init_heap_1
    libinit.o(.ARM.Collect$$libinit$$00000000) refers (Special) to libinit2.o(.ARM.Collect$$libinit$$00000011) for __rt_lib_init_lc_collate_1
    libinit.o(.ARM.Collect$$libinit$$00000000) refers (Special) to libinit2.o(.ARM.Collect$$libinit$$00000013) for __rt_lib_init_lc_ctype_1
    libinit.o(.ARM.Collect$$libinit$$00000000) refers (Special) to libinit2.o(.ARM.Collect$$libinit$$00000015) for __rt_lib_init_lc_monetary_1
    libinit.o(.ARM.Collect$$libinit$$00000000) refers (Special) to libinit2.o(.ARM.Collect$$libinit$$00000017) for __rt_lib_init_lc_numeric_1
    libinit.o(.ARM.Collect$$libinit$$00000000) refers (Special) to libinit2.o(.ARM.Collect$$libinit$$00000019) for __rt_lib_init_lc_time_1
    libinit.o(.ARM.Collect$$libinit$$00000000) refers (Special) to libinit2.o(.ARM.Collect$$libinit$$00000004) for __rt_lib_init_preinit_1
    libinit.o(.ARM.Collect$$libinit$$00000000) refers (Special) to libinit2.o(.ARM.Collect$$libinit$$0000000E) for __rt_lib_init_rand_1
    libinit.o(.ARM.Collect$$libinit$$00000000) refers (Special) to libinit2.o(.ARM.Collect$$libinit$$00000033) for __rt_lib_init_return
    libinit.o(.ARM.Collect$$libinit$$00000000) refers (Special) to libinit2.o(.ARM.Collect$$libinit$$0000001D) for __rt_lib_init_signal_1
    libinit.o(.ARM.Collect$$libinit$$00000000) refers (Special) to libinit2.o(.ARM.Collect$$libinit$$00000025) for __rt_lib_init_stdio_1
    libinit.o(.ARM.Collect$$libinit$$00000000) refers (Special) to libinit2.o(.ARM.Collect$$libinit$$0000000C) for __rt_lib_init_user_alloc_1
    libspace.o(.text) refers to libspace.o(.bss) for __libspace_start
    rtexit.o(.ARM.Collect$$rtexit$$00000000) refers (Special) to rtexit2.o(.ARM.Collect$$rtexit$$00000004) for __rt_exit_exit
    rtexit.o(.ARM.Collect$$rtexit$$00000000) refers (Special) to rtexit2.o(.ARM.Collect$$rtexit$$00000003) for __rt_exit_ls
    rtexit.o(.ARM.Collect$$rtexit$$00000000) refers (Special) to rtexit2.o(.ARM.Collect$$rtexit$$00000002) for __rt_exit_prels_1
    rtexit.o(.ARM.exidx) refers (Special) to rtexit2.o(.ARM.Collect$$rtexit$$00000004) for __rt_exit_exit
    rtexit.o(.ARM.exidx) refers (Special) to rtexit2.o(.ARM.Collect$$rtexit$$00000003) for __rt_exit_ls
    rtexit.o(.ARM.exidx) refers (Special) to rtexit2.o(.ARM.Collect$$rtexit$$00000002) for __rt_exit_prels_1
    rtexit.o(.ARM.exidx) refers to rtexit.o(.ARM.Collect$$rtexit$$00000000) for .ARM.Collect$$rtexit$$00000000
    libinit2.o(.ARM.Collect$$libinit$$00000010) refers to libinit2.o(.ARM.Collect$$libinit$$0000000F) for .ARM.Collect$$libinit$$0000000F
    libinit2.o(.ARM.Collect$$libinit$$00000012) refers to libinit2.o(.ARM.Collect$$libinit$$0000000F) for .ARM.Collect$$libinit$$0000000F
    libinit2.o(.ARM.Collect$$libinit$$00000014) refers to libinit2.o(.ARM.Collect$$libinit$$0000000F) for .ARM.Collect$$libinit$$0000000F
    libinit2.o(.ARM.Collect$$libinit$$00000016) refers to libinit2.o(.ARM.Collect$$libinit$$0000000F) for .ARM.Collect$$libinit$$0000000F
    libinit2.o(.ARM.Collect$$libinit$$00000018) refers to libinit2.o(.ARM.Collect$$libinit$$0000000F) for .ARM.Collect$$libinit$$0000000F
    libinit2.o(.ARM.Collect$$libinit$$00000026) refers to argv_veneer.o(.emb_text) for __ARM_argv_veneer
    libinit2.o(.ARM.Collect$$libinit$$00000027) refers to argv_veneer.o(.emb_text) for __ARM_argv_veneer
    rtexit2.o(.ARM.Collect$$rtexit$$00000003) refers to libshutdown.o(.ARM.Collect$$libshutdown$$00000000) for __rt_lib_shutdown
    rtexit2.o(.ARM.Collect$$rtexit$$00000004) refers to sys_exit.o(.text) for _sys_exit
    rtexit2.o(.ARM.exidx) refers to rtexit2.o(.ARM.Collect$$rtexit$$00000001) for .ARM.Collect$$rtexit$$00000001
    rtexit2.o(.ARM.exidx) refers to rtexit2.o(.ARM.Collect$$rtexit$$00000003) for .ARM.Collect$$rtexit$$00000003
    rtexit2.o(.ARM.exidx) refers to rtexit2.o(.ARM.Collect$$rtexit$$00000004) for .ARM.Collect$$rtexit$$00000004
    argv_veneer.o(.emb_text) refers to no_argv.o(.text) for __ARM_get_argv
    sys_exit.o(.text) refers (Special) to use_no_semi.o(.text) for __I$use$semihosting
    sys_exit.o(.text) refers (Special) to indicate_semi.o(.text) for __semihosting_library_function
    sys_exit_hlt.o(.text) refers (Special) to use_no_semi.o(.text) for __I$use$semihosting
    sys_exit_hlt.o(.text) refers (Special) to indicate_semi.o(.text) for __semihosting_library_function
    _get_argv_nomalloc.o(.text) refers (Special) to hrguard.o(.text) for __heap_region$guard
    _get_argv_nomalloc.o(.text) refers to defsig_rtmem_outer.o(.text) for __rt_SIGRTMEM
    _get_argv_nomalloc.o(.text) refers to sys_command.o(.text) for _sys_command_string
    libshutdown.o(.ARM.Collect$$libshutdown$$00000000) refers (Special) to libshutdown2.o(.ARM.Collect$$libshutdown$$00000002) for __rt_lib_shutdown_cpp_1
    libshutdown.o(.ARM.Collect$$libshutdown$$00000000) refers (Special) to libshutdown2.o(.ARM.Collect$$libshutdown$$00000007) for __rt_lib_shutdown_fp_trap_1
    libshutdown.o(.ARM.Collect$$libshutdown$$00000000) refers (Special) to libshutdown2.o(.ARM.Collect$$libshutdown$$0000000F) for __rt_lib_shutdown_heap_1
    libshutdown.o(.ARM.Collect$$libshutdown$$00000000) refers (Special) to libshutdown2.o(.ARM.Collect$$libshutdown$$00000010) for __rt_lib_shutdown_return
    libshutdown.o(.ARM.Collect$$libshutdown$$00000000) refers (Special) to libshutdown2.o(.ARM.Collect$$libshutdown$$0000000A) for __rt_lib_shutdown_signal_1
    libshutdown.o(.ARM.Collect$$libshutdown$$00000000) refers (Special) to libshutdown2.o(.ARM.Collect$$libshutdown$$00000004) for __rt_lib_shutdown_stdio_1
    libshutdown.o(.ARM.Collect$$libshutdown$$00000000) refers (Special) to libshutdown2.o(.ARM.Collect$$libshutdown$$0000000C) for __rt_lib_shutdown_user_alloc_1
    sys_command.o(.text) refers (Special) to use_no_semi.o(.text) for __I$use$semihosting
    sys_command.o(.text) refers (Special) to indicate_semi.o(.text) for __semihosting_library_function
    sys_command_hlt.o(.text) refers (Special) to use_no_semi.o(.text) for __I$use$semihosting
    sys_command_hlt.o(.text) refers (Special) to indicate_semi.o(.text) for __semihosting_library_function
    defsig_rtmem_outer.o(.text) refers to defsig_rtmem_inner.o(.text) for __rt_SIGRTMEM_inner
    defsig_rtmem_outer.o(.text) refers to defsig_exit.o(.text) for __sig_exit
    defsig_rtmem_formal.o(.text) refers to rt_raise.o(.text) for __rt_raise
    rt_raise.o(.text) refers to __raise.o(.text) for __raise
    rt_raise.o(.text) refers to sys_exit.o(.text) for _sys_exit
    defsig_exit.o(.text) refers to sys_exit.o(.text) for _sys_exit
    defsig_rtmem_inner.o(.text) refers to defsig_general.o(.text) for __default_signal_display
    __raise.o(.text) refers to defsig.o(CL$$defsig) for __default_signal_handler
    defsig_general.o(.text) refers to sys_wrch.o(.text) for _ttywrch
    sys_wrch.o(.text) refers (Special) to use_no_semi.o(.text) for __I$use$semihosting
    sys_wrch.o(.text) refers (Special) to indicate_semi.o(.text) for __semihosting_library_function
    sys_wrch_hlt.o(.text) refers (Special) to use_no_semi.o(.text) for __I$use$semihosting
    sys_wrch_hlt.o(.text) refers (Special) to indicate_semi.o(.text) for __semihosting_library_function
    defsig.o(CL$$defsig) refers to defsig_rtmem_inner.o(.text) for __rt_SIGRTMEM_inner
    defsig_abrt_inner.o(.text) refers to defsig_general.o(.text) for __default_signal_display
    defsig_fpe_inner.o(.text) refers to defsig_general.o(.text) for __default_signal_display
    defsig_rtred_inner.o(.text) refers to defsig_general.o(.text) for __default_signal_display
    defsig_stak_inner.o(.text) refers to defsig_general.o(.text) for __default_signal_display
    defsig_pvfn_inner.o(.text) refers to defsig_general.o(.text) for __default_signal_display
    defsig_cppl_inner.o(.text) refers to defsig_general.o(.text) for __default_signal_display
    defsig_segv_inner.o(.text) refers to defsig_general.o(.text) for __default_signal_display
    defsig_other.o(.text) refers to defsig_general.o(.text) for __default_signal_display


==============================================================================

Removing Unused input sections from the image.

    Removing main.o(.text), (0 bytes).
    Removing main.o(.ARM.exidx.text.main), (8 bytes).
    Removing main.o(.ARM.exidx.text.RCC_Init), (8 bytes).
    Removing main.o(.ARM.exidx.text.GPIO_Init), (8 bytes).
    Removing main.o(.ARM.exidx.text.USART_Init), (8 bytes).
    Removing main.o(.ARM.exidx.text.TIM2_Init), (8 bytes).
    Removing main.o(.ARM.exidx.text.TIM3_Init), (8 bytes).
    Removing main.o(.ARM.exidx.text.ADC1_Init), (8 bytes).
    Removing main.o(.ARM.exidx.text.ADC1_StartConversion), (8 bytes).
    Removing main.o(.ARM.exidx.text.TIM2_StartCountingUp), (8 bytes).
    Removing main.o(.ARM.exidx.text.TIM3_Delay_ms), (8 bytes).
    Removing main.o(.ARM.exidx.text.USART_SendStr), (8 bytes).
    Removing main.o(.ARM.exidx.text.USART_SendInt), (8 bytes).
    Removing main.o(.text.TIM2_PeriodToRCC_ms), (8 bytes).
    Removing main.o(.ARM.exidx.text.TIM2_PeriodToRCC_ms), (8 bytes).
    Removing main.o(.text.TIM2_ReadFreq), (10 bytes).
    Removing main.o(.ARM.exidx.text.TIM2_ReadFreq), (8 bytes).
    Removing main.o(.ARM.exidx.text.TIM3_Delay_us), (8 bytes).
    Removing main.o(.ARM.exidx.text.__NVIC_EnableIRQ), (8 bytes).
    Removing main.o(.ARM.exidx.text.ADC1_2_IRQHandler), (8 bytes).
    Removing main.o(.ARM.exidx.text.USART_SendByte), (8 bytes).
    Removing main.o(.ARM.use_no_argv), (4 bytes).
    Removing usart.o(.text), (0 bytes).
    Removing retarget_io.o(.text), (0 bytes).
    Removing retarget_io.o(.text.ITM_SendChar), (46 bytes).
    Removing retarget_io.o(.ARM.exidx.text.ITM_SendChar), (8 bytes).
    Removing retarget_io.o(.text.ITM_ReceiveChar), (32 bytes).
    Removing retarget_io.o(.ARM.exidx.text.ITM_ReceiveChar), (8 bytes).
    Removing retarget_io.o(.text._sys_open), (100 bytes).
    Removing retarget_io.o(.ARM.exidx.text._sys_open), (8 bytes).
    Removing retarget_io.o(.text._sys_close), (18 bytes).
    Removing retarget_io.o(.ARM.exidx.text._sys_close), (8 bytes).
    Removing retarget_io.o(.text._sys_write), (66 bytes).
    Removing retarget_io.o(.ARM.exidx.text._sys_write), (8 bytes).
    Removing retarget_io.o(.text.stdout_putchar), (8 bytes).
    Removing retarget_io.o(.ARM.exidx.text.stdout_putchar), (8 bytes).
    Removing retarget_io.o(.text.stderr_putchar), (8 bytes).
    Removing retarget_io.o(.ARM.exidx.text.stderr_putchar), (8 bytes).
    Removing retarget_io.o(.text._sys_read), (40 bytes).
    Removing retarget_io.o(.ARM.exidx.text._sys_read), (8 bytes).
    Removing retarget_io.o(.text.stdin_getchar), (14 bytes).
    Removing retarget_io.o(.ARM.exidx.text.stdin_getchar), (8 bytes).
    Removing retarget_io.o(.text._sys_istty), (16 bytes).
    Removing retarget_io.o(.ARM.exidx.text._sys_istty), (8 bytes).
    Removing retarget_io.o(.text._sys_seek), (6 bytes).
    Removing retarget_io.o(.ARM.exidx.text._sys_seek), (8 bytes).
    Removing retarget_io.o(.text._sys_flen), (4 bytes).
    Removing retarget_io.o(.ARM.exidx.text._sys_flen), (8 bytes).
    Removing retarget_io.o(.data.ITM_RxBuffer), (4 bytes).
    Removing retarget_io.o(.rodata.__stdin_name), (7 bytes).
    Removing retarget_io.o(.rodata.__stdout_name), (8 bytes).
    Removing retarget_io.o(.rodata.__stderr_name), (8 bytes).
    Removing system_stm32f10x.o(.text), (0 bytes).
    Removing system_stm32f10x.o(.ARM.exidx.text.SystemInit), (8 bytes).
    Removing system_stm32f10x.o(.ARM.exidx.text.SetSysClock), (8 bytes).
    Removing system_stm32f10x.o(.text.SystemCoreClockUpdate), (110 bytes).
    Removing system_stm32f10x.o(.ARM.exidx.text.SystemCoreClockUpdate), (8 bytes).
    Removing system_stm32f10x.o(.ARM.exidx.text.SetSysClockTo72), (8 bytes).
    Removing system_stm32f10x.o(.data.SystemCoreClock), (4 bytes).
    Removing system_stm32f10x.o(.rodata.AHBPrescTable), (16 bytes).

60 unused section(s) (total 809 bytes) removed from the image.

==============================================================================

Image Symbol Table

    Local Symbols

    Symbol Name                              Value     Ov Type        Size  Object(Section)

    ../clib/angel/boardlib.s                 0x00000000   Number         0  boardinit1.o ABSOLUTE
    ../clib/angel/boardlib.s                 0x00000000   Number         0  boardinit2.o ABSOLUTE
    ../clib/angel/boardlib.s                 0x00000000   Number         0  boardinit3.o ABSOLUTE
    ../clib/angel/boardlib.s                 0x00000000   Number         0  boardshut.o ABSOLUTE
    ../clib/angel/handlers.s                 0x00000000   Number         0  __scatter_zi.o ABSOLUTE
    ../clib/angel/kernel.s                   0x00000000   Number         0  __rtentry.o ABSOLUTE
    ../clib/angel/kernel.s                   0x00000000   Number         0  __rtentry2.o ABSOLUTE
    ../clib/angel/kernel.s                   0x00000000   Number         0  __rtentry4.o ABSOLUTE
    ../clib/angel/kernel.s                   0x00000000   Number         0  rtexit.o ABSOLUTE
    ../clib/angel/kernel.s                   0x00000000   Number         0  rtexit2.o ABSOLUTE
    ../clib/angel/rt.s                       0x00000000   Number         0  rt_raise.o ABSOLUTE
    ../clib/angel/scatter.s                  0x00000000   Number         0  __scatter.o ABSOLUTE
    ../clib/angel/startup.s                  0x00000000   Number         0  __main.o ABSOLUTE
    ../clib/angel/sys.s                      0x00000000   Number         0  sys_stackheap_outer.o ABSOLUTE
    ../clib/angel/sys.s                      0x00000000   Number         0  libspace.o ABSOLUTE
    ../clib/angel/sys.s                      0x00000000   Number         0  use_no_semi.o ABSOLUTE
    ../clib/angel/sys.s                      0x00000000   Number         0  indicate_semi.o ABSOLUTE
    ../clib/angel/sysapp.c                   0x00000000   Number         0  sys_exit.o ABSOLUTE
    ../clib/angel/sysapp.c                   0x00000000   Number         0  sys_exit_hlt.o ABSOLUTE
    ../clib/angel/sysapp.c                   0x00000000   Number         0  sys_command.o ABSOLUTE
    ../clib/angel/sysapp.c                   0x00000000   Number         0  sys_command_hlt.o ABSOLUTE
    ../clib/angel/sysapp.c                   0x00000000   Number         0  sys_wrch.o ABSOLUTE
    ../clib/angel/sysapp.c                   0x00000000   Number         0  sys_wrch_hlt.o ABSOLUTE
    ../clib/armsys.c                         0x00000000   Number         0  argv_veneer.o ABSOLUTE
    ../clib/armsys.c                         0x00000000   Number         0  argv_veneer.o ABSOLUTE
    ../clib/armsys.c                         0x00000000   Number         0  _get_argv_nomalloc.o ABSOLUTE
    ../clib/armsys.c                         0x00000000   Number         0  no_argv.o ABSOLUTE
    ../clib/heapalloc.c                      0x00000000   Number         0  hrguard.o ABSOLUTE
    ../clib/heapaux.c                        0x00000000   Number         0  heapauxi.o ABSOLUTE
    ../clib/libinit.s                        0x00000000   Number         0  libinit.o ABSOLUTE
    ../clib/libinit.s                        0x00000000   Number         0  libinit2.o ABSOLUTE
    ../clib/libinit.s                        0x00000000   Number         0  libshutdown.o ABSOLUTE
    ../clib/libinit.s                        0x00000000   Number         0  libshutdown2.o ABSOLUTE
    ../clib/memcpset.s                       0x00000000   Number         0  strcmpv7m.o ABSOLUTE
    ../clib/printf.c                         0x00000000   Number         0  __2sprintf.o ABSOLUTE
    ../clib/printf.c                         0x00000000   Number         0  noretval__2sprintf.o ABSOLUTE
    ../clib/printf.c                         0x00000000   Number         0  __printf.o ABSOLUTE
    ../clib/printf.c                         0x00000000   Number         0  _printf_dec.o ABSOLUTE
    ../clib/printf.c                         0x00000000   Number         0  __printf_flags.o ABSOLUTE
    ../clib/printf.c                         0x00000000   Number         0  __printf_ss.o ABSOLUTE
    ../clib/printf.c                         0x00000000   Number         0  __printf_flags_ss.o ABSOLUTE
    ../clib/printf.c                         0x00000000   Number         0  __printf_wp.o ABSOLUTE
    ../clib/printf.c                         0x00000000   Number         0  __printf_flags_wp.o ABSOLUTE
    ../clib/printf.c                         0x00000000   Number         0  __printf_ss_wp.o ABSOLUTE
    ../clib/printf.c                         0x00000000   Number         0  __printf_flags_ss_wp.o ABSOLUTE
    ../clib/printf.c                         0x00000000   Number         0  _printf_intcommon.o ABSOLUTE
    ../clib/printf.c                         0x00000000   Number         0  _printf_char_common.o ABSOLUTE
    ../clib/printf.c                         0x00000000   Number         0  _sputc.o ABSOLUTE
    ../clib/printf.c                         0x00000000   Number         0  __printf_nopercent.o ABSOLUTE
    ../clib/printf_percent.s                 0x00000000   Number         0  _printf_d.o ABSOLUTE
    ../clib/printf_percent.s                 0x00000000   Number         0  _printf_percent.o ABSOLUTE
    ../clib/printf_percent.s                 0x00000000   Number         0  _printf_percent_end.o ABSOLUTE
    ../clib/signal.c                         0x00000000   Number         0  defsig_rtmem_outer.o ABSOLUTE
    ../clib/signal.c                         0x00000000   Number         0  defsig_rtmem_formal.o ABSOLUTE
    ../clib/signal.c                         0x00000000   Number         0  defsig_exit.o ABSOLUTE
    ../clib/signal.c                         0x00000000   Number         0  defsig_rtmem_inner.o ABSOLUTE
    ../clib/signal.c                         0x00000000   Number         0  __raise.o ABSOLUTE
    ../clib/signal.c                         0x00000000   Number         0  defsig_general.o ABSOLUTE
    ../clib/signal.c                         0x00000000   Number         0  defsig_abrt_inner.o ABSOLUTE
    ../clib/signal.c                         0x00000000   Number         0  defsig_fpe_inner.o ABSOLUTE
    ../clib/signal.c                         0x00000000   Number         0  defsig_rtred_inner.o ABSOLUTE
    ../clib/signal.c                         0x00000000   Number         0  defsig_stak_inner.o ABSOLUTE
    ../clib/signal.c                         0x00000000   Number         0  defsig_pvfn_inner.o ABSOLUTE
    ../clib/signal.c                         0x00000000   Number         0  defsig_cppl_inner.o ABSOLUTE
    ../clib/signal.c                         0x00000000   Number         0  defsig_segv_inner.o ABSOLUTE
    ../clib/signal.c                         0x00000000   Number         0  defsig_other.o ABSOLUTE
    ../clib/signal.s                         0x00000000   Number         0  defsig.o ABSOLUTE
    ../clib/stdlib.c                         0x00000000   Number         0  exit.o ABSOLUTE
    ../fplib/fpinit.s                        0x00000000   Number         0  fpinit.o ABSOLUTE
    ../fplib/fpinit_empty.s                  0x00000000   Number         0  fpinit_empty.o ABSOLUTE
    RTE/Device/STM32F103C6/startup_stm32f10x_ld.s 0x00000000   Number         0  startup_stm32f10x_ld.o ABSOLUTE
    dc.s                                     0x00000000   Number         0  dc.o ABSOLUTE
    main.c                                   0x00000000   Number         0  main.o ABSOLUTE
    retarget_io.c                            0x00000000   Number         0  retarget_io.o ABSOLUTE
    system_stm32f10x.c                       0x00000000   Number         0  system_stm32f10x.o ABSOLUTE
    usart.c                                  0x00000000   Number         0  usart.o ABSOLUTE
    RESET                                    0x08000000   Section      236  startup_stm32f10x_ld.o(RESET)
    !!!main                                  0x080000ec   Section        8  __main.o(!!!main)
    !!!scatter                               0x080000f4   Section       52  __scatter.o(!!!scatter)
    !!handler_zi                             0x08000128   Section       28  __scatter_zi.o(!!handler_zi)
    .ARM.Collect$$_printf_percent$$00000000  0x08000144   Section        0  _printf_percent.o(.ARM.Collect$$_printf_percent$$00000000)
    .ARM.Collect$$_printf_percent$$00000009  0x08000144   Section        6  _printf_d.o(.ARM.Collect$$_printf_percent$$00000009)
    .ARM.Collect$$_printf_percent$$00000017  0x0800014a   Section        4  _printf_percent_end.o(.ARM.Collect$$_printf_percent$$00000017)
    .ARM.Collect$$libinit$$00000000          0x0800014e   Section        2  libinit.o(.ARM.Collect$$libinit$$00000000)
    .ARM.Collect$$libinit$$00000002          0x08000150   Section        0  libinit2.o(.ARM.Collect$$libinit$$00000002)
    .ARM.Collect$$libinit$$00000004          0x08000150   Section        0  libinit2.o(.ARM.Collect$$libinit$$00000004)
    .ARM.Collect$$libinit$$0000000A          0x08000150   Section        0  libinit2.o(.ARM.Collect$$libinit$$0000000A)
    .ARM.Collect$$libinit$$0000000C          0x08000150   Section        0  libinit2.o(.ARM.Collect$$libinit$$0000000C)
    .ARM.Collect$$libinit$$0000000E          0x08000150   Section        0  libinit2.o(.ARM.Collect$$libinit$$0000000E)
    .ARM.Collect$$libinit$$00000011          0x08000150   Section        0  libinit2.o(.ARM.Collect$$libinit$$00000011)
    .ARM.Collect$$libinit$$00000013          0x08000150   Section        0  libinit2.o(.ARM.Collect$$libinit$$00000013)
    .ARM.Collect$$libinit$$00000015          0x08000150   Section        0  libinit2.o(.ARM.Collect$$libinit$$00000015)
    .ARM.Collect$$libinit$$00000017          0x08000150   Section        0  libinit2.o(.ARM.Collect$$libinit$$00000017)
    .ARM.Collect$$libinit$$00000019          0x08000150   Section        0  libinit2.o(.ARM.Collect$$libinit$$00000019)
    .ARM.Collect$$libinit$$0000001B          0x08000150   Section        0  libinit2.o(.ARM.Collect$$libinit$$0000001B)
    .ARM.Collect$$libinit$$0000001D          0x08000150   Section        0  libinit2.o(.ARM.Collect$$libinit$$0000001D)
    .ARM.Collect$$libinit$$0000001F          0x08000150   Section        0  libinit2.o(.ARM.Collect$$libinit$$0000001F)
    .ARM.Collect$$libinit$$00000021          0x08000150   Section        0  libinit2.o(.ARM.Collect$$libinit$$00000021)
    .ARM.Collect$$libinit$$00000023          0x08000150   Section        0  libinit2.o(.ARM.Collect$$libinit$$00000023)
    .ARM.Collect$$libinit$$00000025          0x08000150   Section        0  libinit2.o(.ARM.Collect$$libinit$$00000025)
    .ARM.Collect$$libinit$$0000002C          0x08000150   Section        0  libinit2.o(.ARM.Collect$$libinit$$0000002C)
    .ARM.Collect$$libinit$$0000002E          0x08000150   Section        0  libinit2.o(.ARM.Collect$$libinit$$0000002E)
    .ARM.Collect$$libinit$$00000030          0x08000150   Section        0  libinit2.o(.ARM.Collect$$libinit$$00000030)
    .ARM.Collect$$libinit$$00000032          0x08000150   Section        0  libinit2.o(.ARM.Collect$$libinit$$00000032)
    .ARM.Collect$$libinit$$00000033          0x08000150   Section        2  libinit2.o(.ARM.Collect$$libinit$$00000033)
    .ARM.Collect$$libshutdown$$00000000      0x08000152   Section        2  libshutdown.o(.ARM.Collect$$libshutdown$$00000000)
    .ARM.Collect$$libshutdown$$00000002      0x08000154   Section        0  libshutdown2.o(.ARM.Collect$$libshutdown$$00000002)
    .ARM.Collect$$libshutdown$$00000004      0x08000154   Section        0  libshutdown2.o(.ARM.Collect$$libshutdown$$00000004)
    .ARM.Collect$$libshutdown$$00000007      0x08000154   Section        0  libshutdown2.o(.ARM.Collect$$libshutdown$$00000007)
    .ARM.Collect$$libshutdown$$0000000A      0x08000154   Section        0  libshutdown2.o(.ARM.Collect$$libshutdown$$0000000A)
    .ARM.Collect$$libshutdown$$0000000C      0x08000154   Section        0  libshutdown2.o(.ARM.Collect$$libshutdown$$0000000C)
    .ARM.Collect$$libshutdown$$0000000F      0x08000154   Section        0  libshutdown2.o(.ARM.Collect$$libshutdown$$0000000F)
    .ARM.Collect$$libshutdown$$00000010      0x08000154   Section        2  libshutdown2.o(.ARM.Collect$$libshutdown$$00000010)
    .ARM.Collect$$rtentry$$00000000          0x08000156   Section        0  __rtentry.o(.ARM.Collect$$rtentry$$00000000)
    .ARM.Collect$$rtentry$$00000002          0x08000156   Section        0  __rtentry2.o(.ARM.Collect$$rtentry$$00000002)
    .ARM.Collect$$rtentry$$00000004          0x08000156   Section        6  __rtentry4.o(.ARM.Collect$$rtentry$$00000004)
    .ARM.Collect$$rtentry$$00000009          0x0800015c   Section        0  __rtentry2.o(.ARM.Collect$$rtentry$$00000009)
    .ARM.Collect$$rtentry$$0000000A          0x0800015c   Section        4  __rtentry2.o(.ARM.Collect$$rtentry$$0000000A)
    .ARM.Collect$$rtentry$$0000000C          0x08000160   Section        0  __rtentry2.o(.ARM.Collect$$rtentry$$0000000C)
    .ARM.Collect$$rtentry$$0000000D          0x08000160   Section        8  __rtentry2.o(.ARM.Collect$$rtentry$$0000000D)
    .ARM.Collect$$rtexit$$00000000           0x08000168   Section        2  rtexit.o(.ARM.Collect$$rtexit$$00000000)
    .ARM.Collect$$rtexit$$00000002           0x0800016a   Section        0  rtexit2.o(.ARM.Collect$$rtexit$$00000002)
    .ARM.Collect$$rtexit$$00000003           0x0800016a   Section        4  rtexit2.o(.ARM.Collect$$rtexit$$00000003)
    .ARM.Collect$$rtexit$$00000004           0x0800016e   Section        6  rtexit2.o(.ARM.Collect$$rtexit$$00000004)
    .text                                    0x08000174   Section       64  startup_stm32f10x_ld.o(.text)
    .text                                    0x080001b4   Section        0  noretval__2sprintf.o(.text)
    .text                                    0x080001dc   Section        0  __printf.o(.text)
    .text                                    0x08000244   Section        0  _printf_dec.o(.text)
    .text                                    0x080002bc   Section        0  heapauxi.o(.text)
    .text                                    0x080002c2   Section        0  _printf_intcommon.o(.text)
    _printf_input_char                       0x08000375   Thumb Code    10  _printf_char_common.o(.text)
    .text                                    0x08000374   Section        0  _printf_char_common.o(.text)
    .text                                    0x080003a4   Section        0  _sputc.o(.text)
    .text                                    0x080003ae   Section       74  sys_stackheap_outer.o(.text)
    .text                                    0x080003f8   Section        0  exit.o(.text)
    .text                                    0x0800040c   Section        8  libspace.o(.text)
    .text                                    0x08000414   Section        0  sys_exit.o(.text)
    .text                                    0x08000420   Section        2  use_no_semi.o(.text)
    .text                                    0x08000422   Section        0  indicate_semi.o(.text)
    [Anonymous Symbol]                       0x08000424   Section        0  main.o(.text.ADC1_2_IRQHandler)
    [Anonymous Symbol]                       0x0800043c   Section        0  main.o(.text.ADC1_Init)
    [Anonymous Symbol]                       0x08000468   Section        0  main.o(.text.ADC1_StartConversion)
    [Anonymous Symbol]                       0x08000480   Section        0  main.o(.text.GPIO_Init)
    [Anonymous Symbol]                       0x080004b4   Section        0  main.o(.text.RCC_Init)
    SetSysClock                              0x080004e1   Thumb Code     8  system_stm32f10x.o(.text.SetSysClock)
    [Anonymous Symbol]                       0x080004e0   Section        0  system_stm32f10x.o(.text.SetSysClock)
    SetSysClockTo72                          0x080004e9   Thumb Code   190  system_stm32f10x.o(.text.SetSysClockTo72)
    [Anonymous Symbol]                       0x080004e8   Section        0  system_stm32f10x.o(.text.SetSysClockTo72)
    [Anonymous Symbol]                       0x080005a8   Section        0  system_stm32f10x.o(.text.SystemInit)
    [Anonymous Symbol]                       0x08000600   Section        0  main.o(.text.TIM2_Init)
    [Anonymous Symbol]                       0x08000634   Section        0  main.o(.text.TIM2_StartCountingUp)
    [Anonymous Symbol]                       0x08000640   Section        0  main.o(.text.TIM3_Delay_ms)
    [Anonymous Symbol]                       0x08000650   Section        0  main.o(.text.TIM3_Delay_us)
    [Anonymous Symbol]                       0x08000670   Section        0  main.o(.text.TIM3_Init)
    [Anonymous Symbol]                       0x08000680   Section        0  main.o(.text.USART_Init)
    [Anonymous Symbol]                       0x08000698   Section        0  main.o(.text.USART_SendByte)
    [Anonymous Symbol]                       0x080006ac   Section        0  main.o(.text.USART_SendInt)
    [Anonymous Symbol]                       0x080006cc   Section        0  main.o(.text.USART_SendStr)
    __NVIC_EnableIRQ                         0x080006e9   Thumb Code    16  main.o(.text.__NVIC_EnableIRQ)
    [Anonymous Symbol]                       0x080006e8   Section        0  main.o(.text.__NVIC_EnableIRQ)
    [Anonymous Symbol]                       0x080006f8   Section        0  main.o(.text.main)
    .bss                                     0x20000000   Section       96  libspace.o(.bss)
    adcResult                                0x20000060   Data           4  main.o(.bss.adcResult)
    [Anonymous Symbol]                       0x20000060   Section        0  main.o(.bss.adcResult)
    Heap_Mem                                 0x20000068   Data         512  startup_stm32f10x_ld.o(HEAP)
    HEAP                                     0x20000068   Section      512  startup_stm32f10x_ld.o(HEAP)
    Stack_Mem                                0x20000268   Data        1024  startup_stm32f10x_ld.o(STACK)
    STACK                                    0x20000268   Section     1024  startup_stm32f10x_ld.o(STACK)
    __initial_sp                             0x20000668   Data           0  startup_stm32f10x_ld.o(STACK)

    Global Symbols

    Symbol Name                              Value     Ov Type        Size  Object(Section)

    BuildAttributes$$THM_ISAv4$P$D$K$B$S$PE$A:L22UL41UL21$X:L11$S22US41US21$IEEE1$IW$~IW$USESV6$~STKCKD$USESV7$~SHL$OTIME$ROPI$EBA8$UX$STANDARDLIB$REQ8$PRES8$EABIv2 0x00000000   Number         0  anon$$obj.o ABSOLUTE
    __fp_init_empty                          0x00000000   Number         0  fpinit_empty.o ABSOLUTE
    __ARM_exceptions_init                     - Undefined Weak Reference
    __alloca_initialize                       - Undefined Weak Reference
    __arm_preinit_                            - Undefined Weak Reference
    __cpp_initialize__aeabi_                  - Undefined Weak Reference
    __cxa_finalize                            - Undefined Weak Reference
    __rt_locale                               - Undefined Weak Reference
    __sigvec_lookup                           - Undefined Weak Reference
    _atexit_init                              - Undefined Weak Reference
    _call_atexit_fns                          - Undefined Weak Reference
    _clock_init                               - Undefined Weak Reference
    _fp_trap_init                             - Undefined Weak Reference
    _fp_trap_shutdown                         - Undefined Weak Reference
    _get_lc_collate                           - Undefined Weak Reference
    _get_lc_ctype                             - Undefined Weak Reference
    _get_lc_monetary                          - Undefined Weak Reference
    _get_lc_numeric                           - Undefined Weak Reference
    _get_lc_time                              - Undefined Weak Reference
    _getenv_init                              - Undefined Weak Reference
    _handle_redirection                       - Undefined Weak Reference
    _init_alloc                               - Undefined Weak Reference
    _init_user_alloc                          - Undefined Weak Reference
    _initio                                   - Undefined Weak Reference
    _printf_post_padding                      - Undefined Weak Reference
    _printf_pre_padding                       - Undefined Weak Reference
    _printf_truncate_signed                   - Undefined Weak Reference
    _printf_truncate_unsigned                 - Undefined Weak Reference
    _rand_init                                - Undefined Weak Reference
    _signal_finish                            - Undefined Weak Reference
    _signal_init                              - Undefined Weak Reference
    _terminate_alloc                          - Undefined Weak Reference
    _terminate_user_alloc                     - Undefined Weak Reference
    _terminateio                              - Undefined Weak Reference
    __Vectors_Size                           0x000000ec   Number         0  startup_stm32f10x_ld.o ABSOLUTE
    __Vectors                                0x08000000   Data           4  startup_stm32f10x_ld.o(RESET)
    __Vectors_End                            0x080000ec   Data           0  startup_stm32f10x_ld.o(RESET)
    __main                                   0x080000ed   Thumb Code     8  __main.o(!!!main)
    __scatterload                            0x080000f5   Thumb Code     0  __scatter.o(!!!scatter)
    __scatterload_rt2                        0x080000f5   Thumb Code    44  __scatter.o(!!!scatter)
    __scatterload_rt2_thumb_only             0x080000f5   Thumb Code     0  __scatter.o(!!!scatter)
    __scatterload_null                       0x08000103   Thumb Code     0  __scatter.o(!!!scatter)
    __scatterload_zeroinit                   0x08000129   Thumb Code    28  __scatter_zi.o(!!handler_zi)
    _printf_d                                0x08000145   Thumb Code     0  _printf_d.o(.ARM.Collect$$_printf_percent$$00000009)
    _printf_percent                          0x08000145   Thumb Code     0  _printf_percent.o(.ARM.Collect$$_printf_percent$$00000000)
    _printf_percent_end                      0x0800014b   Thumb Code     0  _printf_percent_end.o(.ARM.Collect$$_printf_percent$$00000017)
    __rt_lib_init                            0x0800014f   Thumb Code     0  libinit.o(.ARM.Collect$$libinit$$00000000)
    __rt_lib_init_alloca_1                   0x08000151   Thumb Code     0  libinit2.o(.ARM.Collect$$libinit$$0000002E)
    __rt_lib_init_argv_1                     0x08000151   Thumb Code     0  libinit2.o(.ARM.Collect$$libinit$$0000002C)
    __rt_lib_init_atexit_1                   0x08000151   Thumb Code     0  libinit2.o(.ARM.Collect$$libinit$$0000001B)
    __rt_lib_init_clock_1                    0x08000151   Thumb Code     0  libinit2.o(.ARM.Collect$$libinit$$00000021)
    __rt_lib_init_cpp_1                      0x08000151   Thumb Code     0  libinit2.o(.ARM.Collect$$libinit$$00000032)
    __rt_lib_init_exceptions_1               0x08000151   Thumb Code     0  libinit2.o(.ARM.Collect$$libinit$$00000030)
    __rt_lib_init_fp_1                       0x08000151   Thumb Code     0  libinit2.o(.ARM.Collect$$libinit$$00000002)
    __rt_lib_init_fp_trap_1                  0x08000151   Thumb Code     0  libinit2.o(.ARM.Collect$$libinit$$0000001F)
    __rt_lib_init_getenv_1                   0x08000151   Thumb Code     0  libinit2.o(.ARM.Collect$$libinit$$00000023)
    __rt_lib_init_heap_1                     0x08000151   Thumb Code     0  libinit2.o(.ARM.Collect$$libinit$$0000000A)
    __rt_lib_init_lc_collate_1               0x08000151   Thumb Code     0  libinit2.o(.ARM.Collect$$libinit$$00000011)
    __rt_lib_init_lc_ctype_1                 0x08000151   Thumb Code     0  libinit2.o(.ARM.Collect$$libinit$$00000013)
    __rt_lib_init_lc_monetary_1              0x08000151   Thumb Code     0  libinit2.o(.ARM.Collect$$libinit$$00000015)
    __rt_lib_init_lc_numeric_1               0x08000151   Thumb Code     0  libinit2.o(.ARM.Collect$$libinit$$00000017)
    __rt_lib_init_lc_time_1                  0x08000151   Thumb Code     0  libinit2.o(.ARM.Collect$$libinit$$00000019)
    __rt_lib_init_preinit_1                  0x08000151   Thumb Code     0  libinit2.o(.ARM.Collect$$libinit$$00000004)
    __rt_lib_init_rand_1                     0x08000151   Thumb Code     0  libinit2.o(.ARM.Collect$$libinit$$0000000E)
    __rt_lib_init_return                     0x08000151   Thumb Code     0  libinit2.o(.ARM.Collect$$libinit$$00000033)
    __rt_lib_init_signal_1                   0x08000151   Thumb Code     0  libinit2.o(.ARM.Collect$$libinit$$0000001D)
    __rt_lib_init_stdio_1                    0x08000151   Thumb Code     0  libinit2.o(.ARM.Collect$$libinit$$00000025)
    __rt_lib_init_user_alloc_1               0x08000151   Thumb Code     0  libinit2.o(.ARM.Collect$$libinit$$0000000C)
    __rt_lib_shutdown                        0x08000153   Thumb Code     0  libshutdown.o(.ARM.Collect$$libshutdown$$00000000)
    __rt_lib_shutdown_cpp_1                  0x08000155   Thumb Code     0  libshutdown2.o(.ARM.Collect$$libshutdown$$00000002)
    __rt_lib_shutdown_fp_trap_1              0x08000155   Thumb Code     0  libshutdown2.o(.ARM.Collect$$libshutdown$$00000007)
    __rt_lib_shutdown_heap_1                 0x08000155   Thumb Code     0  libshutdown2.o(.ARM.Collect$$libshutdown$$0000000F)
    __rt_lib_shutdown_return                 0x08000155   Thumb Code     0  libshutdown2.o(.ARM.Collect$$libshutdown$$00000010)
    __rt_lib_shutdown_signal_1               0x08000155   Thumb Code     0  libshutdown2.o(.ARM.Collect$$libshutdown$$0000000A)
    __rt_lib_shutdown_stdio_1                0x08000155   Thumb Code     0  libshutdown2.o(.ARM.Collect$$libshutdown$$00000004)
    __rt_lib_shutdown_user_alloc_1           0x08000155   Thumb Code     0  libshutdown2.o(.ARM.Collect$$libshutdown$$0000000C)
    __rt_entry                               0x08000157   Thumb Code     0  __rtentry.o(.ARM.Collect$$rtentry$$00000000)
    __rt_entry_presh_1                       0x08000157   Thumb Code     0  __rtentry2.o(.ARM.Collect$$rtentry$$00000002)
    __rt_entry_sh                            0x08000157   Thumb Code     0  __rtentry4.o(.ARM.Collect$$rtentry$$00000004)
    __rt_entry_li                            0x0800015d   Thumb Code     0  __rtentry2.o(.ARM.Collect$$rtentry$$0000000A)
    __rt_entry_postsh_1                      0x0800015d   Thumb Code     0  __rtentry2.o(.ARM.Collect$$rtentry$$00000009)
    __rt_entry_main                          0x08000161   Thumb Code     0  __rtentry2.o(.ARM.Collect$$rtentry$$0000000D)
    __rt_entry_postli_1                      0x08000161   Thumb Code     0  __rtentry2.o(.ARM.Collect$$rtentry$$0000000C)
    __rt_exit                                0x08000169   Thumb Code     0  rtexit.o(.ARM.Collect$$rtexit$$00000000)
    __rt_exit_ls                             0x0800016b   Thumb Code     0  rtexit2.o(.ARM.Collect$$rtexit$$00000003)
    __rt_exit_prels_1                        0x0800016b   Thumb Code     0  rtexit2.o(.ARM.Collect$$rtexit$$00000002)
    __rt_exit_exit                           0x0800016f   Thumb Code     0  rtexit2.o(.ARM.Collect$$rtexit$$00000004)
    Reset_Handler                            0x08000175   Thumb Code     8  startup_stm32f10x_ld.o(.text)
    NMI_Handler                              0x0800017d   Thumb Code     2  startup_stm32f10x_ld.o(.text)
    HardFault_Handler                        0x0800017f   Thumb Code     2  startup_stm32f10x_ld.o(.text)
    MemManage_Handler                        0x08000181   Thumb Code     2  startup_stm32f10x_ld.o(.text)
    BusFault_Handler                         0x08000183   Thumb Code     2  startup_stm32f10x_ld.o(.text)
    UsageFault_Handler                       0x08000185   Thumb Code     2  startup_stm32f10x_ld.o(.text)
    SVC_Handler                              0x08000187   Thumb Code     2  startup_stm32f10x_ld.o(.text)
    DebugMon_Handler                         0x08000189   Thumb Code     2  startup_stm32f10x_ld.o(.text)
    PendSV_Handler                           0x0800018b   Thumb Code     2  startup_stm32f10x_ld.o(.text)
    SysTick_Handler                          0x0800018d   Thumb Code     2  startup_stm32f10x_ld.o(.text)
    CAN1_RX1_IRQHandler                      0x0800018f   Thumb Code     0  startup_stm32f10x_ld.o(.text)
    CAN1_SCE_IRQHandler                      0x0800018f   Thumb Code     0  startup_stm32f10x_ld.o(.text)
    DMA1_Channel1_IRQHandler                 0x0800018f   Thumb Code     0  startup_stm32f10x_ld.o(.text)
    DMA1_Channel2_IRQHandler                 0x0800018f   Thumb Code     0  startup_stm32f10x_ld.o(.text)
    DMA1_Channel3_IRQHandler                 0x0800018f   Thumb Code     0  startup_stm32f10x_ld.o(.text)
    DMA1_Channel4_IRQHandler                 0x0800018f   Thumb Code     0  startup_stm32f10x_ld.o(.text)
    DMA1_Channel5_IRQHandler                 0x0800018f   Thumb Code     0  startup_stm32f10x_ld.o(.text)
    DMA1_Channel6_IRQHandler                 0x0800018f   Thumb Code     0  startup_stm32f10x_ld.o(.text)
    DMA1_Channel7_IRQHandler                 0x0800018f   Thumb Code     0  startup_stm32f10x_ld.o(.text)
    EXTI0_IRQHandler                         0x0800018f   Thumb Code     0  startup_stm32f10x_ld.o(.text)
    EXTI15_10_IRQHandler                     0x0800018f   Thumb Code     0  startup_stm32f10x_ld.o(.text)
    EXTI1_IRQHandler                         0x0800018f   Thumb Code     0  startup_stm32f10x_ld.o(.text)
    EXTI2_IRQHandler                         0x0800018f   Thumb Code     0  startup_stm32f10x_ld.o(.text)
    EXTI3_IRQHandler                         0x0800018f   Thumb Code     0  startup_stm32f10x_ld.o(.text)
    EXTI4_IRQHandler                         0x0800018f   Thumb Code     0  startup_stm32f10x_ld.o(.text)
    EXTI9_5_IRQHandler                       0x0800018f   Thumb Code     0  startup_stm32f10x_ld.o(.text)
    FLASH_IRQHandler                         0x0800018f   Thumb Code     0  startup_stm32f10x_ld.o(.text)
    I2C1_ER_IRQHandler                       0x0800018f   Thumb Code     0  startup_stm32f10x_ld.o(.text)
    I2C1_EV_IRQHandler                       0x0800018f   Thumb Code     0  startup_stm32f10x_ld.o(.text)
    PVD_IRQHandler                           0x0800018f   Thumb Code     0  startup_stm32f10x_ld.o(.text)
    RCC_IRQHandler                           0x0800018f   Thumb Code     0  startup_stm32f10x_ld.o(.text)
    RTCAlarm_IRQHandler                      0x0800018f   Thumb Code     0  startup_stm32f10x_ld.o(.text)
    RTC_IRQHandler                           0x0800018f   Thumb Code     0  startup_stm32f10x_ld.o(.text)
    SPI1_IRQHandler                          0x0800018f   Thumb Code     0  startup_stm32f10x_ld.o(.text)
    TAMPER_IRQHandler                        0x0800018f   Thumb Code     0  startup_stm32f10x_ld.o(.text)
    TIM1_BRK_IRQHandler                      0x0800018f   Thumb Code     0  startup_stm32f10x_ld.o(.text)
    TIM1_CC_IRQHandler                       0x0800018f   Thumb Code     0  startup_stm32f10x_ld.o(.text)
    TIM1_TRG_COM_IRQHandler                  0x0800018f   Thumb Code     0  startup_stm32f10x_ld.o(.text)
    TIM1_UP_IRQHandler                       0x0800018f   Thumb Code     0  startup_stm32f10x_ld.o(.text)
    TIM2_IRQHandler                          0x0800018f   Thumb Code     0  startup_stm32f10x_ld.o(.text)
    TIM3_IRQHandler                          0x0800018f   Thumb Code     0  startup_stm32f10x_ld.o(.text)
    USART1_IRQHandler                        0x0800018f   Thumb Code     0  startup_stm32f10x_ld.o(.text)
    USART2_IRQHandler                        0x0800018f   Thumb Code     0  startup_stm32f10x_ld.o(.text)
    USBWakeUp_IRQHandler                     0x0800018f   Thumb Code     0  startup_stm32f10x_ld.o(.text)
    USB_HP_CAN1_TX_IRQHandler                0x0800018f   Thumb Code     0  startup_stm32f10x_ld.o(.text)
    USB_LP_CAN1_RX0_IRQHandler               0x0800018f   Thumb Code     0  startup_stm32f10x_ld.o(.text)
    WWDG_IRQHandler                          0x0800018f   Thumb Code     0  startup_stm32f10x_ld.o(.text)
    __user_initial_stackheap                 0x08000191   Thumb Code     0  startup_stm32f10x_ld.o(.text)
    __2sprintf                               0x080001b5   Thumb Code    34  noretval__2sprintf.o(.text)
    __printf                                 0x080001dd   Thumb Code   104  __printf.o(.text)
    _printf_int_dec                          0x08000245   Thumb Code   104  _printf_dec.o(.text)
    __use_two_region_memory                  0x080002bd   Thumb Code     2  heapauxi.o(.text)
    __rt_heap_escrow$2region                 0x080002bf   Thumb Code     2  heapauxi.o(.text)
    __rt_heap_expand$2region                 0x080002c1   Thumb Code     2  heapauxi.o(.text)
    _printf_int_common                       0x080002c3   Thumb Code   178  _printf_intcommon.o(.text)
    _printf_char_common                      0x0800037f   Thumb Code    32  _printf_char_common.o(.text)
    _sputc                                   0x080003a5   Thumb Code    10  _sputc.o(.text)
    __user_setup_stackheap                   0x080003af   Thumb Code    74  sys_stackheap_outer.o(.text)
    exit                                     0x080003f9   Thumb Code    18  exit.o(.text)
    __user_libspace                          0x0800040d   Thumb Code     8  libspace.o(.text)
    __user_perproc_libspace                  0x0800040d   Thumb Code     0  libspace.o(.text)
    __user_perthread_libspace                0x0800040d   Thumb Code     0  libspace.o(.text)
    _sys_exit                                0x08000415   Thumb Code     8  sys_exit.o(.text)
    __I$use$semihosting                      0x08000421   Thumb Code     0  use_no_semi.o(.text)
    __use_no_semihosting_swi                 0x08000421   Thumb Code     2  use_no_semi.o(.text)
    __semihosting_library_function           0x08000423   Thumb Code     0  indicate_semi.o(.text)
    ADC1_2_IRQHandler                        0x08000425   Thumb Code    22  main.o(.text.ADC1_2_IRQHandler)
    ADC1_Init                                0x0800043d   Thumb Code    42  main.o(.text.ADC1_Init)
    ADC1_StartConversion                     0x08000469   Thumb Code    24  main.o(.text.ADC1_StartConversion)
    GPIO_Init                                0x08000481   Thumb Code    50  main.o(.text.GPIO_Init)
    RCC_Init                                 0x080004b5   Thumb Code    42  main.o(.text.RCC_Init)
    SystemInit                               0x080005a9   Thumb Code    86  system_stm32f10x.o(.text.SystemInit)
    TIM2_Init                                0x08000601   Thumb Code    50  main.o(.text.TIM2_Init)
    TIM2_StartCountingUp                     0x08000635   Thumb Code    10  main.o(.text.TIM2_StartCountingUp)
    TIM3_Delay_ms                            0x08000641   Thumb Code    16  main.o(.text.TIM3_Delay_ms)
    TIM3_Delay_us                            0x08000651   Thumb Code    32  main.o(.text.TIM3_Delay_us)
    TIM3_Init                                0x08000671   Thumb Code    14  main.o(.text.TIM3_Init)
    USART_Init                               0x08000681   Thumb Code    22  main.o(.text.USART_Init)
    USART_SendByte                           0x08000699   Thumb Code    18  main.o(.text.USART_SendByte)
    USART_SendInt                            0x080006ad   Thumb Code    28  main.o(.text.USART_SendInt)
    USART_SendStr                            0x080006cd   Thumb Code    28  main.o(.text.USART_SendStr)
    main                                     0x080006f9   Thumb Code    68  main.o(.text.main)
    Region$$Table$$Base                      0x08000748   Number         0  anon$$obj.o(Region$$Table)
    Region$$Table$$Limit                     0x08000758   Number         0  anon$$obj.o(Region$$Table)
    __libspace_start                         0x20000000   Data          96  libspace.o(.bss)
    __temporary_stack_top$libspace           0x20000060   Data           0  libspace.o(.bss)



==============================================================================

Memory Map of the image

  Image Entry point : 0x08000175

  Load Region LR_1 (Base: 0x08000000, Size: 0x00000758, Max: 0xffffffff, ABSOLUTE)

    Execution Region ER_RO (Exec base: 0x08000000, Load base: 0x08000000, Size: 0x00000758, Max: 0xffffffff, ABSOLUTE)

    Exec Addr    Load Addr    Size         Type   Attr      Idx    E Section Name        Object

    0x08000000   0x08000000   0x000000ec   Data   RO           86    RESET               startup_stm32f10x_ld.o
    0x080000ec   0x080000ec   0x00000008   Code   RO          147  * !!!main             c_w.l(__main.o)
    0x080000f4   0x080000f4   0x00000034   Code   RO          319    !!!scatter          c_w.l(__scatter.o)
    0x08000128   0x08000128   0x0000001c   Code   RO          321    !!handler_zi        c_w.l(__scatter_zi.o)
    0x08000144   0x08000144   0x00000000   Code   RO          142    .ARM.Collect$$_printf_percent$$00000000  c_w.l(_printf_percent.o)
    0x08000144   0x08000144   0x00000006   Code   RO          141    .ARM.Collect$$_printf_percent$$00000009  c_w.l(_printf_d.o)
    0x0800014a   0x0800014a   0x00000004   Code   RO          156    .ARM.Collect$$_printf_percent$$00000017  c_w.l(_printf_percent_end.o)
    0x0800014e   0x0800014e   0x00000002   Code   RO          183    .ARM.Collect$$libinit$$00000000  c_w.l(libinit.o)
    0x08000150   0x08000150   0x00000000   Code   RO          190    .ARM.Collect$$libinit$$00000002  c_w.l(libinit2.o)
    0x08000150   0x08000150   0x00000000   Code   RO          192    .ARM.Collect$$libinit$$00000004  c_w.l(libinit2.o)
    0x08000150   0x08000150   0x00000000   Code   RO          195    .ARM.Collect$$libinit$$0000000A  c_w.l(libinit2.o)
    0x08000150   0x08000150   0x00000000   Code   RO          197    .ARM.Collect$$libinit$$0000000C  c_w.l(libinit2.o)
    0x08000150   0x08000150   0x00000000   Code   RO          199    .ARM.Collect$$libinit$$0000000E  c_w.l(libinit2.o)
    0x08000150   0x08000150   0x00000000   Code   RO          202    .ARM.Collect$$libinit$$00000011  c_w.l(libinit2.o)
    0x08000150   0x08000150   0x00000000   Code   RO          204    .ARM.Collect$$libinit$$00000013  c_w.l(libinit2.o)
    0x08000150   0x08000150   0x00000000   Code   RO          206    .ARM.Collect$$libinit$$00000015  c_w.l(libinit2.o)
    0x08000150   0x08000150   0x00000000   Code   RO          208    .ARM.Collect$$libinit$$00000017  c_w.l(libinit2.o)
    0x08000150   0x08000150   0x00000000   Code   RO          210    .ARM.Collect$$libinit$$00000019  c_w.l(libinit2.o)
    0x08000150   0x08000150   0x00000000   Code   RO          212    .ARM.Collect$$libinit$$0000001B  c_w.l(libinit2.o)
    0x08000150   0x08000150   0x00000000   Code   RO          214    .ARM.Collect$$libinit$$0000001D  c_w.l(libinit2.o)
    0x08000150   0x08000150   0x00000000   Code   RO          216    .ARM.Collect$$libinit$$0000001F  c_w.l(libinit2.o)
    0x08000150   0x08000150   0x00000000   Code   RO          218    .ARM.Collect$$libinit$$00000021  c_w.l(libinit2.o)
    0x08000150   0x08000150   0x00000000   Code   RO          220    .ARM.Collect$$libinit$$00000023  c_w.l(libinit2.o)
    0x08000150   0x08000150   0x00000000   Code   RO          222    .ARM.Collect$$libinit$$00000025  c_w.l(libinit2.o)
    0x08000150   0x08000150   0x00000000   Code   RO          226    .ARM.Collect$$libinit$$0000002C  c_w.l(libinit2.o)
    0x08000150   0x08000150   0x00000000   Code   RO          228    .ARM.Collect$$libinit$$0000002E  c_w.l(libinit2.o)
    0x08000150   0x08000150   0x00000000   Code   RO          230    .ARM.Collect$$libinit$$00000030  c_w.l(libinit2.o)
    0x08000150   0x08000150   0x00000000   Code   RO          232    .ARM.Collect$$libinit$$00000032  c_w.l(libinit2.o)
    0x08000150   0x08000150   0x00000002   Code   RO          233    .ARM.Collect$$libinit$$00000033  c_w.l(libinit2.o)
    0x08000152   0x08000152   0x00000002   Code   RO          255    .ARM.Collect$$libshutdown$$00000000  c_w.l(libshutdown.o)
    0x08000154   0x08000154   0x00000000   Code   RO          270    .ARM.Collect$$libshutdown$$00000002  c_w.l(libshutdown2.o)
    0x08000154   0x08000154   0x00000000   Code   RO          272    .ARM.Collect$$libshutdown$$00000004  c_w.l(libshutdown2.o)
    0x08000154   0x08000154   0x00000000   Code   RO          275    .ARM.Collect$$libshutdown$$00000007  c_w.l(libshutdown2.o)
    0x08000154   0x08000154   0x00000000   Code   RO          278    .ARM.Collect$$libshutdown$$0000000A  c_w.l(libshutdown2.o)
    0x08000154   0x08000154   0x00000000   Code   RO          280    .ARM.Collect$$libshutdown$$0000000C  c_w.l(libshutdown2.o)
    0x08000154   0x08000154   0x00000000   Code   RO          283    .ARM.Collect$$libshutdown$$0000000F  c_w.l(libshutdown2.o)
    0x08000154   0x08000154   0x00000002   Code   RO          284    .ARM.Collect$$libshutdown$$00000010  c_w.l(libshutdown2.o)
    0x08000156   0x08000156   0x00000000   Code   RO          149    .ARM.Collect$$rtentry$$00000000  c_w.l(__rtentry.o)
    0x08000156   0x08000156   0x00000000   Code   RO          158    .ARM.Collect$$rtentry$$00000002  c_w.l(__rtentry2.o)
    0x08000156   0x08000156   0x00000006   Code   RO          170    .ARM.Collect$$rtentry$$00000004  c_w.l(__rtentry4.o)
    0x0800015c   0x0800015c   0x00000000   Code   RO          160    .ARM.Collect$$rtentry$$00000009  c_w.l(__rtentry2.o)
    0x0800015c   0x0800015c   0x00000004   Code   RO          161    .ARM.Collect$$rtentry$$0000000A  c_w.l(__rtentry2.o)
    0x08000160   0x08000160   0x00000000   Code   RO          163    .ARM.Collect$$rtentry$$0000000C  c_w.l(__rtentry2.o)
    0x08000160   0x08000160   0x00000008   Code   RO          164    .ARM.Collect$$rtentry$$0000000D  c_w.l(__rtentry2.o)
    0x08000168   0x08000168   0x00000002   Code   RO          187    .ARM.Collect$$rtexit$$00000000  c_w.l(rtexit.o)
    0x0800016a   0x0800016a   0x00000000   Code   RO          235    .ARM.Collect$$rtexit$$00000002  c_w.l(rtexit2.o)
    0x0800016a   0x0800016a   0x00000004   Code   RO          236    .ARM.Collect$$rtexit$$00000003  c_w.l(rtexit2.o)
    0x0800016e   0x0800016e   0x00000006   Code   RO          237    .ARM.Collect$$rtexit$$00000004  c_w.l(rtexit2.o)
    0x08000174   0x08000174   0x00000040   Code   RO           87  * .text               startup_stm32f10x_ld.o
    0x080001b4   0x080001b4   0x00000028   Code   RO          115    .text               c_w.l(noretval__2sprintf.o)
    0x080001dc   0x080001dc   0x00000068   Code   RO          117    .text               c_w.l(__printf.o)
    0x08000244   0x08000244   0x00000078   Code   RO          119    .text               c_w.l(_printf_dec.o)
    0x080002bc   0x080002bc   0x00000006   Code   RO          145    .text               c_w.l(heapauxi.o)
    0x080002c2   0x080002c2   0x000000b2   Code   RO          150    .text               c_w.l(_printf_intcommon.o)
    0x08000374   0x08000374   0x00000030   Code   RO          152    .text               c_w.l(_printf_char_common.o)
    0x080003a4   0x080003a4   0x0000000a   Code   RO          154    .text               c_w.l(_sputc.o)
    0x080003ae   0x080003ae   0x0000004a   Code   RO          174    .text               c_w.l(sys_stackheap_outer.o)
    0x080003f8   0x080003f8   0x00000012   Code   RO          176    .text               c_w.l(exit.o)
    0x0800040a   0x0800040a   0x00000002   PAD
    0x0800040c   0x0800040c   0x00000008   Code   RO          184    .text               c_w.l(libspace.o)
    0x08000414   0x08000414   0x0000000c   Code   RO          245    .text               c_w.l(sys_exit.o)
    0x08000420   0x08000420   0x00000002   Code   RO          260    .text               c_w.l(use_no_semi.o)
    0x08000422   0x08000422   0x00000000   Code   RO          262    .text               c_w.l(indicate_semi.o)
    0x08000422   0x08000422   0x00000002   PAD
    0x08000424   0x08000424   0x00000016   Code   RO           34    .text.ADC1_2_IRQHandler  main.o
    0x0800043a   0x0800043a   0x00000002   PAD
    0x0800043c   0x0800043c   0x0000002a   Code   RO           14    .text.ADC1_Init     main.o
    0x08000466   0x08000466   0x00000002   PAD
    0x08000468   0x08000468   0x00000018   Code   RO           16    .text.ADC1_StartConversion  main.o
    0x08000480   0x08000480   0x00000032   Code   RO            6    .text.GPIO_Init     main.o
    0x080004b2   0x080004b2   0x00000002   PAD
    0x080004b4   0x080004b4   0x0000002a   Code   RO            4    .text.RCC_Init      main.o
    0x080004de   0x080004de   0x00000002   PAD
    0x080004e0   0x080004e0   0x00000008   Code   RO           96    .text.SetSysClock   system_stm32f10x.o
    0x080004e8   0x080004e8   0x000000be   Code   RO          100    .text.SetSysClockTo72  system_stm32f10x.o
    0x080005a6   0x080005a6   0x00000002   PAD
    0x080005a8   0x080005a8   0x00000056   Code   RO           94    .text.SystemInit    system_stm32f10x.o
    0x080005fe   0x080005fe   0x00000002   PAD
    0x08000600   0x08000600   0x00000032   Code   RO           10    .text.TIM2_Init     main.o
    0x08000632   0x08000632   0x00000002   PAD
    0x08000634   0x08000634   0x0000000a   Code   RO           18    .text.TIM2_StartCountingUp  main.o
    0x0800063e   0x0800063e   0x00000002   PAD
    0x08000640   0x08000640   0x00000010   Code   RO           20    .text.TIM3_Delay_ms  main.o
    0x08000650   0x08000650   0x00000020   Code   RO           30    .text.TIM3_Delay_us  main.o
    0x08000670   0x08000670   0x0000000e   Code   RO           12    .text.TIM3_Init     main.o
    0x0800067e   0x0800067e   0x00000002   PAD
    0x08000680   0x08000680   0x00000016   Code   RO            8    .text.USART_Init    main.o
    0x08000696   0x08000696   0x00000002   PAD
    0x08000698   0x08000698   0x00000012   Code   RO           36    .text.USART_SendByte  main.o
    0x080006aa   0x080006aa   0x00000002   PAD
    0x080006ac   0x080006ac   0x00000020   Code   RO           24    .text.USART_SendInt  main.o
    0x080006cc   0x080006cc   0x0000001c   Code   RO           22    .text.USART_SendStr  main.o
    0x080006e8   0x080006e8   0x00000010   Code   RO           32    .text.__NVIC_EnableIRQ  main.o
    0x080006f8   0x080006f8   0x00000050   Code   RO            2    .text.main          main.o
    0x08000748   0x08000748   0x00000010   Data   RO          318    Region$$Table       anon$$obj.o


    Execution Region ER_RW (Exec base: 0x20000000, Load base: 0x08000758, Size: 0x00000000, Max: 0xffffffff, ABSOLUTE)

    **** No section assigned to this execution region ****


    Execution Region ER_ZI (Exec base: 0x20000000, Load base: 0x08000758, Size: 0x00000668, Max: 0xffffffff, ABSOLUTE)

    Exec Addr    Load Addr    Size         Type   Attr      Idx    E Section Name        Object

    0x20000000        -       0x00000060   Zero   RW          185    .bss                c_w.l(libspace.o)
    0x20000060        -       0x00000004   Zero   RW           38    .bss.adcResult      main.o
    0x20000064   0x08000758   0x00000004   PAD
    0x20000068        -       0x00000200   Zero   RW           85    HEAP                startup_stm32f10x_ld.o
    0x20000268        -       0x00000400   Zero   RW           84    STACK               startup_stm32f10x_ld.o


==============================================================================

Image component sizes


      Code (inc. data)   RO Data    RW Data    ZI Data      Debug   Object Name

       498         16          0          0          4       6255   main.o
        64         26        236          0       1536        820   startup_stm32f10x_ld.o
       284          0          0          0          0       2774   system_stm32f10x.o

    ----------------------------------------------------------------------
       868         42        252          0       1544       9849   Object Totals
         0          0         16          0          0          0   (incl. Generated)
        22          0          0          0          4          0   (incl. Padding)

    ----------------------------------------------------------------------

      Code (inc. data)   RO Data    RW Data    ZI Data      Debug   Library Member Name

         8          0          0          0          0         68   __main.o
       104          0          0          0          0         84   __printf.o
         0          0          0          0          0          0   __rtentry.o
        12          0          0          0          0          0   __rtentry2.o
         6          0          0          0          0          0   __rtentry4.o
        52          8          0          0          0          0   __scatter.o
        28          0          0          0          0          0   __scatter_zi.o
        48          6          0          0          0         96   _printf_char_common.o
         6          0          0          0          0          0   _printf_d.o
       120         16          0          0          0         92   _printf_dec.o
       178          0          0          0          0         88   _printf_intcommon.o
         0          0          0          0          0          0   _printf_percent.o
         4          0          0          0          0          0   _printf_percent_end.o
        10          0          0          0          0         68   _sputc.o
        18          0          0          0          0         80   exit.o
         6          0          0          0          0        152   heapauxi.o
         0          0          0          0          0          0   indicate_semi.o
         2          0          0          0          0          0   libinit.o
         2          0          0          0          0          0   libinit2.o
         2          0          0          0          0          0   libshutdown.o
         2          0          0          0          0          0   libshutdown2.o
         8          4          0          0         96         68   libspace.o
        40          6          0          0          0         84   noretval__2sprintf.o
         2          0          0          0          0          0   rtexit.o
        10          0          0          0          0          0   rtexit2.o
        12          4          0          0          0         68   sys_exit.o
        74          0          0          0          0         80   sys_stackheap_outer.o
         2          0          0          0          0         68   use_no_semi.o

    ----------------------------------------------------------------------
       760         44          0          0         96       1096   Library Totals
         4          0          0          0          0          0   (incl. Padding)

    ----------------------------------------------------------------------

      Code (inc. data)   RO Data    RW Data    ZI Data      Debug   Library Name

       756         44          0          0         96       1096   c_w.l

    ----------------------------------------------------------------------
       760         44          0          0         96       1096   Library Totals

    ----------------------------------------------------------------------

==============================================================================


      Code (inc. data)   RO Data    RW Data    ZI Data      Debug   

      1628         86        252          0       1640      10437   Grand Totals
      1628         86        252          0       1640      10437   ELF Image Totals
      1628         86        252          0          0          0   ROM Totals

==============================================================================

    Total RO  Size (Code + RO Data)                 1880 (   1.84kB)
    Total RW  Size (RW Data + ZI Data)              1640 (   1.60kB)
    Total ROM Size (Code + RO Data + RW Data)       1880 (   1.84kB)

==============================================================================

