Component: ARM Compiler 6.16 Tool: armlink [5dfeaa00]

==============================================================================

Section Cross References

    data_manager.o(.text) refers (Special) to _printf_d.o(.ARM.Collect$$_printf_percent$$00000009) for _printf_d
    data_manager.o(.text) refers (Special) to _printf_dec.o(.text) for _printf_int_dec
    data_manager.o(.text) refers (Special) to _printf_percent.o(.ARM.Collect$$_printf_percent$$00000000) for _printf_percent
    data_manager.o(.text.DATAMANAGER_Init) refers (Special) to _printf_d.o(.ARM.Collect$$_printf_percent$$00000009) for _printf_d
    data_manager.o(.text.DATAMANAGER_Init) refers (Special) to _printf_dec.o(.text) for _printf_int_dec
    data_manager.o(.text.DATAMANAGER_Init) refers (Special) to _printf_percent.o(.ARM.Collect$$_printf_percent$$00000000) for _printf_percent
    data_manager.o(.ARM.exidx.text.DATAMANAGER_Init) refers (Special) to _printf_d.o(.ARM.Collect$$_printf_percent$$00000009) for _printf_d
    data_manager.o(.ARM.exidx.text.DATAMANAGER_Init) refers (Special) to _printf_dec.o(.text) for _printf_int_dec
    data_manager.o(.ARM.exidx.text.DATAMANAGER_Init) refers (Special) to _printf_percent.o(.ARM.Collect$$_printf_percent$$00000000) for _printf_percent
    data_manager.o(.ARM.exidx.text.DATAMANAGER_Init) refers to data_manager.o(.text.DATAMANAGER_Init) for [Anonymous Symbol]
    data_manager.o(.text.DATAMANAGER_Start) refers (Special) to _printf_d.o(.ARM.Collect$$_printf_percent$$00000009) for _printf_d
    data_manager.o(.text.DATAMANAGER_Start) refers (Special) to _printf_dec.o(.text) for _printf_int_dec
    data_manager.o(.text.DATAMANAGER_Start) refers (Special) to _printf_percent.o(.ARM.Collect$$_printf_percent$$00000000) for _printf_percent
    data_manager.o(.text.DATAMANAGER_Start) refers to lrc_meter.o(.text.LRC_StartConvertion) for LRC_StartConvertion
    data_manager.o(.text.DATAMANAGER_Start) refers to rc_meter.o(.text.RC_StartConvertion) for RC_StartConvertion
    data_manager.o(.ARM.exidx.text.DATAMANAGER_Start) refers (Special) to _printf_d.o(.ARM.Collect$$_printf_percent$$00000009) for _printf_d
    data_manager.o(.ARM.exidx.text.DATAMANAGER_Start) refers (Special) to _printf_dec.o(.text) for _printf_int_dec
    data_manager.o(.ARM.exidx.text.DATAMANAGER_Start) refers (Special) to _printf_percent.o(.ARM.Collect$$_printf_percent$$00000000) for _printf_percent
    data_manager.o(.ARM.exidx.text.DATAMANAGER_Start) refers to data_manager.o(.text.DATAMANAGER_Start) for [Anonymous Symbol]
    data_manager.o(.text.DATAMANAGER_RCread) refers (Special) to _printf_d.o(.ARM.Collect$$_printf_percent$$00000009) for _printf_d
    data_manager.o(.text.DATAMANAGER_RCread) refers (Special) to _printf_dec.o(.text) for _printf_int_dec
    data_manager.o(.text.DATAMANAGER_RCread) refers (Special) to _printf_percent.o(.ARM.Collect$$_printf_percent$$00000000) for _printf_percent
    data_manager.o(.text.DATAMANAGER_RCread) refers to rc_meter.o(.text.RC_GetCapacitance) for RC_GetCapacitance
    data_manager.o(.ARM.exidx.text.DATAMANAGER_RCread) refers (Special) to _printf_d.o(.ARM.Collect$$_printf_percent$$00000009) for _printf_d
    data_manager.o(.ARM.exidx.text.DATAMANAGER_RCread) refers (Special) to _printf_dec.o(.text) for _printf_int_dec
    data_manager.o(.ARM.exidx.text.DATAMANAGER_RCread) refers (Special) to _printf_percent.o(.ARM.Collect$$_printf_percent$$00000000) for _printf_percent
    data_manager.o(.ARM.exidx.text.DATAMANAGER_RCread) refers to data_manager.o(.text.DATAMANAGER_RCread) for [Anonymous Symbol]
    data_manager.o(.text.DATAMANAGER_LRCread) refers (Special) to _printf_d.o(.ARM.Collect$$_printf_percent$$00000009) for _printf_d
    data_manager.o(.text.DATAMANAGER_LRCread) refers (Special) to _printf_dec.o(.text) for _printf_int_dec
    data_manager.o(.text.DATAMANAGER_LRCread) refers (Special) to _printf_percent.o(.ARM.Collect$$_printf_percent$$00000000) for _printf_percent
    data_manager.o(.text.DATAMANAGER_LRCread) refers to lrc_meter.o(.text.LRC_GetInductance) for LRC_GetInductance
    data_manager.o(.ARM.exidx.text.DATAMANAGER_LRCread) refers (Special) to _printf_d.o(.ARM.Collect$$_printf_percent$$00000009) for _printf_d
    data_manager.o(.ARM.exidx.text.DATAMANAGER_LRCread) refers (Special) to _printf_dec.o(.text) for _printf_int_dec
    data_manager.o(.ARM.exidx.text.DATAMANAGER_LRCread) refers (Special) to _printf_percent.o(.ARM.Collect$$_printf_percent$$00000000) for _printf_percent
    data_manager.o(.ARM.exidx.text.DATAMANAGER_LRCread) refers to data_manager.o(.text.DATAMANAGER_LRCread) for [Anonymous Symbol]
    data_manager.o(.text.DATAMANAGER_Write) refers (Special) to _printf_d.o(.ARM.Collect$$_printf_percent$$00000009) for _printf_d
    data_manager.o(.text.DATAMANAGER_Write) refers (Special) to _printf_dec.o(.text) for _printf_int_dec
    data_manager.o(.text.DATAMANAGER_Write) refers (Special) to _printf_percent.o(.ARM.Collect$$_printf_percent$$00000000) for _printf_percent
[...]
    defsig_rtred_inner.o(.text) refers to defsig_general.o(.text) for __default_signal_display
    assert_stdio.o(.text) refers to fputs.o(.text) for fputs
    assert_stdio.o(.text) refers to fflush.o(.text) for fflush
    assert_stdio.o(.text) refers to stdio_streams.o(.bss) for __stderr
    argv_veneer.o(.emb_text) refers to no_argv.o(.text) for __ARM_get_argv
    sys_exit.o(.text) refers (Special) to use_no_semi.o(.text) for __I$use$semihosting
    sys_exit.o(.text) refers (Special) to indicate_semi.o(.text) for __semihosting_library_function
    sys_exit_hlt.o(.text) refers (Special) to use_no_semi.o(.text) for __I$use$semihosting
    sys_exit_hlt.o(.text) refers (Special) to indicate_semi.o(.text) for __semihosting_library_function
    rtexit2.o(.ARM.Collect$$rtexit$$00000003) refers to libshutdown.o(.ARM.Collect$$libshutdown$$00000000) for __rt_lib_shutdown
    rtexit2.o(.ARM.Collect$$rtexit$$00000004) refers to sys_exit.o(.text) for _sys_exit
    rtexit2.o(.ARM.exidx) refers to rtexit2.o(.ARM.Collect$$rtexit$$00000001) for .ARM.Collect$$rtexit$$00000001
    rtexit2.o(.ARM.exidx) refers to rtexit2.o(.ARM.Collect$$rtexit$$00000003) for .ARM.Collect$$rtexit$$00000003
    rtexit2.o(.ARM.exidx) refers to rtexit2.o(.ARM.Collect$$rtexit$$00000004) for .ARM.Collect$$rtexit$$00000004
    maybetermalloc2.o(.text) refers (Special) to term_alloc.o(.text) for _terminate_alloc
    h1_extend.o(.text) refers to h1_free.o(.text) for free
    h1_init_threads.o(.text) refers to mutex_dummy.o(.text) for _mutex_initialize
    h1_extend_threads.o(.text) refers to h1_free_threads.o(.text) for free_internal$concurrent
    fflush.o(.text) refers to stdio.o(.text) for _fflush
    fflush.o(.text) refers to fseek.o(.text) for _fseek
    fflush.o(.text) refers to stdio_streams.o(.bss) for __stdin
    fputs.o(.text) refers to fputc.o(i.fputc) for fputc
    ftell.o(.text) refers to rt_errno_addr_intlibspace.o(.text) for __aeabi_errno_addr
    fflush_locked.o(.text) refers to stdio.o(.text) for _fflush
    fflush_locked.o(.text) refers to fseek.o(.text) for _fseek
    fflush_locked.o(.text) refers to fflush.o(.text) for _do_fflush
    fflush_locked.o(.text) refers to streamlock.o(.data) for _stream_list_lock
    fflush_locked.o(.text) refers to stdio_streams.o(.bss) for __stdin
    __raise.o(.text) refers to defsig.o(CL$$defsig) for __default_signal_handler
    defsig_general.o(.text) refers to sys_wrch.o(.text) for _ttywrch
    defsig_rtmem_outer.o(.text) refers to defsig_rtmem_inner.o(.text) for __rt_SIGRTMEM_inner
    defsig_rtmem_outer.o(.text) refers to defsig_exit.o(.text) for __sig_exit
    defsig_rtmem_formal.o(.text) refers to rt_raise.o(.text) for __rt_raise
    rt_memcpy_v6.o(.text) refers to rt_memcpy_w.o(.text) for __aeabi_memcpy4
    heapauxa.o(.text) refers to heapauxa.o(.data) for .data
    _get_argv.o(.text) refers (Special) to hrguard.o(.text) for __heap_region$guard
    _get_argv.o(.text) refers to h1_alloc.o(.text) for malloc
    _get_argv.o(.text) refers to defsig_rtmem_outer.o(.text) for __rt_SIGRTMEM
    _get_argv.o(.text) refers to sys_command.o(.text) for _sys_command_string
    _get_argv_nomalloc.o(.text) refers (Special) to hrguard.o(.text) for __heap_region$guard
    _get_argv_nomalloc.o(.text) refers to defsig_rtmem_outer.o(.text) for __rt_SIGRTMEM
    _get_argv_nomalloc.o(.text) refers to sys_command.o(.text) for _sys_command_string
    sys_wrch.o(.text) refers (Special) to use_no_semi.o(.text) for __I$use$semihosting
    sys_wrch.o(.text) refers (Special) to indicate_semi.o(.text) for __semihosting_library_function
    sys_command.o(.text) refers (Special) to use_no_semi.o(.text) for __I$use$semihosting
    sys_command.o(.text) refers (Special) to indicate_semi.o(.text) for __semihosting_library_function
    sys_wrch_hlt.o(.text) refers (Special) to use_no_semi.o(.text) for __I$use$semihosting
    sys_wrch_hlt.o(.text) refers (Special) to indicate_semi.o(.text) for __semihosting_library_function
    sys_command_hlt.o(.text) refers (Special) to use_no_semi.o(.text) for __I$use$semihosting
    sys_command_hlt.o(.text) refers (Special) to indicate_semi.o(.text) for __semihosting_library_function
    rt_errno_addr.o(.text) refers to rt_errno_addr.o(.bss) for __aeabi_errno_addr_data
    rt_errno_addr_intlibspace.o(.text) refers to libspace.o(.bss) for __libspace_start
    term_alloc.o(.text) refers (Special) to libshutdown2.o(.ARM.Collect$$libshutdown$$0000000E) for __rt_lib_shutdown_heap_2
    term_alloc.o(.text) refers to rt_heap_descriptor_intlibspace.o(.text) for __rt_heap_descriptor
    term_alloc.o(.text) refers to h1_final.o(.text) for __Heap_Finalize
    defsig_rtmem_inner.o(.text) refers to defsig_general.o(.text) for __default_signal_display
    defsig.o(CL$$defsig) refers to defsig_rtred_inner.o(.text) for __rt_SIGRTRED_inner
    defsig.o(CL$$defsig) refers to defsig_rtmem_inner.o(.text) for __rt_SIGRTMEM_inner
    libshutdown.o(.ARM.Collect$$libshutdown$$00000000) refers (Special) to libshutdown2.o(.ARM.Collect$$libshutdown$$00000002) for __rt_lib_shutdown_cpp_1
    libshutdown.o(.ARM.Collect$$libshutdown$$00000000) refers (Special) to libshutdown2.o(.ARM.Collect$$libshutdown$$00000007) for __rt_lib_shutdown_fp_trap_1
    libshutdown.o(.ARM.Collect$$libshutdown$$00000000) refers (Special) to libshutdown2.o(.ARM.Collect$$libshutdown$$0000000F) for __rt_lib_shutdown_heap_1
    libshutdown.o(.ARM.Collect$$libshutdown$$00000000) refers (Special) to libshutdown2.o(.ARM.Collect$$libshutdown$$00000010) for __rt_lib_shutdown_return
    libshutdown.o(.ARM.Collect$$libshutdown$$00000000) refers (Special) to libshutdown2.o(.ARM.Collect$$libshutdown$$0000000A) for __rt_lib_shutdown_signal_1
    libshutdown.o(.ARM.Collect$$libshutdown$$00000000) refers (Special) to libshutdown2.o(.ARM.Collect$$libshutdown$$00000004) for __rt_lib_shutdown_stdio_1
    libshutdown.o(.ARM.Collect$$libshutdown$$00000000) refers (Special) to libshutdown2.o(.ARM.Collect$$libshutdown$$0000000C) for __rt_lib_shutdown_user_alloc_1
    defsig_abrt_inner.o(.text) refers to defsig_general.o(.text) for __default_signal_display
    defsig_fpe_inner.o(.text) refers to defsig_general.o(.text) for __default_signal_display
    defsig_stak_inner.o(.text) refers to defsig_general.o(.text) for __default_signal_display
    defsig_pvfn_inner.o(.text) refers to defsig_general.o(.text) for __default_signal_display
    defsig_cppl_inner.o(.text) refers to defsig_general.o(.text) for __default_signal_display
    defsig_segv_inner.o(.text) refers to defsig_general.o(.text) for __default_signal_display
    defsig_other.o(.text) refers to defsig_general.o(.text) for __default_signal_display


==============================================================================

Removing Unused input sections from the image.

    Removing data_manager.o(.text), (0 bytes).
    Removing data_manager.o(.ARM.exidx.text.DATAMANAGER_Init), (8 bytes).
    Removing data_manager.o(.ARM.exidx.text.DATAMANAGER_Start), (8 bytes).
    Removing data_manager.o(.ARM.exidx.text.DATAMANAGER_RCread), (8 bytes).
    Removing data_manager.o(.ARM.exidx.text.DATAMANAGER_LRCread), (8 bytes).
    Removing data_manager.o(.ARM.exidx.text.DATAMANAGER_Write), (8 bytes).
    Removing lcd.o(.text), (0 bytes).
    Removing lcd.o(.ARM.exidx.text.LCD_Init), (8 bytes).
    Removing lcd.o(.text.delay_us), (2 bytes).
    Removing lcd.o(.ARM.exidx.text.delay_us), (8 bytes).
    Removing lcd.o(.ARM.exidx.text.LCD_sendCommand), (8 bytes).
    Removing lcd.o(.text.LCD_sendChar), (62 bytes).
    Removing lcd.o(.ARM.exidx.text.LCD_sendChar), (8 bytes).
    Removing lcd.o(.text.LCD_sendString), (26 bytes).
    Removing lcd.o(.ARM.exidx.text.LCD_sendString), (8 bytes).
    Removing lcd.o(.text.LCD_goToXY), (20 bytes).
    Removing lcd.o(.ARM.exidx.text.LCD_goToXY), (8 bytes).
    Removing lrc_meter.o(.text), (0 bytes).
    Removing lrc_meter.o(.ARM.exidx.text.LRC_Init), (8 bytes).
    Removing lrc_meter.o(.ARM.exidx.text.LRC_StartConvertion), (8 bytes).
    Removing lrc_meter.o(.ARM.exidx.text.LRC_GetInductance), (8 bytes).
    Removing main.o(.text), (0 bytes).
    Removing main.o(.ARM.exidx.text.main), (8 bytes).
    Removing main.o(.ARM.use_no_argv), (4 bytes).
    Removing rc_meter.o(.text), (0 bytes).
    Removing rc_meter.o(.ARM.exidx.text.ADC1_2_IRQHandler), (8 bytes).
    Removing rc_meter.o(.ARM.exidx.text.RC_Init), (8 bytes).
    Removing rc_meter.o(.ARM.exidx.text.enableInterrupts), (8 bytes).
    Removing rc_meter.o(.text.disableInterrupts), (14 bytes).
    Removing rc_meter.o(.ARM.exidx.text.disableInterrupts), (8 bytes).
    Removing rc_meter.o(.ARM.exidx.text.RC_StartConvertion), (8 bytes).
    Removing rc_meter.o(.ARM.exidx.text.__NVIC_EnableIRQ), (8 bytes).
    Removing rc_meter.o(.ARM.exidx.text.RC_GetCapacitance), (8 bytes).
    Removing seos.o(.text), (0 bytes).
    Removing seos.o(.ARM.exidx.text.SysTick_Handler), (8 bytes).
    Removing seos.o(.ARM.exidx.text.SEOS_Schedule), (8 bytes).
    Removing seos.o(.ARM.exidx.text.seos_init), (8 bytes).
    Removing seos.o(.ARM.exidx.text.SysTick_Config), (8 bytes).
    Removing seos.o(.ARM.exidx.text.SEOS_Boot), (8 bytes).
    Removing seos.o(.ARM.exidx.text.SEOS_Dispatch), (8 bytes).
    Removing seos.o(.ARM.exidx.text.SEOS_Sleep), (8 bytes).
    Removing seos.o(.ARM.exidx.text.__NVIC_SetPriority), (8 bytes).
    Removing timer.o(.text), (0 bytes).
    Removing timer.o(.text.TIMER_delay_ms), (2 bytes).
    Removing timer.o(.ARM.exidx.text.TIMER_delay_ms), (8 bytes).
    Removing timer.o(.text.TIMER_delay_us), (2 bytes).
    Removing timer.o(.ARM.exidx.text.TIMER_delay_us), (8 bytes).
    Removing timer.o(.text.TIMER_getTime), (4 bytes).
    Removing timer.o(.ARM.exidx.text.TIMER_getTime), (8 bytes).
    Removing retarget_io.o(.text), (0 bytes).
    Removing retarget_io.o(.ARM.exidx.text.ITM_SendChar), (8 bytes).
    Removing retarget_io.o(.text.ITM_ReceiveChar), (32 bytes).
    Removing retarget_io.o(.ARM.exidx.text.ITM_ReceiveChar), (8 bytes).
    Removing retarget_io.o(.ARM.exidx.text._sys_open), (8 bytes).
    Removing retarget_io.o(.ARM.exidx.text._sys_close), (8 bytes).
    Removing retarget_io.o(.ARM.exidx.text._sys_write), (8 bytes).
    Removing retarget_io.o(.ARM.exidx.text.stdout_putchar), (8 bytes).
    Removing retarget_io.o(.ARM.exidx.text.stderr_putchar), (8 bytes).
    Removing retarget_io.o(.text._sys_read), (40 bytes).
    Removing retarget_io.o(.ARM.exidx.text._sys_read), (8 bytes).
    Removing retarget_io.o(.text.stdin_getchar), (14 bytes).
    Removing retarget_io.o(.ARM.exidx.text.stdin_getchar), (8 bytes).
    Removing retarget_io.o(.ARM.exidx.text._sys_istty), (8 bytes).
    Removing retarget_io.o(.ARM.exidx.text._sys_seek), (8 bytes).
    Removing retarget_io.o(.ARM.exidx.text._sys_flen), (8 bytes).
    Removing retarget_io.o(.data.ITM_RxBuffer), (4 bytes).
    Removing system_stm32f10x.o(.text), (0 bytes).
    Removing system_stm32f10x.o(.ARM.exidx.text.SystemInit), (8 bytes).
    Removing system_stm32f10x.o(.ARM.exidx.text.SetSysClock), (8 bytes).
    Removing system_stm32f10x.o(.text.SystemCoreClockUpdate), (110 bytes).
    Removing system_stm32f10x.o(.ARM.exidx.text.SystemCoreClockUpdate), (8 bytes).
    Removing system_stm32f10x.o(.ARM.exidx.text.SetSysClockTo72), (8 bytes).
    Removing system_stm32f10x.o(.rodata.AHBPrescTable), (16 bytes).

73 unused section(s) (total 744 bytes) removed from the image.

==============================================================================

Image Symbol Table

    Local Symbols

    Symbol Name                              Value     Ov Type        Size  Object(Section)

    ../clib/angel/boardlib.s                 0x00000000   Number         0  boardinit1.o ABSOLUTE
    ../clib/angel/boardlib.s                 0x00000000   Number         0  boardinit2.o ABSOLUTE
    ../clib/angel/boardlib.s                 0x00000000   Number         0  boardinit3.o ABSOLUTE
    ../clib/angel/boardlib.s                 0x00000000   Number         0  boardshut.o ABSOLUTE
    ../clib/angel/handlers.s                 0x00000000   Number         0  __scatter_copy.o ABSOLUTE
    ../clib/angel/handlers.s                 0x00000000   Number         0  __scatter_zi.o ABSOLUTE
    ../clib/angel/kernel.s                   0x00000000   Number         0  __rtentry.o ABSOLUTE
    ../clib/angel/kernel.s                   0x00000000   Number         0  __rtentry2.o ABSOLUTE
    ../clib/angel/kernel.s                   0x00000000   Number         0  __rtentry4.o ABSOLUTE
    ../clib/angel/kernel.s                   0x00000000   Number         0  rtexit.o ABSOLUTE
    ../clib/angel/kernel.s                   0x00000000   Number         0  rtexit2.o ABSOLUTE
    ../clib/angel/rt.s                       0x00000000   Number         0  rt_raise.o ABSOLUTE
    ../clib/angel/rt.s                       0x00000000   Number         0  rt_heap_descriptor.o ABSOLUTE
    ../clib/angel/rt.s                       0x00000000   Number         0  rt_heap_descriptor_intlibspace.o ABSOLUTE
    ../clib/angel/rt.s                       0x00000000   Number         0  rt_errno_addr.o ABSOLUTE
    ../clib/angel/rt.s                       0x00000000   Number         0  rt_errno_addr_intlibspace.o ABSOLUTE
    ../clib/angel/scatter.s                  0x00000000   Number         0  __scatter.o ABSOLUTE
    ../clib/angel/startup.s                  0x00000000   Number         0  __main.o ABSOLUTE
    ../clib/angel/sys.s                      0x00000000   Number         0  mutex_dummy.o ABSOLUTE
    ../clib/angel/sys.s                      0x00000000   Number         0  sys_stackheap_outer.o ABSOLUTE
    ../clib/angel/sys.s                      0x00000000   Number         0  libspace.o ABSOLUTE
    ../clib/angel/sys.s                      0x00000000   Number         0  use_no_semi.o ABSOLUTE
    ../clib/angel/sys.s                      0x00000000   Number         0  indicate_semi.o ABSOLUTE
    ../clib/angel/sysapp.c                   0x00000000   Number         0  sys_exit.o ABSOLUTE
    ../clib/angel/sysapp.c                   0x00000000   Number         0  sys_exit_hlt.o ABSOLUTE
    ../clib/angel/sysapp.c                   0x00000000   Number         0  sys_wrch.o ABSOLUTE
    ../clib/angel/sysapp.c                   0x00000000   Number         0  sys_command.o ABSOLUTE
    ../clib/angel/sysapp.c                   0x00000000   Number         0  sys_wrch_hlt.o ABSOLUTE
    ../clib/angel/sysapp.c                   0x00000000   Number         0  sys_command_hlt.o ABSOLUTE
    ../clib/armsys.c                         0x00000000   Number         0  argv_veneer.o ABSOLUTE
    ../clib/armsys.c                         0x00000000   Number         0  argv_veneer.o ABSOLUTE
    ../clib/armsys.c                         0x00000000   Number         0  _get_argv.o ABSOLUTE
    ../clib/armsys.c                         0x00000000   Number         0  _get_argv_nomalloc.o ABSOLUTE
    ../clib/armsys.c                         0x00000000   Number         0  no_argv.o ABSOLUTE
    ../clib/assert.c                         0x00000000   Number         0  assert_stdio.o ABSOLUTE
    ../clib/heap1.c                          0x00000000   Number         0  h1_free.o ABSOLUTE
    ../clib/heap1.c                          0x00000000   Number         0  h1_free_threads.o ABSOLUTE
    ../clib/heap1.c                          0x00000000   Number         0  h1_alloc.o ABSOLUTE
    ../clib/heap1.c                          0x00000000   Number         0  h1_alloc_threads.o ABSOLUTE
    ../clib/heap1.c                          0x00000000   Number         0  h1_init.o ABSOLUTE
    ../clib/heap1.c                          0x00000000   Number         0  h1_extend.o ABSOLUTE
    ../clib/heap1.c                          0x00000000   Number         0  h1_init_threads.o ABSOLUTE
    ../clib/heap1.c                          0x00000000   Number         0  h1_extend_threads.o ABSOLUTE
    ../clib/heap1.c                          0x00000000   Number         0  h1_final.o ABSOLUTE
    ../clib/heap1.c                          0x00000000   Number         0  h1_final_threads.o ABSOLUTE
    ../clib/heap2.c                          0x00000000   Number         0  heap2.o ABSOLUTE
    ../clib/heap2.c                          0x00000000   Number         0  heap2_threads.o ABSOLUTE
    ../clib/heap2.c                          0x00000000   Number         0  fdtree.o ABSOLUTE
    ../clib/heapalloc.c                      0x00000000   Number         0  free.o ABSOLUTE
    ../clib/heapalloc.c                      0x00000000   Number         0  hguard.o ABSOLUTE
    ../clib/heapalloc.c                      0x00000000   Number         0  init_alloc.o ABSOLUTE
    ../clib/heapalloc.c                      0x00000000   Number         0  malloc.o ABSOLUTE
    ../clib/heapalloc.c                      0x00000000   Number         0  heapstubs.o ABSOLUTE
    ../clib/heapalloc.c                      0x00000000   Number         0  hrguard.o ABSOLUTE
    ../clib/heapalloc.c                      0x00000000   Number         0  term_alloc.o ABSOLUTE
    ../clib/heapaux.c                        0x00000000   Number         0  heapauxi.o ABSOLUTE
    ../clib/heapaux.c                        0x00000000   Number         0  heapauxa.o ABSOLUTE
    ../clib/libinit.s                        0x00000000   Number         0  libinit.o ABSOLUTE
    ../clib/libinit.s                        0x00000000   Number         0  libinit2.o ABSOLUTE
    ../clib/libinit.s                        0x00000000   Number         0  libshutdown2.o ABSOLUTE
    ../clib/libinit.s                        0x00000000   Number         0  libshutdown.o ABSOLUTE
    ../clib/maybe.s                          0x00000000   Number         0  maybetermalloc1.o ABSOLUTE
    ../clib/maybe.s                          0x00000000   Number         0  maybetermalloc2.o ABSOLUTE
    ../clib/memcpset.s                       0x00000000   Number         0  strcmpv7m.o ABSOLUTE
    ../clib/memcpset.s                       0x00000000   Number         0  rt_memclr_w.o ABSOLUTE
    ../clib/memcpset.s                       0x00000000   Number         0  rt_memcpy_w.o ABSOLUTE
    ../clib/memcpset.s                       0x00000000   Number         0  rt_memcpy_v6.o ABSOLUTE
    ../clib/printf.c                         0x00000000   Number         0  __2printf.o ABSOLUTE
    ../clib/printf.c                         0x00000000   Number         0  noretval__2printf.o ABSOLUTE
    ../clib/printf.c                         0x00000000   Number         0  __printf.o ABSOLUTE
    ../clib/printf.c                         0x00000000   Number         0  _printf_dec.o ABSOLUTE
    ../clib/printf.c                         0x00000000   Number         0  __printf_flags.o ABSOLUTE
    ../clib/printf.c                         0x00000000   Number         0  __printf_ss.o ABSOLUTE
    ../clib/printf.c                         0x00000000   Number         0  __printf_flags_ss.o ABSOLUTE
    ../clib/printf.c                         0x00000000   Number         0  __printf_wp.o ABSOLUTE
    ../clib/printf.c                         0x00000000   Number         0  __printf_flags_wp.o ABSOLUTE
    ../clib/printf.c                         0x00000000   Number         0  __printf_ss_wp.o ABSOLUTE
    ../clib/printf.c                         0x00000000   Number         0  __printf_flags_ss_wp.o ABSOLUTE
    ../clib/printf.c                         0x00000000   Number         0  _printf_intcommon.o ABSOLUTE
    ../clib/printf.c                         0x00000000   Number         0  _printf_char_file.o ABSOLUTE
    ../clib/printf.c                         0x00000000   Number         0  _printf_char_common.o ABSOLUTE
    ../clib/printf.c                         0x00000000   Number         0  __printf_nopercent.o ABSOLUTE
    ../clib/printf.c                         0x00000000   Number         0  _printf_char_file_locked.o ABSOLUTE
    ../clib/printf_percent.s                 0x00000000   Number         0  _printf_d.o ABSOLUTE
    ../clib/printf_percent.s                 0x00000000   Number         0  _printf_percent.o ABSOLUTE
    ../clib/printf_percent.s                 0x00000000   Number         0  _printf_percent_end.o ABSOLUTE
    ../clib/signal.c                         0x00000000   Number         0  defsig_rtred_outer.o ABSOLUTE
    ../clib/signal.c                         0x00000000   Number         0  defsig_rtred_formal.o ABSOLUTE
    ../clib/signal.c                         0x00000000   Number         0  defsig_exit.o ABSOLUTE
    ../clib/signal.c                         0x00000000   Number         0  defsig_rtred_inner.o ABSOLUTE
    ../clib/signal.c                         0x00000000   Number         0  __raise.o ABSOLUTE
    ../clib/signal.c                         0x00000000   Number         0  defsig_general.o ABSOLUTE
    ../clib/signal.c                         0x00000000   Number         0  defsig_rtmem_outer.o ABSOLUTE
    ../clib/signal.c                         0x00000000   Number         0  defsig_rtmem_formal.o ABSOLUTE
    ../clib/signal.c                         0x00000000   Number         0  defsig_rtmem_inner.o ABSOLUTE
    ../clib/signal.c                         0x00000000   Number         0  defsig_abrt_inner.o ABSOLUTE
    ../clib/signal.c                         0x00000000   Number         0  defsig_fpe_inner.o ABSOLUTE
    ../clib/signal.c                         0x00000000   Number         0  defsig_stak_inner.o ABSOLUTE
    ../clib/signal.c                         0x00000000   Number         0  defsig_pvfn_inner.o ABSOLUTE
    ../clib/signal.c                         0x00000000   Number         0  defsig_cppl_inner.o ABSOLUTE
    ../clib/signal.c                         0x00000000   Number         0  defsig_segv_inner.o ABSOLUTE
    ../clib/signal.c                         0x00000000   Number         0  defsig_other.o ABSOLUTE
    ../clib/signal.s                         0x00000000   Number         0  defsig.o ABSOLUTE
    ../clib/stdio.c                          0x00000000   Number         0  stdio_streams.o ABSOLUTE
    ../clib/stdio.c                          0x00000000   Number         0  ferror.o ABSOLUTE
    ../clib/stdio.c                          0x00000000   Number         0  fputc.o ABSOLUTE
    ../clib/stdio.c                          0x00000000   Number         0  initio.o ABSOLUTE
    ../clib/stdio.c                          0x00000000   Number         0  fputc_locked.o ABSOLUTE
    ../clib/stdio.c                          0x00000000   Number         0  ferror_locked.o ABSOLUTE
    ../clib/stdio.c                          0x00000000   Number         0  initio_locked.o ABSOLUTE
    ../clib/stdio.c                          0x00000000   Number         0  flsbuf.o ABSOLUTE
    ../clib/stdio.c                          0x00000000   Number         0  setvbuf.o ABSOLUTE
    ../clib/stdio.c                          0x00000000   Number         0  streamlock.o ABSOLUTE
    ../clib/stdio.c                          0x00000000   Number         0  fopen.o ABSOLUTE
    ../clib/stdio.c                          0x00000000   Number         0  fclose.o ABSOLUTE
    ../clib/stdio.c                          0x00000000   Number         0  setvbuf_locked.o ABSOLUTE
    ../clib/stdio.c                          0x00000000   Number         0  fopen_locked.o ABSOLUTE
    ../clib/stdio.c                          0x00000000   Number         0  fseek.o ABSOLUTE
    ../clib/stdio.c                          0x00000000   Number         0  stdio.o ABSOLUTE
    ../clib/stdio.c                          0x00000000   Number         0  fwritefast.o ABSOLUTE
    ../clib/stdio.c                          0x00000000   Number         0  fwritefast_locked.o ABSOLUTE
    ../clib/stdio.c                          0x00000000   Number         0  fflush.o ABSOLUTE
    ../clib/stdio.c                          0x00000000   Number         0  fputs.o ABSOLUTE
    ../clib/stdio.c                          0x00000000   Number         0  ftell.o ABSOLUTE
    ../clib/stdio.c                          0x00000000   Number         0  fputs_locked.o ABSOLUTE
    ../clib/stdio.c                          0x00000000   Number         0  fflush_locked.o ABSOLUTE
    ../clib/stdlib.c                         0x00000000   Number         0  exit.o ABSOLUTE
    ../clib/wchar.c                          0x00000000   Number         0  flsbuf_fwide.o ABSOLUTE
    ../fplib/fpinit.s                        0x00000000   Number         0  fpinit.o ABSOLUTE
    ../fplib/fpinit_empty.s                  0x00000000   Number         0  fpinit_empty.o ABSOLUTE
    RTE/Device/STM32F103C6/startup_stm32f10x_ld.s 0x00000000   Number         0  startup_stm32f10x_ld.o ABSOLUTE
    data_manager.c                           0x00000000   Number         0  data_manager.o ABSOLUTE
    dc.s                                     0x00000000   Number         0  dc.o ABSOLUTE
    lcd.c                                    0x00000000   Number         0  lcd.o ABSOLUTE
    lrc_meter.c                              0x00000000   Number         0  lrc_meter.o ABSOLUTE
    main.c                                   0x00000000   Number         0  main.o ABSOLUTE
    rc_meter.c                               0x00000000   Number         0  rc_meter.o ABSOLUTE
    retarget_io.c                            0x00000000   Number         0  retarget_io.o ABSOLUTE
    seos.c                                   0x00000000   Number         0  seos.o ABSOLUTE
    system_stm32f10x.c                       0x00000000   Number         0  system_stm32f10x.o ABSOLUTE
    timer.c                                  0x00000000   Number         0  timer.o ABSOLUTE
    RESET                                    0x08000000   Section      236  startup_stm32f10x_ld.o(RESET)
    !!!main                                  0x080000ec   Section        8  __main.o(!!!main)
    !!!scatter                               0x080000f4   Section       52  __scatter.o(!!!scatter)
    !!handler_copy                           0x08000128   Section       26  __scatter_copy.o(!!handler_copy)
    !!handler_zi                             0x08000144   Section       28  __scatter_zi.o(!!handler_zi)
    .ARM.Collect$$_printf_percent$$00000000  0x08000160   Section        0  _printf_percent.o(.ARM.Collect$$_printf_percent$$00000000)
    .ARM.Collect$$_printf_percent$$00000009  0x08000160   Section        6  _printf_d.o(.ARM.Collect$$_printf_percent$$00000009)
    .ARM.Collect$$_printf_percent$$00000017  0x08000166   Section        4  _printf_percent_end.o(.ARM.Collect$$_printf_percent$$00000017)
    .ARM.Collect$$libinit$$00000000          0x0800016a   Section        2  libinit.o(.ARM.Collect$$libinit$$00000000)
    .ARM.Collect$$libinit$$00000002          0x0800016c   Section        0  libinit2.o(.ARM.Collect$$libinit$$00000002)
    .ARM.Collect$$libinit$$00000004          0x0800016c   Section        0  libinit2.o(.ARM.Collect$$libinit$$00000004)
    .ARM.Collect$$libinit$$00000005          0x0800016c   Section        8  libinit2.o(.ARM.Collect$$libinit$$00000005)
    .ARM.Collect$$libinit$$0000000A          0x08000174   Section        0  libinit2.o(.ARM.Collect$$libinit$$0000000A)
    .ARM.Collect$$libinit$$0000000C          0x08000174   Section        0  libinit2.o(.ARM.Collect$$libinit$$0000000C)
    .ARM.Collect$$libinit$$0000000E          0x08000174   Section        0  libinit2.o(.ARM.Collect$$libinit$$0000000E)
    .ARM.Collect$$libinit$$00000011          0x08000174   Section        0  libinit2.o(.ARM.Collect$$libinit$$00000011)
    .ARM.Collect$$libinit$$00000013          0x08000174   Section        0  libinit2.o(.ARM.Collect$$libinit$$00000013)
    .ARM.Collect$$libinit$$00000015          0x08000174   Section        0  libinit2.o(.ARM.Collect$$libinit$$00000015)
    .ARM.Collect$$libinit$$00000017          0x08000174   Section        0  libinit2.o(.ARM.Collect$$libinit$$00000017)
    .ARM.Collect$$libinit$$00000019          0x08000174   Section        0  libinit2.o(.ARM.Collect$$libinit$$00000019)
    .ARM.Collect$$libinit$$0000001B          0x08000174   Section        0  libinit2.o(.ARM.Collect$$libinit$$0000001B)
    .ARM.Collect$$libinit$$0000001D          0x08000174   Section        0  libinit2.o(.ARM.Collect$$libinit$$0000001D)
    .ARM.Collect$$libinit$$0000001F          0x08000174   Section        0  libinit2.o(.ARM.Collect$$libinit$$0000001F)
    .ARM.Collect$$libinit$$00000021          0x08000174   Section        0  libinit2.o(.ARM.Collect$$libinit$$00000021)
    .ARM.Collect$$libinit$$00000023          0x08000174   Section        0  libinit2.o(.ARM.Collect$$libinit$$00000023)
    .ARM.Collect$$libinit$$00000024          0x08000174   Section        4  libinit2.o(.ARM.Collect$$libinit$$00000024)
    .ARM.Collect$$libinit$$00000025          0x08000178   Section        0  libinit2.o(.ARM.Collect$$libinit$$00000025)
    .ARM.Collect$$libinit$$0000002C          0x08000178   Section        0  libinit2.o(.ARM.Collect$$libinit$$0000002C)
    .ARM.Collect$$libinit$$0000002E          0x08000178   Section        0  libinit2.o(.ARM.Collect$$libinit$$0000002E)
    .ARM.Collect$$libinit$$00000030          0x08000178   Section        0  libinit2.o(.ARM.Collect$$libinit$$00000030)
    .ARM.Collect$$libinit$$00000032          0x08000178   Section        0  libinit2.o(.ARM.Collect$$libinit$$00000032)
    .ARM.Collect$$libinit$$00000033          0x08000178   Section        2  libinit2.o(.ARM.Collect$$libinit$$00000033)
    .ARM.Collect$$libshutdown$$00000000      0x0800017a   Section        2  libshutdown.o(.ARM.Collect$$libshutdown$$00000000)
    .ARM.Collect$$libshutdown$$00000002      0x0800017c   Section        0  libshutdown2.o(.ARM.Collect$$libshutdown$$00000002)
    .ARM.Collect$$libshutdown$$00000003      0x0800017c   Section        4  libshutdown2.o(.ARM.Collect$$libshutdown$$00000003)
    .ARM.Collect$$libshutdown$$00000004      0x08000180   Section        0  libshutdown2.o(.ARM.Collect$$libshutdown$$00000004)
    .ARM.Collect$$libshutdown$$00000007      0x08000180   Section        0  libshutdown2.o(.ARM.Collect$$libshutdown$$00000007)
    .ARM.Collect$$libshutdown$$0000000A      0x08000180   Section        0  libshutdown2.o(.ARM.Collect$$libshutdown$$0000000A)
    .ARM.Collect$$libshutdown$$0000000C      0x08000180   Section        0  libshutdown2.o(.ARM.Collect$$libshutdown$$0000000C)
    .ARM.Collect$$libshutdown$$0000000F      0x08000180   Section        0  libshutdown2.o(.ARM.Collect$$libshutdown$$0000000F)
    .ARM.Collect$$libshutdown$$00000010      0x08000180   Section        2  libshutdown2.o(.ARM.Collect$$libshutdown$$00000010)
    .ARM.Collect$$rtentry$$00000000          0x08000182   Section        0  __rtentry.o(.ARM.Collect$$rtentry$$00000000)
    .ARM.Collect$$rtentry$$00000002          0x08000182   Section        0  __rtentry2.o(.ARM.Collect$$rtentry$$00000002)
    .ARM.Collect$$rtentry$$00000004          0x08000182   Section        6  __rtentry4.o(.ARM.Collect$$rtentry$$00000004)
    .ARM.Collect$$rtentry$$00000009          0x08000188   Section        0  __rtentry2.o(.ARM.Collect$$rtentry$$00000009)
    .ARM.Collect$$rtentry$$0000000A          0x08000188   Section        4  __rtentry2.o(.ARM.Collect$$rtentry$$0000000A)
    .ARM.Collect$$rtentry$$0000000C          0x0800018c   Section        0  __rtentry2.o(.ARM.Collect$$rtentry$$0000000C)
    .ARM.Collect$$rtentry$$0000000D          0x0800018c   Section        8  __rtentry2.o(.ARM.Collect$$rtentry$$0000000D)
    .ARM.Collect$$rtexit$$00000000           0x08000194   Section        2  rtexit.o(.ARM.Collect$$rtexit$$00000000)
    .ARM.Collect$$rtexit$$00000002           0x08000196   Section        0  rtexit2.o(.ARM.Collect$$rtexit$$00000002)
    .ARM.Collect$$rtexit$$00000003           0x08000196   Section        4  rtexit2.o(.ARM.Collect$$rtexit$$00000003)
    .ARM.Collect$$rtexit$$00000004           0x0800019a   Section        6  rtexit2.o(.ARM.Collect$$rtexit$$00000004)
    .text                                    0x080001a0   Section       64  startup_stm32f10x_ld.o(.text)
    .text                                    0x080001e0   Section        0  noretval__2printf.o(.text)
    .text                                    0x080001f8   Section        0  __printf.o(.text)
    .text                                    0x08000260   Section        0  _printf_dec.o(.text)
    .text                                    0x080002d8   Section      128  strcmpv7m.o(.text)
    .text                                    0x08000358   Section        0  heapauxi.o(.text)
    .text                                    0x0800035e   Section        0  _printf_intcommon.o(.text)
    .text                                    0x08000410   Section        0  _printf_char_file.o(.text)
    _printf_input_char                       0x08000435   Thumb Code    10  _printf_char_common.o(.text)
    .text                                    0x08000434   Section        0  _printf_char_common.o(.text)
    .text                                    0x08000464   Section        0  ferror.o(.text)
    .text                                    0x0800046c   Section        0  initio.o(.text)
    .text                                    0x080005a4   Section       74  sys_stackheap_outer.o(.text)
    .text                                    0x080005ee   Section        0  h1_free.o(.text)
    .text                                    0x0800063c   Section        0  flsbuf.o(.text)
    .text                                    0x08000812   Section        0  setvbuf.o(.text)
    _freopen_locked                          0x08000859   Thumb Code     0  fopen.o(.text)
    .text                                    0x08000858   Section        0  fopen.o(.text)
    .text                                    0x08000948   Section        0  fclose.o(.text)
    .text                                    0x08000994   Section        0  exit.o(.text)
    .text                                    0x080009a6   Section        0  defsig_rtred_outer.o(.text)
    .text                                    0x080009b4   Section       78  rt_memclr_w.o(.text)
    .text                                    0x08000a04   Section        8  libspace.o(.text)
    .text                                    0x08000a0c   Section        8  rt_heap_descriptor_intlibspace.o(.text)
    .text                                    0x08000a14   Section        0  hguard.o(.text)
    .text                                    0x08000a18   Section        0  init_alloc.o(.text)
    .text                                    0x08000aa2   Section        0  h1_alloc.o(.text)
    .text                                    0x08000b00   Section        0  fseek.o(.text)
    .text                                    0x08000bf8   Section        0  stdio.o(.text)
    .text                                    0x08000ce8   Section        0  defsig_exit.o(.text)
    .text                                    0x08000cf4   Section        0  defsig_rtred_inner.o(.text)
    .text                                    0x08000d28   Section        0  sys_exit.o(.text)
    .text                                    0x08000d34   Section        0  maybetermalloc1.o(.text)
    .text                                    0x08000d34   Section        0  h1_init.o(.text)
    .text                                    0x08000d42   Section        0  h1_extend.o(.text)
    .text                                    0x08000d76   Section        0  ftell.o(.text)
    .text                                    0x08000db8   Section        0  defsig_general.o(.text)
    .text                                    0x08000dea   Section        0  defsig_rtmem_outer.o(.text)
    .text                                    0x08000df8   Section        0  sys_wrch.o(.text)
    .text                                    0x08000e06   Section        2  use_no_semi.o(.text)
    .text                                    0x08000e08   Section        0  indicate_semi.o(.text)
    .text                                    0x08000e08   Section        8  rt_errno_addr_intlibspace.o(.text)
    .text                                    0x08000e10   Section        0  defsig_rtmem_inner.o(.text)
    [Anonymous Symbol]                       0x08000e60   Section        0  rc_meter.o(.text.ADC1_2_IRQHandler)
    [Anonymous Symbol]                       0x08000e84   Section        0  data_manager.o(.text.DATAMANAGER_Init)
    [Anonymous Symbol]                       0x08000e88   Section        0  data_manager.o(.text.DATAMANAGER_LRCread)
    [Anonymous Symbol]                       0x08000e90   Section        0  data_manager.o(.text.DATAMANAGER_RCread)
    [Anonymous Symbol]                       0x08000e98   Section        0  data_manager.o(.text.DATAMANAGER_Start)
    [Anonymous Symbol]                       0x08000ea8   Section        0  data_manager.o(.text.DATAMANAGER_Write)
    [Anonymous Symbol]                       0x08000ec0   Section        0  retarget_io.o(.text.ITM_SendChar)
    [Anonymous Symbol]                       0x08000ef0   Section        0  lcd.o(.text.LCD_Init)
    [Anonymous Symbol]                       0x08000f58   Section        0  lcd.o(.text.LCD_sendCommand)
    [Anonymous Symbol]                       0x08000f90   Section        0  lrc_meter.o(.text.LRC_GetInductance)
    [Anonymous Symbol]                       0x08000f9c   Section        0  lrc_meter.o(.text.LRC_Init)
    [Anonymous Symbol]                       0x08000fac   Section        0  lrc_meter.o(.text.LRC_StartConvertion)
    [Anonymous Symbol]                       0x08000fb0   Section        0  rc_meter.o(.text.RC_GetCapacitance)
    [Anonymous Symbol]                       0x08000fbc   Section        0  rc_meter.o(.text.RC_Init)
    [Anonymous Symbol]                       0x0800100c   Section        0  rc_meter.o(.text.RC_StartConvertion)
    [Anonymous Symbol]                       0x08001034   Section        0  seos.o(.text.SEOS_Boot)
    [Anonymous Symbol]                       0x08001054   Section        0  seos.o(.text.SEOS_Dispatch)
    [Anonymous Symbol]                       0x08001098   Section        0  seos.o(.text.SEOS_Schedule)
    [Anonymous Symbol]                       0x080010c0   Section        0  seos.o(.text.SEOS_Sleep)
    SetSysClock                              0x080010c5   Thumb Code     8  system_stm32f10x.o(.text.SetSysClock)
    [Anonymous Symbol]                       0x080010c4   Section        0  system_stm32f10x.o(.text.SetSysClock)
    SetSysClockTo72                          0x080010cd   Thumb Code   190  system_stm32f10x.o(.text.SetSysClockTo72)
    [Anonymous Symbol]                       0x080010cc   Section        0  system_stm32f10x.o(.text.SetSysClockTo72)
    SysTick_Config                           0x0800118d   Thumb Code    36  seos.o(.text.SysTick_Config)
    [Anonymous Symbol]                       0x0800118c   Section        0  seos.o(.text.SysTick_Config)
    [Anonymous Symbol]                       0x080011b0   Section        0  seos.o(.text.SysTick_Handler)
    [Anonymous Symbol]                       0x080011b8   Section        0  system_stm32f10x.o(.text.SystemInit)
    __NVIC_EnableIRQ                         0x08001211   Thumb Code    16  rc_meter.o(.text.__NVIC_EnableIRQ)
    [Anonymous Symbol]                       0x08001210   Section        0  rc_meter.o(.text.__NVIC_EnableIRQ)
    __NVIC_SetPriority                       0x08001221   Thumb Code    14  seos.o(.text.__NVIC_SetPriority)
    [Anonymous Symbol]                       0x08001220   Section        0  seos.o(.text.__NVIC_SetPriority)
    [Anonymous Symbol]                       0x08001230   Section        0  retarget_io.o(.text._sys_close)
    [Anonymous Symbol]                       0x08001244   Section        0  retarget_io.o(.text._sys_flen)
    [Anonymous Symbol]                       0x08001248   Section        0  retarget_io.o(.text._sys_istty)
    [Anonymous Symbol]                       0x08001258   Section        0  retarget_io.o(.text._sys_open)
    [Anonymous Symbol]                       0x080012bc   Section        0  retarget_io.o(.text._sys_seek)
    [Anonymous Symbol]                       0x080012c4   Section        0  retarget_io.o(.text._sys_write)
    [Anonymous Symbol]                       0x08001308   Section        0  rc_meter.o(.text.enableInterrupts)
    [Anonymous Symbol]                       0x08001318   Section        0  main.o(.text.main)
    [Anonymous Symbol]                       0x08001328   Section        0  seos.o(.text.seos_init)
    stderr_putchar                           0x08001375   Thumb Code     8  retarget_io.o(.text.stderr_putchar)
    [Anonymous Symbol]                       0x08001374   Section        0  retarget_io.o(.text.stderr_putchar)
    stdout_putchar                           0x0800137d   Thumb Code     8  retarget_io.o(.text.stdout_putchar)
    [Anonymous Symbol]                       0x0800137c   Section        0  retarget_io.o(.text.stdout_putchar)
    i.fputc                                  0x08001384   Section        0  fputc.o(i.fputc)
    .data                                    0x20000000   Section        4  stdio_streams.o(.data)
    .data                                    0x20000004   Section        4  stdio_streams.o(.data)
    .data                                    0x20000008   Section        4  stdio_streams.o(.data)
    .bss                                     0x20000010   Section       84  stdio_streams.o(.bss)
    .bss                                     0x20000064   Section       84  stdio_streams.o(.bss)
    .bss                                     0x200000b8   Section       84  stdio_streams.o(.bss)
    .bss                                     0x2000010c   Section       96  libspace.o(.bss)
    counter_write                            0x20000174   Data           2  seos.o(.bss.counter_write)
    [Anonymous Symbol]                       0x20000174   Section        0  seos.o(.bss.counter_write)
    Heap_Mem                                 0x20000180   Data         512  startup_stm32f10x_ld.o(HEAP)
    HEAP                                     0x20000180   Section      512  startup_stm32f10x_ld.o(HEAP)
    Stack_Mem                                0x20000380   Data        1024  startup_stm32f10x_ld.o(STACK)
    STACK                                    0x20000380   Section     1024  startup_stm32f10x_ld.o(STACK)
    __initial_sp                             0x20000780   Data           0  startup_stm32f10x_ld.o(STACK)

    Global Symbols

    Symbol Name                              Value     Ov Type        Size  Object(Section)

    BuildAttributes$$THM_ISAv4$P$D$K$B$S$PE$A:L22UL41UL21$X:L11$S22US41US21$IEEE1$IW$~IW$USESV6$~STKCKD$USESV7$~SHL$OTIME$ROPI$EBA8$UX$STANDARDLIB$REQ8$PRES8$EABIv2 0x00000000   Number         0  anon$$obj.o ABSOLUTE
    __fp_init_empty                          0x00000000   Number         0  fpinit_empty.o ABSOLUTE
    __ARM_exceptions_init                     - Undefined Weak Reference
    __alloca_initialize                       - Undefined Weak Reference
    __arm_preinit_                            - Undefined Weak Reference
    __cpp_initialize__aeabi_                  - Undefined Weak Reference
    __cxa_finalize                            - Undefined Weak Reference
    __rt_locale                               - Undefined Weak Reference
    __sigvec_lookup                           - Undefined Weak Reference
    __user_heap_extent                        - Undefined Weak Reference
    _atexit_init                              - Undefined Weak Reference
    _call_atexit_fns                          - Undefined Weak Reference
    _clock_init                               - Undefined Weak Reference
    _fp_trap_init                             - Undefined Weak Reference
    _fp_trap_shutdown                         - Undefined Weak Reference
    _get_lc_collate                           - Undefined Weak Reference
    _get_lc_ctype                             - Undefined Weak Reference
    _get_lc_monetary                          - Undefined Weak Reference
    _get_lc_numeric                           - Undefined Weak Reference
    _get_lc_time                              - Undefined Weak Reference
    _getenv_init                              - Undefined Weak Reference
    _handle_redirection                       - Undefined Weak Reference
    _mutex_acquire                            - Undefined Weak Reference
    _mutex_free                               - Undefined Weak Reference
    _mutex_release                            - Undefined Weak Reference
    _printf_post_padding                      - Undefined Weak Reference
    _printf_pre_padding                       - Undefined Weak Reference
    _printf_truncate_signed                   - Undefined Weak Reference
    _printf_truncate_unsigned                 - Undefined Weak Reference
    _rand_init                                - Undefined Weak Reference
    _signal_finish                            - Undefined Weak Reference
    _signal_init                              - Undefined Weak Reference
    __Vectors_Size                           0x000000ec   Number         0  startup_stm32f10x_ld.o ABSOLUTE
    __Vectors                                0x08000000   Data           4  startup_stm32f10x_ld.o(RESET)
    __Vectors_End                            0x080000ec   Data           0  startup_stm32f10x_ld.o(RESET)
    __main                                   0x080000ed   Thumb Code     8  __main.o(!!!main)
    __scatterload                            0x080000f5   Thumb Code     0  __scatter.o(!!!scatter)
    __scatterload_rt2                        0x080000f5   Thumb Code    44  __scatter.o(!!!scatter)
    __scatterload_rt2_thumb_only             0x080000f5   Thumb Code     0  __scatter.o(!!!scatter)
    __scatterload_null                       0x08000103   Thumb Code     0  __scatter.o(!!!scatter)
    __scatterload_copy                       0x08000129   Thumb Code    26  __scatter_copy.o(!!handler_copy)
    __scatterload_zeroinit                   0x08000145   Thumb Code    28  __scatter_zi.o(!!handler_zi)
    _printf_d                                0x08000161   Thumb Code     0  _printf_d.o(.ARM.Collect$$_printf_percent$$00000009)
    _printf_percent                          0x08000161   Thumb Code     0  _printf_percent.o(.ARM.Collect$$_printf_percent$$00000000)
    _printf_percent_end                      0x08000167   Thumb Code     0  _printf_percent_end.o(.ARM.Collect$$_printf_percent$$00000017)
    __rt_lib_init                            0x0800016b   Thumb Code     0  libinit.o(.ARM.Collect$$libinit$$00000000)
    __rt_lib_init_fp_1                       0x0800016d   Thumb Code     0  libinit2.o(.ARM.Collect$$libinit$$00000002)
    __rt_lib_init_heap_2                     0x0800016d   Thumb Code     0  libinit2.o(.ARM.Collect$$libinit$$00000005)
    __rt_lib_init_preinit_1                  0x0800016d   Thumb Code     0  libinit2.o(.ARM.Collect$$libinit$$00000004)
    __rt_lib_init_atexit_1                   0x08000175   Thumb Code     0  libinit2.o(.ARM.Collect$$libinit$$0000001B)
    __rt_lib_init_clock_1                    0x08000175   Thumb Code     0  libinit2.o(.ARM.Collect$$libinit$$00000021)
    __rt_lib_init_fp_trap_1                  0x08000175   Thumb Code     0  libinit2.o(.ARM.Collect$$libinit$$0000001F)
    __rt_lib_init_getenv_1                   0x08000175   Thumb Code     0  libinit2.o(.ARM.Collect$$libinit$$00000023)
    __rt_lib_init_heap_1                     0x08000175   Thumb Code     0  libinit2.o(.ARM.Collect$$libinit$$0000000A)
    __rt_lib_init_lc_collate_1               0x08000175   Thumb Code     0  libinit2.o(.ARM.Collect$$libinit$$00000011)
    __rt_lib_init_lc_ctype_1                 0x08000175   Thumb Code     0  libinit2.o(.ARM.Collect$$libinit$$00000013)
    __rt_lib_init_lc_monetary_1              0x08000175   Thumb Code     0  libinit2.o(.ARM.Collect$$libinit$$00000015)
    __rt_lib_init_lc_numeric_1               0x08000175   Thumb Code     0  libinit2.o(.ARM.Collect$$libinit$$00000017)
    __rt_lib_init_lc_time_1                  0x08000175   Thumb Code     0  libinit2.o(.ARM.Collect$$libinit$$00000019)
    __rt_lib_init_rand_1                     0x08000175   Thumb Code     0  libinit2.o(.ARM.Collect$$libinit$$0000000E)
    __rt_lib_init_signal_1                   0x08000175   Thumb Code     0  libinit2.o(.ARM.Collect$$libinit$$0000001D)
    __rt_lib_init_stdio_2                    0x08000175   Thumb Code     0  libinit2.o(.ARM.Collect$$libinit$$00000024)
    __rt_lib_init_user_alloc_1               0x08000175   Thumb Code     0  libinit2.o(.ARM.Collect$$libinit$$0000000C)
    __rt_lib_init_alloca_1                   0x08000179   Thumb Code     0  libinit2.o(.ARM.Collect$$libinit$$0000002E)
    __rt_lib_init_argv_1                     0x08000179   Thumb Code     0  libinit2.o(.ARM.Collect$$libinit$$0000002C)
    __rt_lib_init_cpp_1                      0x08000179   Thumb Code     0  libinit2.o(.ARM.Collect$$libinit$$00000032)
    __rt_lib_init_exceptions_1               0x08000179   Thumb Code     0  libinit2.o(.ARM.Collect$$libinit$$00000030)
    __rt_lib_init_return                     0x08000179   Thumb Code     0  libinit2.o(.ARM.Collect$$libinit$$00000033)
    __rt_lib_init_stdio_1                    0x08000179   Thumb Code     0  libinit2.o(.ARM.Collect$$libinit$$00000025)
    __rt_lib_shutdown                        0x0800017b   Thumb Code     0  libshutdown.o(.ARM.Collect$$libshutdown$$00000000)
    __rt_lib_shutdown_cpp_1                  0x0800017d   Thumb Code     0  libshutdown2.o(.ARM.Collect$$libshutdown$$00000002)
    __rt_lib_shutdown_stdio_2                0x0800017d   Thumb Code     0  libshutdown2.o(.ARM.Collect$$libshutdown$$00000003)
    __rt_lib_shutdown_fp_trap_1              0x08000181   Thumb Code     0  libshutdown2.o(.ARM.Collect$$libshutdown$$00000007)
    __rt_lib_shutdown_heap_1                 0x08000181   Thumb Code     0  libshutdown2.o(.ARM.Collect$$libshutdown$$0000000F)
    __rt_lib_shutdown_return                 0x08000181   Thumb Code     0  libshutdown2.o(.ARM.Collect$$libshutdown$$00000010)
    __rt_lib_shutdown_signal_1               0x08000181   Thumb Code     0  libshutdown2.o(.ARM.Collect$$libshutdown$$0000000A)
    __rt_lib_shutdown_stdio_1                0x08000181   Thumb Code     0  libshutdown2.o(.ARM.Collect$$libshutdown$$00000004)
    __rt_lib_shutdown_user_alloc_1           0x08000181   Thumb Code     0  libshutdown2.o(.ARM.Collect$$libshutdown$$0000000C)
    __rt_entry                               0x08000183   Thumb Code     0  __rtentry.o(.ARM.Collect$$rtentry$$00000000)
    __rt_entry_presh_1                       0x08000183   Thumb Code     0  __rtentry2.o(.ARM.Collect$$rtentry$$00000002)
    __rt_entry_sh                            0x08000183   Thumb Code     0  __rtentry4.o(.ARM.Collect$$rtentry$$00000004)
    __rt_entry_li                            0x08000189   Thumb Code     0  __rtentry2.o(.ARM.Collect$$rtentry$$0000000A)
    __rt_entry_postsh_1                      0x08000189   Thumb Code     0  __rtentry2.o(.ARM.Collect$$rtentry$$00000009)
    __rt_entry_main                          0x0800018d   Thumb Code     0  __rtentry2.o(.ARM.Collect$$rtentry$$0000000D)
    __rt_entry_postli_1                      0x0800018d   Thumb Code     0  __rtentry2.o(.ARM.Collect$$rtentry$$0000000C)
    __rt_exit                                0x08000195   Thumb Code     0  rtexit.o(.ARM.Collect$$rtexit$$00000000)
    __rt_exit_ls                             0x08000197   Thumb Code     0  rtexit2.o(.ARM.Collect$$rtexit$$00000003)
    __rt_exit_prels_1                        0x08000197   Thumb Code     0  rtexit2.o(.ARM.Collect$$rtexit$$00000002)
    __rt_exit_exit                           0x0800019b   Thumb Code     0  rtexit2.o(.ARM.Collect$$rtexit$$00000004)
    Reset_Handler                            0x080001a1   Thumb Code     8  startup_stm32f10x_ld.o(.text)
    NMI_Handler                              0x080001a9   Thumb Code     2  startup_stm32f10x_ld.o(.text)
    HardFault_Handler                        0x080001ab   Thumb Code     2  startup_stm32f10x_ld.o(.text)
    MemManage_Handler                        0x080001ad   Thumb Code     2  startup_stm32f10x_ld.o(.text)
    BusFault_Handler                         0x080001af   Thumb Code     2  startup_stm32f10x_ld.o(.text)
    UsageFault_Handler                       0x080001b1   Thumb Code     2  startup_stm32f10x_ld.o(.text)
    SVC_Handler                              0x080001b3   Thumb Code     2  startup_stm32f10x_ld.o(.text)
    DebugMon_Handler                         0x080001b5   Thumb Code     2  startup_stm32f10x_ld.o(.text)
    PendSV_Handler                           0x080001b7   Thumb Code     2  startup_stm32f10x_ld.o(.text)
    CAN1_RX1_IRQHandler                      0x080001bb   Thumb Code     0  startup_stm32f10x_ld.o(.text)
    CAN1_SCE_IRQHandler                      0x080001bb   Thumb Code     0  startup_stm32f10x_ld.o(.text)
    DMA1_Channel1_IRQHandler                 0x080001bb   Thumb Code     0  startup_stm32f10x_ld.o(.text)
    DMA1_Channel2_IRQHandler                 0x080001bb   Thumb Code     0  startup_stm32f10x_ld.o(.text)
    DMA1_Channel3_IRQHandler                 0x080001bb   Thumb Code     0  startup_stm32f10x_ld.o(.text)
    DMA1_Channel4_IRQHandler                 0x080001bb   Thumb Code     0  startup_stm32f10x_ld.o(.text)
    DMA1_Channel5_IRQHandler                 0x080001bb   Thumb Code     0  startup_stm32f10x_ld.o(.text)
    DMA1_Channel6_IRQHandler                 0x080001bb   Thumb Code     0  startup_stm32f10x_ld.o(.text)
    DMA1_Channel7_IRQHandler                 0x080001bb   Thumb Code     0  startup_stm32f10x_ld.o(.text)
    EXTI0_IRQHandler                         0x080001bb   Thumb Code     0  startup_stm32f10x_ld.o(.text)
    EXTI15_10_IRQHandler                     0x080001bb   Thumb Code     0  startup_stm32f10x_ld.o(.text)
    EXTI1_IRQHandler                         0x080001bb   Thumb Code     0  startup_stm32f10x_ld.o(.text)
    EXTI2_IRQHandler                         0x080001bb   Thumb Code     0  startup_stm32f10x_ld.o(.text)
    EXTI3_IRQHandler                         0x080001bb   Thumb Code     0  startup_stm32f10x_ld.o(.text)
    EXTI4_IRQHandler                         0x080001bb   Thumb Code     0  startup_stm32f10x_ld.o(.text)
    EXTI9_5_IRQHandler                       0x080001bb   Thumb Code     0  startup_stm32f10x_ld.o(.text)
    FLASH_IRQHandler                         0x080001bb   Thumb Code     0  startup_stm32f10x_ld.o(.text)
    I2C1_ER_IRQHandler                       0x080001bb   Thumb Code     0  startup_stm32f10x_ld.o(.text)
    I2C1_EV_IRQHandler                       0x080001bb   Thumb Code     0  startup_stm32f10x_ld.o(.text)
    PVD_IRQHandler                           0x080001bb   Thumb Code     0  startup_stm32f10x_ld.o(.text)
    RCC_IRQHandler                           0x080001bb   Thumb Code     0  startup_stm32f10x_ld.o(.text)
    RTCAlarm_IRQHandler                      0x080001bb   Thumb Code     0  startup_stm32f10x_ld.o(.text)
    RTC_IRQHandler                           0x080001bb   Thumb Code     0  startup_stm32f10x_ld.o(.text)
    SPI1_IRQHandler                          0x080001bb   Thumb Code     0  startup_stm32f10x_ld.o(.text)
    TAMPER_IRQHandler                        0x080001bb   Thumb Code     0  startup_stm32f10x_ld.o(.text)
    TIM1_BRK_IRQHandler                      0x080001bb   Thumb Code     0  startup_stm32f10x_ld.o(.text)
    TIM1_CC_IRQHandler                       0x080001bb   Thumb Code     0  startup_stm32f10x_ld.o(.text)
    TIM1_TRG_COM_IRQHandler                  0x080001bb   Thumb Code     0  startup_stm32f10x_ld.o(.text)
    TIM1_UP_IRQHandler                       0x080001bb   Thumb Code     0  startup_stm32f10x_ld.o(.text)
    TIM2_IRQHandler                          0x080001bb   Thumb Code     0  startup_stm32f10x_ld.o(.text)
    TIM3_IRQHandler                          0x080001bb   Thumb Code     0  startup_stm32f10x_ld.o(.text)
    USART1_IRQHandler                        0x080001bb   Thumb Code     0  startup_stm32f10x_ld.o(.text)
    USART2_IRQHandler                        0x080001bb   Thumb Code     0  startup_stm32f10x_ld.o(.text)
    USBWakeUp_IRQHandler                     0x080001bb   Thumb Code     0  startup_stm32f10x_ld.o(.text)
    USB_HP_CAN1_TX_IRQHandler                0x080001bb   Thumb Code     0  startup_stm32f10x_ld.o(.text)
    USB_LP_CAN1_RX0_IRQHandler               0x080001bb   Thumb Code     0  startup_stm32f10x_ld.o(.text)
    WWDG_IRQHandler                          0x080001bb   Thumb Code     0  startup_stm32f10x_ld.o(.text)
    __user_initial_stackheap                 0x080001bd   Thumb Code     0  startup_stm32f10x_ld.o(.text)
    __2printf                                0x080001e1   Thumb Code    20  noretval__2printf.o(.text)
    __printf                                 0x080001f9   Thumb Code   104  __printf.o(.text)
    _printf_int_dec                          0x08000261   Thumb Code   104  _printf_dec.o(.text)
    strcmp                                   0x080002d9   Thumb Code   128  strcmpv7m.o(.text)
    __use_two_region_memory                  0x08000359   Thumb Code     2  heapauxi.o(.text)
    __rt_heap_escrow                         0x0800035b   Thumb Code     2  heapauxi.o(.text)
    __rt_heap_expand                         0x0800035d   Thumb Code     2  heapauxi.o(.text)
    _printf_int_common                       0x0800035f   Thumb Code   178  _printf_intcommon.o(.text)
    _printf_char_file                        0x08000411   Thumb Code    32  _printf_char_file.o(.text)
    _printf_char_common                      0x0800043f   Thumb Code    32  _printf_char_common.o(.text)
    ferror                                   0x08000465   Thumb Code     8  ferror.o(.text)
    _initio                                  0x0800046d   Thumb Code   210  initio.o(.text)
    _terminateio                             0x0800053f   Thumb Code    56  initio.o(.text)
    __user_setup_stackheap                   0x080005a5   Thumb Code    74  sys_stackheap_outer.o(.text)
    free                                     0x080005ef   Thumb Code    78  h1_free.o(.text)
    __flsbuf                                 0x0800063d   Thumb Code   470  flsbuf.o(.text)
    __flsbuf_byte                            0x0800063d   Thumb Code     0  flsbuf.o(.text)
    __flsbuf_wide                            0x0800063d   Thumb Code     0  flsbuf.o(.text)
    setvbuf                                  0x08000813   Thumb Code    70  setvbuf.o(.text)
    freopen                                  0x08000859   Thumb Code   160  fopen.o(.text)
    fopen                                    0x080008f9   Thumb Code    74  fopen.o(.text)
    _fclose_internal                         0x08000949   Thumb Code    76  fclose.o(.text)
    fclose                                   0x08000949   Thumb Code     0  fclose.o(.text)
    exit                                     0x08000995   Thumb Code    18  exit.o(.text)
    __rt_SIGRTRED                            0x080009a7   Thumb Code    14  defsig_rtred_outer.o(.text)
    __aeabi_memclr4                          0x080009b5   Thumb Code     0  rt_memclr_w.o(.text)
    __aeabi_memclr8                          0x080009b5   Thumb Code     0  rt_memclr_w.o(.text)
    __rt_memclr_w                            0x080009b5   Thumb Code     0  rt_memclr_w.o(.text)
    _memset_w                                0x080009b9   Thumb Code    74  rt_memclr_w.o(.text)
    __user_libspace                          0x08000a05   Thumb Code     8  libspace.o(.text)
    __user_perproc_libspace                  0x08000a05   Thumb Code     0  libspace.o(.text)
    __user_perthread_libspace                0x08000a05   Thumb Code     0  libspace.o(.text)
    __rt_heap_descriptor                     0x08000a0d   Thumb Code     8  rt_heap_descriptor_intlibspace.o(.text)
    __use_no_heap                            0x08000a15   Thumb Code     2  hguard.o(.text)
    __heap$guard                             0x08000a17   Thumb Code     2  hguard.o(.text)
    _terminate_user_alloc                    0x08000a19   Thumb Code     2  init_alloc.o(.text)
    _init_user_alloc                         0x08000a1b   Thumb Code     2  init_alloc.o(.text)
    __Heap_Full                              0x08000a1d   Thumb Code    34  init_alloc.o(.text)
    __Heap_Broken                            0x08000a3f   Thumb Code     6  init_alloc.o(.text)
    _init_alloc                              0x08000a45   Thumb Code    94  init_alloc.o(.text)
    malloc                                   0x08000aa3   Thumb Code    94  h1_alloc.o(.text)
    _fseek                                   0x08000b01   Thumb Code   242  fseek.o(.text)
    fseek                                    0x08000b01   Thumb Code     0  fseek.o(.text)
    _seterr                                  0x08000bf9   Thumb Code    20  stdio.o(.text)
    _writebuf                                0x08000c0d   Thumb Code    84  stdio.o(.text)
    _fflush                                  0x08000c61   Thumb Code    70  stdio.o(.text)
    _deferredlazyseek                        0x08000ca7   Thumb Code    60  stdio.o(.text)
    __sig_exit                               0x08000ce9   Thumb Code    10  defsig_exit.o(.text)
    __rt_SIGRTRED_inner                      0x08000cf5   Thumb Code    14  defsig_rtred_inner.o(.text)
    _sys_exit                                0x08000d29   Thumb Code     8  sys_exit.o(.text)
    __Heap_Initialize                        0x08000d35   Thumb Code    10  h1_init.o(.text)
    _maybe_terminate_alloc                   0x08000d35   Thumb Code     0  maybetermalloc1.o(.text)
    __Heap_DescSize                          0x08000d3f   Thumb Code     4  h1_init.o(.text)
    __Heap_ProvideMemory                     0x08000d43   Thumb Code    52  h1_extend.o(.text)
    _ftell_internal                          0x08000d77   Thumb Code    66  ftell.o(.text)
    ftell                                    0x08000d77   Thumb Code     0  ftell.o(.text)
    __default_signal_display                 0x08000db9   Thumb Code    50  defsig_general.o(.text)
    __rt_SIGRTMEM                            0x08000deb   Thumb Code    14  defsig_rtmem_outer.o(.text)
    _ttywrch                                 0x08000df9   Thumb Code    14  sys_wrch.o(.text)
    __I$use$semihosting                      0x08000e07   Thumb Code     0  use_no_semi.o(.text)
    __use_no_semihosting_swi                 0x08000e07   Thumb Code     2  use_no_semi.o(.text)
    __aeabi_errno_addr                       0x08000e09   Thumb Code     8  rt_errno_addr_intlibspace.o(.text)
    __errno$intlibspace                      0x08000e09   Thumb Code     0  rt_errno_addr_intlibspace.o(.text)
    __rt_errno_addr$intlibspace              0x08000e09   Thumb Code     0  rt_errno_addr_intlibspace.o(.text)
    __semihosting_library_function           0x08000e09   Thumb Code     0  indicate_semi.o(.text)
    __rt_SIGRTMEM_inner                      0x08000e11   Thumb Code    22  defsig_rtmem_inner.o(.text)
    ADC1_2_IRQHandler                        0x08000e61   Thumb Code    34  rc_meter.o(.text.ADC1_2_IRQHandler)
    DATAMANAGER_Init                         0x08000e85   Thumb Code     2  data_manager.o(.text.DATAMANAGER_Init)
    DATAMANAGER_LRCread                      0x08000e89   Thumb Code     8  data_manager.o(.text.DATAMANAGER_LRCread)
    DATAMANAGER_RCread                       0x08000e91   Thumb Code     8  data_manager.o(.text.DATAMANAGER_RCread)
    DATAMANAGER_Start                        0x08000e99   Thumb Code    14  data_manager.o(.text.DATAMANAGER_Start)
    DATAMANAGER_Write                        0x08000ea9   Thumb Code    16  data_manager.o(.text.DATAMANAGER_Write)
    ITM_SendChar                             0x08000ec1   Thumb Code    46  retarget_io.o(.text.ITM_SendChar)
    LCD_Init                                 0x08000ef1   Thumb Code   104  lcd.o(.text.LCD_Init)
    LCD_sendCommand                          0x08000f59   Thumb Code    54  lcd.o(.text.LCD_sendCommand)
    LRC_GetInductance                        0x08000f91   Thumb Code    12  lrc_meter.o(.text.LRC_GetInductance)
    LRC_Init                                 0x08000f9d   Thumb Code    14  lrc_meter.o(.text.LRC_Init)
    LRC_StartConvertion                      0x08000fad   Thumb Code     2  lrc_meter.o(.text.LRC_StartConvertion)
    RC_GetCapacitance                        0x08000fb1   Thumb Code    12  rc_meter.o(.text.RC_GetCapacitance)
    RC_Init                                  0x08000fbd   Thumb Code    80  rc_meter.o(.text.RC_Init)
    RC_StartConvertion                       0x0800100d   Thumb Code    38  rc_meter.o(.text.RC_StartConvertion)
    SEOS_Boot                                0x08001035   Thumb Code    32  seos.o(.text.SEOS_Boot)
    SEOS_Dispatch                            0x08001055   Thumb Code    66  seos.o(.text.SEOS_Dispatch)
    SEOS_Schedule                            0x08001099   Thumb Code    40  seos.o(.text.SEOS_Schedule)
    SEOS_Sleep                               0x080010c1   Thumb Code     4  seos.o(.text.SEOS_Sleep)
    SysTick_Handler                          0x080011b1   Thumb Code     8  seos.o(.text.SysTick_Handler)
    SystemInit                               0x080011b9   Thumb Code    86  system_stm32f10x.o(.text.SystemInit)
    _sys_close                               0x08001231   Thumb Code    18  retarget_io.o(.text._sys_close)
    _sys_flen                                0x08001245   Thumb Code     4  retarget_io.o(.text._sys_flen)
    _sys_istty                               0x08001249   Thumb Code    16  retarget_io.o(.text._sys_istty)
    _sys_open                                0x08001259   Thumb Code    76  retarget_io.o(.text._sys_open)
    _sys_seek                                0x080012bd   Thumb Code     6  retarget_io.o(.text._sys_seek)
    _sys_write                               0x080012c5   Thumb Code    66  retarget_io.o(.text._sys_write)
    enableInterrupts                         0x08001309   Thumb Code    14  rc_meter.o(.text.enableInterrupts)
    main                                     0x08001319   Thumb Code    14  main.o(.text.main)
    seos_init                                0x08001329   Thumb Code    76  seos.o(.text.seos_init)
    fputc                                    0x08001385   Thumb Code    26  fputc.o(i.fputc)
    __stderr_name                            0x0800139e   Data           8  retarget_io.o(.rodata.__stderr_name)
    __stdin_name                             0x080013a6   Data           7  retarget_io.o(.rodata.__stdin_name)
    __stdout_name                            0x080013ad   Data           8  retarget_io.o(.rodata.__stdout_name)
    Region$$Table$$Base                      0x080013b8   Number         0  anon$$obj.o(Region$$Table)
    Region$$Table$$Limit                     0x080013d8   Number         0  anon$$obj.o(Region$$Table)
    __aeabi_stdin                            0x20000000   Data           4  stdio_streams.o(.data)
    __aeabi_stdout                           0x20000004   Data           4  stdio_streams.o(.data)
    __aeabi_stderr                           0x20000008   Data           4  stdio_streams.o(.data)
    SystemCoreClock                          0x2000000c   Data           4  system_stm32f10x.o(.data.SystemCoreClock)
    __stdin                                  0x20000010   Data          84  stdio_streams.o(.bss)
    __stdout                                 0x20000064   Data          84  stdio_streams.o(.bss)
    __stderr                                 0x200000b8   Data          84  stdio_streams.o(.bss)
    __libspace_start                         0x2000010c   Data          96  libspace.o(.bss)
    Flag_LRC                                 0x2000016c   Data           1  main.o(.bss.Flag_LRC)
    __temporary_stack_top$libspace           0x2000016c   Data           0  libspace.o(.bss)
    Flag_RC                                  0x2000016d   Data           1  main.o(.bss.Flag_RC)
    Flag_write                               0x2000016e   Data           1  main.o(.bss.Flag_write)
    adc_result                               0x20000170   Data           4  rc_meter.o(.bss.adc_result)
    result                                   0x20000178   Data           4  lrc_meter.o(.bss.result)



==============================================================================

Memory Map of the image

  Image Entry point : 0x080001a1

  Load Region LR_1 (Base: 0x08000000, Size: 0x000013e8, Max: 0xffffffff, ABSOLUTE)

    Execution Region ER_RO (Exec base: 0x08000000, Load base: 0x08000000, Size: 0x000013d8, Max: 0xffffffff, ABSOLUTE)

    Exec Addr    Load Addr    Size         Type   Attr      Idx    E Section Name        Object

    0x08000000   0x08000000   0x000000ec   Data   RO          163    RESET               startup_stm32f10x_ld.o
    0x080000ec   0x080000ec   0x00000008   Code   RO          224  * !!!main             c_w.l(__main.o)
    0x080000f4   0x080000f4   0x00000034   Code   RO          572    !!!scatter          c_w.l(__scatter.o)
    0x08000128   0x08000128   0x0000001a   Code   RO          574    !!handler_copy      c_w.l(__scatter_copy.o)
    0x08000142   0x08000142   0x00000002   PAD
    0x08000144   0x08000144   0x0000001c   Code   RO          576    !!handler_zi        c_w.l(__scatter_zi.o)
    0x08000160   0x08000160   0x00000000   Code   RO          219    .ARM.Collect$$_printf_percent$$00000000  c_w.l(_printf_percent.o)
    0x08000160   0x08000160   0x00000006   Code   RO          218    .ARM.Collect$$_printf_percent$$00000009  c_w.l(_printf_d.o)
    0x08000166   0x08000166   0x00000004   Code   RO          231    .ARM.Collect$$_printf_percent$$00000017  c_w.l(_printf_percent_end.o)
    0x0800016a   0x0800016a   0x00000002   Code   RO          357    .ARM.Collect$$libinit$$00000000  c_w.l(libinit.o)
    0x0800016c   0x0800016c   0x00000000   Code   RO          359    .ARM.Collect$$libinit$$00000002  c_w.l(libinit2.o)
    0x0800016c   0x0800016c   0x00000000   Code   RO          361    .ARM.Collect$$libinit$$00000004  c_w.l(libinit2.o)
    0x0800016c   0x0800016c   0x00000008   Code   RO          362    .ARM.Collect$$libinit$$00000005  c_w.l(libinit2.o)
    0x08000174   0x08000174   0x00000000   Code   RO          364    .ARM.Collect$$libinit$$0000000A  c_w.l(libinit2.o)
    0x08000174   0x08000174   0x00000000   Code   RO          366    .ARM.Collect$$libinit$$0000000C  c_w.l(libinit2.o)
    0x08000174   0x08000174   0x00000000   Code   RO          368    .ARM.Collect$$libinit$$0000000E  c_w.l(libinit2.o)
    0x08000174   0x08000174   0x00000000   Code   RO          371    .ARM.Collect$$libinit$$00000011  c_w.l(libinit2.o)
    0x08000174   0x08000174   0x00000000   Code   RO          373    .ARM.Collect$$libinit$$00000013  c_w.l(libinit2.o)
    0x08000174   0x08000174   0x00000000   Code   RO          375    .ARM.Collect$$libinit$$00000015  c_w.l(libinit2.o)
    0x08000174   0x08000174   0x00000000   Code   RO          377    .ARM.Collect$$libinit$$00000017  c_w.l(libinit2.o)
    0x08000174   0x08000174   0x00000000   Code   RO          379    .ARM.Collect$$libinit$$00000019  c_w.l(libinit2.o)
    0x08000174   0x08000174   0x00000000   Code   RO          381    .ARM.Collect$$libinit$$0000001B  c_w.l(libinit2.o)
    0x08000174   0x08000174   0x00000000   Code   RO          383    .ARM.Collect$$libinit$$0000001D  c_w.l(libinit2.o)
    0x08000174   0x08000174   0x00000000   Code   RO          385    .ARM.Collect$$libinit$$0000001F  c_w.l(libinit2.o)
    0x08000174   0x08000174   0x00000000   Code   RO          387    .ARM.Collect$$libinit$$00000021  c_w.l(libinit2.o)
    0x08000174   0x08000174   0x00000000   Code   RO          389    .ARM.Collect$$libinit$$00000023  c_w.l(libinit2.o)
    0x08000174   0x08000174   0x00000004   Code   RO          390    .ARM.Collect$$libinit$$00000024  c_w.l(libinit2.o)
    0x08000178   0x08000178   0x00000000   Code   RO          391    .ARM.Collect$$libinit$$00000025  c_w.l(libinit2.o)
    0x08000178   0x08000178   0x00000000   Code   RO          395    .ARM.Collect$$libinit$$0000002C  c_w.l(libinit2.o)
    0x08000178   0x08000178   0x00000000   Code   RO          397    .ARM.Collect$$libinit$$0000002E  c_w.l(libinit2.o)
    0x08000178   0x08000178   0x00000000   Code   RO          399    .ARM.Collect$$libinit$$00000030  c_w.l(libinit2.o)
    0x08000178   0x08000178   0x00000000   Code   RO          401    .ARM.Collect$$libinit$$00000032  c_w.l(libinit2.o)
    0x08000178   0x08000178   0x00000002   Code   RO          402    .ARM.Collect$$libinit$$00000033  c_w.l(libinit2.o)
    0x0800017a   0x0800017a   0x00000002   Code   RO          551    .ARM.Collect$$libshutdown$$00000000  c_w.l(libshutdown.o)
    0x0800017c   0x0800017c   0x00000000   Code   RO          404    .ARM.Collect$$libshutdown$$00000002  c_w.l(libshutdown2.o)
    0x0800017c   0x0800017c   0x00000004   Code   RO          405    .ARM.Collect$$libshutdown$$00000003  c_w.l(libshutdown2.o)
    0x08000180   0x08000180   0x00000000   Code   RO          406    .ARM.Collect$$libshutdown$$00000004  c_w.l(libshutdown2.o)
    0x08000180   0x08000180   0x00000000   Code   RO          409    .ARM.Collect$$libshutdown$$00000007  c_w.l(libshutdown2.o)
    0x08000180   0x08000180   0x00000000   Code   RO          412    .ARM.Collect$$libshutdown$$0000000A  c_w.l(libshutdown2.o)
    0x08000180   0x08000180   0x00000000   Code   RO          414    .ARM.Collect$$libshutdown$$0000000C  c_w.l(libshutdown2.o)
    0x08000180   0x08000180   0x00000000   Code   RO          417    .ARM.Collect$$libshutdown$$0000000F  c_w.l(libshutdown2.o)
    0x08000180   0x08000180   0x00000002   Code   RO          418    .ARM.Collect$$libshutdown$$00000010  c_w.l(libshutdown2.o)
    0x08000182   0x08000182   0x00000000   Code   RO          226    .ARM.Collect$$rtentry$$00000000  c_w.l(__rtentry.o)
    0x08000182   0x08000182   0x00000000   Code   RO          239    .ARM.Collect$$rtentry$$00000002  c_w.l(__rtentry2.o)
    0x08000182   0x08000182   0x00000006   Code   RO          251    .ARM.Collect$$rtentry$$00000004  c_w.l(__rtentry4.o)
    0x08000188   0x08000188   0x00000000   Code   RO          241    .ARM.Collect$$rtentry$$00000009  c_w.l(__rtentry2.o)
    0x08000188   0x08000188   0x00000004   Code   RO          242    .ARM.Collect$$rtentry$$0000000A  c_w.l(__rtentry2.o)
    0x0800018c   0x0800018c   0x00000000   Code   RO          244    .ARM.Collect$$rtentry$$0000000C  c_w.l(__rtentry2.o)
    0x0800018c   0x0800018c   0x00000008   Code   RO          245    .ARM.Collect$$rtentry$$0000000D  c_w.l(__rtentry2.o)
    0x08000194   0x08000194   0x00000002   Code   RO          424    .ARM.Collect$$rtexit$$00000000  c_w.l(rtexit.o)
    0x08000196   0x08000196   0x00000000   Code   RO          480    .ARM.Collect$$rtexit$$00000002  c_w.l(rtexit2.o)
    0x08000196   0x08000196   0x00000004   Code   RO          481    .ARM.Collect$$rtexit$$00000003  c_w.l(rtexit2.o)
    0x0800019a   0x0800019a   0x00000006   Code   RO          482    .ARM.Collect$$rtexit$$00000004  c_w.l(rtexit2.o)
    0x080001a0   0x080001a0   0x00000040   Code   RO          164  * .text               startup_stm32f10x_ld.o
    0x080001e0   0x080001e0   0x00000018   Code   RO          192    .text               c_w.l(noretval__2printf.o)
    0x080001f8   0x080001f8   0x00000068   Code   RO          194    .text               c_w.l(__printf.o)
    0x08000260   0x08000260   0x00000078   Code   RO          196    .text               c_w.l(_printf_dec.o)
    0x080002d8   0x080002d8   0x00000080   Code   RO          220    .text               c_w.l(strcmpv7m.o)
    0x08000358   0x08000358   0x00000006   Code   RO          222    .text               c_w.l(heapauxi.o)
    0x0800035e   0x0800035e   0x000000b2   Code   RO          227    .text               c_w.l(_printf_intcommon.o)
    0x08000410   0x08000410   0x00000024   Code   RO          229    .text               c_w.l(_printf_char_file.o)
    0x08000434   0x08000434   0x00000030   Code   RO          253    .text               c_w.l(_printf_char_common.o)
    0x08000464   0x08000464   0x00000008   Code   RO          255    .text               c_w.l(ferror.o)
    0x0800046c   0x0800046c   0x00000138   Code   RO          261    .text               c_w.l(initio.o)
    0x080005a4   0x080005a4   0x0000004a   Code   RO          271    .text               c_w.l(sys_stackheap_outer.o)
    0x080005ee   0x080005ee   0x0000004e   Code   RO          275    .text               c_w.l(h1_free.o)
    0x0800063c   0x0800063c   0x000001d6   Code   RO          331    .text               c_w.l(flsbuf.o)
    0x08000812   0x08000812   0x00000046   Code   RO          333    .text               c_w.l(setvbuf.o)
    0x08000858   0x08000858   0x000000f0   Code   RO          336    .text               c_w.l(fopen.o)
    0x08000948   0x08000948   0x0000004c   Code   RO          338    .text               c_w.l(fclose.o)
    0x08000994   0x08000994   0x00000012   Code   RO          344    .text               c_w.l(exit.o)
    0x080009a6   0x080009a6   0x0000000e   Code   RO          346    .text               c_w.l(defsig_rtred_outer.o)
    0x080009b4   0x080009b4   0x0000004e   Code   RO          350    .text               c_w.l(rt_memclr_w.o)
    0x08000a02   0x08000a02   0x00000002   PAD
    0x08000a04   0x08000a04   0x00000008   Code   RO          421    .text               c_w.l(libspace.o)
    0x08000a0c   0x08000a0c   0x00000008   Code   RO          431    .text               c_w.l(rt_heap_descriptor_intlibspace.o)
    0x08000a14   0x08000a14   0x00000004   Code   RO          433    .text               c_w.l(hguard.o)
    0x08000a18   0x08000a18   0x0000008a   Code   RO          435    .text               c_w.l(init_alloc.o)
    0x08000aa2   0x08000aa2   0x0000005e   Code   RO          441    .text               c_w.l(h1_alloc.o)
    0x08000b00   0x08000b00   0x000000f8   Code   RO          455    .text               c_w.l(fseek.o)
    0x08000bf8   0x08000bf8   0x000000f0   Code   RO          457    .text               c_w.l(stdio.o)
    0x08000ce8   0x08000ce8   0x0000000a   Code   RO          463    .text               c_w.l(defsig_exit.o)
    0x08000cf2   0x08000cf2   0x00000002   PAD
    0x08000cf4   0x08000cf4   0x00000034   Code   RO          465    .text               c_w.l(defsig_rtred_inner.o)
    0x08000d28   0x08000d28   0x0000000c   Code   RO          475    .text               c_w.l(sys_exit.o)
    0x08000d34   0x08000d34   0x00000000   Code   RO          486    .text               c_w.l(maybetermalloc1.o)
    0x08000d34   0x08000d34   0x0000000e   Code   RO          488    .text               c_w.l(h1_init.o)
    0x08000d42   0x08000d42   0x00000034   Code   RO          490    .text               c_w.l(h1_extend.o)
    0x08000d76   0x08000d76   0x00000042   Code   RO          500    .text               c_w.l(ftell.o)
    0x08000db8   0x08000db8   0x00000032   Code   RO          508    .text               c_w.l(defsig_general.o)
    0x08000dea   0x08000dea   0x0000000e   Code   RO          510    .text               c_w.l(defsig_rtmem_outer.o)
    0x08000df8   0x08000df8   0x0000000e   Code   RO          525    .text               c_w.l(sys_wrch.o)
    0x08000e06   0x08000e06   0x00000002   Code   RO          533    .text               c_w.l(use_no_semi.o)
    0x08000e08   0x08000e08   0x00000000   Code   RO          535    .text               c_w.l(indicate_semi.o)
    0x08000e08   0x08000e08   0x00000008   Code   RO          539    .text               c_w.l(rt_errno_addr_intlibspace.o)
    0x08000e10   0x08000e10   0x00000050   Code   RO          545    .text               c_w.l(defsig_rtmem_inner.o)
    0x08000e60   0x08000e60   0x00000022   Code   RO           65    .text.ADC1_2_IRQHandler  rc_meter.o
    0x08000e82   0x08000e82   0x00000002   PAD
    0x08000e84   0x08000e84   0x00000002   Code   RO            2    .text.DATAMANAGER_Init  data_manager.o
    0x08000e86   0x08000e86   0x00000002   PAD
    0x08000e88   0x08000e88   0x00000008   Code   RO            8    .text.DATAMANAGER_LRCread  data_manager.o
    0x08000e90   0x08000e90   0x00000008   Code   RO            6    .text.DATAMANAGER_RCread  data_manager.o
    0x08000e98   0x08000e98   0x0000000e   Code   RO            4    .text.DATAMANAGER_Start  data_manager.o
    0x08000ea6   0x08000ea6   0x00000002   PAD
    0x08000ea8   0x08000ea8   0x00000018   Code   RO           10    .text.DATAMANAGER_Write  data_manager.o
    0x08000ec0   0x08000ec0   0x0000002e   Code   RO          126    .text.ITM_SendChar  retarget_io.o
    0x08000eee   0x08000eee   0x00000002   PAD
    0x08000ef0   0x08000ef0   0x00000068   Code   RO           19    .text.LCD_Init      lcd.o
    0x08000f58   0x08000f58   0x00000036   Code   RO           23    .text.LCD_sendCommand  lcd.o
    0x08000f8e   0x08000f8e   0x00000002   PAD
    0x08000f90   0x08000f90   0x0000000c   Code   RO           43    .text.LRC_GetInductance  lrc_meter.o
    0x08000f9c   0x08000f9c   0x0000000e   Code   RO           39    .text.LRC_Init      lrc_meter.o
    0x08000faa   0x08000faa   0x00000002   PAD
    0x08000fac   0x08000fac   0x00000002   Code   RO           41    .text.LRC_StartConvertion  lrc_meter.o
    0x08000fae   0x08000fae   0x00000002   PAD
    0x08000fb0   0x08000fb0   0x0000000c   Code   RO           77    .text.RC_GetCapacitance  rc_meter.o
    0x08000fbc   0x08000fbc   0x00000050   Code   RO           67    .text.RC_Init       rc_meter.o
    0x0800100c   0x0800100c   0x00000026   Code   RO           73    .text.RC_StartConvertion  rc_meter.o
    0x08001032   0x08001032   0x00000002   PAD
    0x08001034   0x08001034   0x00000020   Code   RO           96    .text.SEOS_Boot     seos.o
    0x08001054   0x08001054   0x00000042   Code   RO           98    .text.SEOS_Dispatch  seos.o
    0x08001096   0x08001096   0x00000002   PAD
    0x08001098   0x08001098   0x00000028   Code   RO           90    .text.SEOS_Schedule  seos.o
    0x080010c0   0x080010c0   0x00000004   Code   RO          100    .text.SEOS_Sleep    seos.o
    0x080010c4   0x080010c4   0x00000008   Code   RO          173    .text.SetSysClock   system_stm32f10x.o
    0x080010cc   0x080010cc   0x000000be   Code   RO          177    .text.SetSysClockTo72  system_stm32f10x.o
    0x0800118a   0x0800118a   0x00000002   PAD
    0x0800118c   0x0800118c   0x00000024   Code   RO           94    .text.SysTick_Config  seos.o
    0x080011b0   0x080011b0   0x00000008   Code   RO           88    .text.SysTick_Handler  seos.o
    0x080011b8   0x080011b8   0x00000056   Code   RO          171    .text.SystemInit    system_stm32f10x.o
    0x0800120e   0x0800120e   0x00000002   PAD
    0x08001210   0x08001210   0x00000010   Code   RO           75    .text.__NVIC_EnableIRQ  rc_meter.o
    0x08001220   0x08001220   0x0000000e   Code   RO          102    .text.__NVIC_SetPriority  seos.o
    0x0800122e   0x0800122e   0x00000002   PAD
    0x08001230   0x08001230   0x00000012   Code   RO          132    .text._sys_close    retarget_io.o
    0x08001242   0x08001242   0x00000002   PAD
    0x08001244   0x08001244   0x00000004   Code   RO          148    .text._sys_flen     retarget_io.o
    0x08001248   0x08001248   0x00000010   Code   RO          144    .text._sys_istty    retarget_io.o
    0x08001258   0x08001258   0x00000064   Code   RO          130    .text._sys_open     retarget_io.o
    0x080012bc   0x080012bc   0x00000006   Code   RO          146    .text._sys_seek     retarget_io.o
    0x080012c2   0x080012c2   0x00000002   PAD
    0x080012c4   0x080012c4   0x00000042   Code   RO          134    .text._sys_write    retarget_io.o
    0x08001306   0x08001306   0x00000002   PAD
    0x08001308   0x08001308   0x0000000e   Code   RO           69    .text.enableInterrupts  rc_meter.o
    0x08001316   0x08001316   0x00000002   PAD
    0x08001318   0x08001318   0x0000000e   Code   RO           53    .text.main          main.o
    0x08001326   0x08001326   0x00000002   PAD
    0x08001328   0x08001328   0x0000004c   Code   RO           92    .text.seos_init     seos.o
    0x08001374   0x08001374   0x00000008   Code   RO          138    .text.stderr_putchar  retarget_io.o
    0x0800137c   0x0800137c   0x00000008   Code   RO          136    .text.stdout_putchar  retarget_io.o
    0x08001384   0x08001384   0x0000001a   Code   RO          258    i.fputc             c_w.l(fputc.o)
    0x0800139e   0x0800139e   0x00000008   Data   RO          153    .rodata.__stderr_name  retarget_io.o
    0x080013a6   0x080013a6   0x00000007   Data   RO          151    .rodata.__stdin_name  retarget_io.o
    0x080013ad   0x080013ad   0x00000008   Data   RO          152    .rodata.__stdout_name  retarget_io.o
    0x080013b5   0x080013b5   0x00000003   PAD
    0x080013b8   0x080013b8   0x00000020   Data   RO          571    Region$$Table       anon$$obj.o


    Execution Region ER_RW (Exec base: 0x20000000, Load base: 0x080013d8, Size: 0x00000010, Max: 0xffffffff, ABSOLUTE)

    Exec Addr    Load Addr    Size         Type   Attr      Idx    E Section Name        Object

    0x20000000   0x080013d8   0x00000004   Data   RW          235    .data               c_w.l(stdio_streams.o)
    0x20000004   0x080013dc   0x00000004   Data   RW          236    .data               c_w.l(stdio_streams.o)
    0x20000008   0x080013e0   0x00000004   Data   RW          237    .data               c_w.l(stdio_streams.o)
    0x2000000c   0x080013e4   0x00000004   Data   RW          179    .data.SystemCoreClock  system_stm32f10x.o


    Execution Region ER_ZI (Exec base: 0x20000010, Load base: 0x080013e8, Size: 0x00000770, Max: 0xffffffff, ABSOLUTE)

    Exec Addr    Load Addr    Size         Type   Attr      Idx    E Section Name        Object

    0x20000010        -       0x00000054   Zero   RW          232    .bss                c_w.l(stdio_streams.o)
    0x20000064        -       0x00000054   Zero   RW          233    .bss                c_w.l(stdio_streams.o)
    0x200000b8        -       0x00000054   Zero   RW          234    .bss                c_w.l(stdio_streams.o)
    0x2000010c        -       0x00000060   Zero   RW          422    .bss                c_w.l(libspace.o)
    0x2000016c        -       0x00000001   Zero   RW           55    .bss.Flag_LRC       main.o
    0x2000016d        -       0x00000001   Zero   RW           56    .bss.Flag_RC        main.o
    0x2000016e        -       0x00000001   Zero   RW           57    .bss.Flag_write     main.o
    0x2000016f   0x080013e8   0x00000001   PAD
    0x20000170        -       0x00000004   Zero   RW           79    .bss.adc_result     rc_meter.o
    0x20000174        -       0x00000002   Zero   RW          104    .bss.counter_write  seos.o
    0x20000176   0x080013e8   0x00000002   PAD
    0x20000178        -       0x00000004   Zero   RW           45    .bss.result         lrc_meter.o
    0x2000017c   0x080013e8   0x00000004   PAD
    0x20000180        -       0x00000200   Zero   RW          162    HEAP                startup_stm32f10x_ld.o
    0x20000380        -       0x00000400   Zero   RW          161    STACK               startup_stm32f10x_ld.o


==============================================================================

Image component sizes


      Code (inc. data)   RO Data    RW Data    ZI Data      Debug   Object Name

        56          8          0          0          0        895   data_manager.o
       158          0          0          0          0       2185   lcd.o
        28          0          0          0          4        712   lrc_meter.o
        14          0          0          0          3        561   main.o
       194          0          0          0          4       3889   rc_meter.o
       272         24         23          0          0       3623   retarget_io.o
       276          0          0          0          2       3894   seos.o
        64         26        236          0       1536        816   startup_stm32f10x_ld.o
       284          0          0          4          0       2846   system_stm32f10x.o

    ----------------------------------------------------------------------
      1380         58        294          4       1556      19421   Object Totals
         0          0         32          0          0          0   (incl. Generated)
        34          0          3          0          7          0   (incl. Padding)

    ----------------------------------------------------------------------

      Code (inc. data)   RO Data    RW Data    ZI Data      Debug   Library Member Name

         8          0          0          0          0         68   __main.o
       104          0          0          0          0         84   __printf.o
         0          0          0          0          0          0   __rtentry.o
        12          0          0          0          0          0   __rtentry2.o
         6          0          0          0          0          0   __rtentry4.o
        52          8          0          0          0          0   __scatter.o
        26          0          0          0          0          0   __scatter_copy.o
        28          0          0          0          0          0   __scatter_zi.o
        48          6          0          0          0         96   _printf_char_common.o
        36          4          0          0          0         80   _printf_char_file.o
         6          0          0          0          0          0   _printf_d.o
       120         16          0          0          0         92   _printf_dec.o
       178          0          0          0          0         88   _printf_intcommon.o
         0          0          0          0          0          0   _printf_percent.o
         4          0          0          0          0          0   _printf_percent_end.o
        10          0          0          0          0         68   defsig_exit.o
        50          0          0          0          0         88   defsig_general.o
        80         58          0          0          0         76   defsig_rtmem_inner.o
        14          0          0          0          0         80   defsig_rtmem_outer.o
        52         38          0          0          0         76   defsig_rtred_inner.o
        14          0          0          0          0         80   defsig_rtred_outer.o
        18          0          0          0          0         80   exit.o
        76          0          0          0          0         88   fclose.o
         8          0          0          0          0         68   ferror.o
       470          0          0          0          0         88   flsbuf.o
       240          6          0          0          0        128   fopen.o
        26          0          0          0          0         68   fputc.o
       248          6          0          0          0         84   fseek.o
        66          0          0          0          0         76   ftell.o
        94          0          0          0          0         80   h1_alloc.o
        52          0          0          0          0         68   h1_extend.o
        78          0          0          0          0         80   h1_free.o
        14          0          0          0          0         84   h1_init.o
         6          0          0          0          0        152   heapauxi.o
         4          0          0          0          0        136   hguard.o
         0          0          0          0          0          0   indicate_semi.o
       138          0          0          0          0        168   init_alloc.o
       312         46          0          0          0        112   initio.o
         2          0          0          0          0          0   libinit.o
        14          0          0          0          0          0   libinit2.o
         2          0          0          0          0          0   libshutdown.o
         6          0          0          0          0          0   libshutdown2.o
         8          4          0          0         96         68   libspace.o
         0          0          0          0          0          0   maybetermalloc1.o
        24          4          0          0          0         84   noretval__2printf.o
         8          4          0          0          0         68   rt_errno_addr_intlibspace.o
         8          4          0          0          0         68   rt_heap_descriptor_intlibspace.o
        78          0          0          0          0         80   rt_memclr_w.o
         2          0          0          0          0          0   rtexit.o
        10          0          0          0          0          0   rtexit2.o
        70          0          0          0          0         80   setvbuf.o
       240          6          0          0          0        156   stdio.o
         0          0          0         12        252          0   stdio_streams.o
       128          0          0          0          0         68   strcmpv7m.o
        12          4          0          0          0         68   sys_exit.o
        74          0          0          0          0         80   sys_stackheap_outer.o
        14          0          0          0          0         76   sys_wrch.o
         2          0          0          0          0         68   use_no_semi.o

    ----------------------------------------------------------------------
      3406        214          0         12        348       3500   Library Totals
         6          0          0          0          0          0   (incl. Padding)

    ----------------------------------------------------------------------

      Code (inc. data)   RO Data    RW Data    ZI Data      Debug   Library Name

      3400        214          0         12        348       3500   c_w.l

    ----------------------------------------------------------------------
      3406        214          0         12        348       3500   Library Totals

    ----------------------------------------------------------------------

==============================================================================


      Code (inc. data)   RO Data    RW Data    ZI Data      Debug   

      4786        272        294         16       1904      20905   Grand Totals
      4786        272        294         16       1904      20905   ELF Image Totals
      4786        272        294         16          0          0   ROM Totals

==============================================================================

    Total RO  Size (Code + RO Data)                 5080 (   4.96kB)
    Total RW  Size (RW Data + ZI Data)              1920 (   1.88kB)
    Total ROM Size (Code + RO Data + RW Data)       5096 (   4.98kB)

==============================================================================

